GW tcp trace

I (1564) main_task: Returned from app_main()
I (8444) wifi:new:<1,0>, old:<1,1>, ap:<1,0>, sta:<255,255>, prof:1, snd_ch_cfg:0x0
I (8444) wifi:station: a4:5e:60:c5:69:75 join, AID=1, bgn, 20
I (8544) wifi:<ba-add>idx:2 (ifx:1, a4:5e:60:c5:69:75), tid:6, ssn:2, winSize:64
I (9564) esp_netif_lwip: DHCP server assigned IP to a client, IP is: 192.168.4.2
I (13764) wifi:<ba-add>idx:3 (ifx:1, a4:5e:60:c5:69:75), tid:0, ssn:0, winSize:64
I (20864) GW_TCP_SERVER: Client connected, sock=37, ip=192.168.4.2, port=62634
I (20864) GW_TCP_SERVER: OTA Server socket set: 37
I (20864) GW_TCP_SERVER: tcp-00-01-process stream json from sock:: 37, role = 1, len = 44  rx_len(before)= 0
I (20874) GW_TCP_SERVER: tcp-00-02-after memcopy buffer appended, new rx_len = 0 , buffers = {"msg_type": "hello", "role": "ota_server"}

I (20884) GW_TCP_SERVER: tcp-00-03-before unlocked, new rx_len = 44 , buffers = {"msg_type": "hello", "role": "ota_server"}

I (20894) GW_TCP_SERVER: tcp-00-04-Rx 44 bytes from client 37 ::{"msg_type": "hello", "role": "ota_server"}
 , 
W (20904) GW_TCP_SERVER: tcp-01-01-Parse loop: start offset = 0,  remain = 44
I (20914) GW_TCP_SERVER: tcp-01-04-Rx JSON from sock 37 :: {"msg_type": "hello", "role": "ota_server"}
I (20924) GW_TCP_SERVER: tcp-02-02-[OTA] Rx msg_type = hello from sock37 
I (20924) GW_TCP_SERVER: tcp-02-03-dispatching to msg_handler : sock = 37.  role = 1,  json= {"msg_type": "hello", "role": "ota_server"}
I (20944) GW_MSG_HANDLER: Processing message from sock 37 (role=1): {"msg_type": "hello", "role": "ota_server"}
I (20954) GW_MSG_HANDLER: OTA server hello received on sock 37
W (20954) GW_TCP_SERVER: tcp-01-01-Parse loop: start offset = 44,  remain = 0
W (20964) GW_TCP_SERVER: tcp-01-02-No newline found, waiting for more data, current buffer =  
I (20974) GW_TCP_SERVER: tcp-03-01-compacting buffer : 0
I (21554) GW_TCP_SERVER: tcp-00-01-process stream json from sock:: 37, role = 1, len = 31  rx_len(before)= 0
I (21554) GW_TCP_SERVER: tcp-00-02-after memcopy buffer appended, new rx_len = 0 , buffers = {"msg_type": "keep_alive_ack"}
ota_server"}

I (21564) GW_TCP_SERVER: tcp-00-03-before unlocked, new rx_len = 31 , buffers = {"msg_type": "keep_alive_ack"}

I (21574) GW_TCP_SERVER: tcp-00-04-Rx 31 bytes from client 37 ::{"msg_type": "keep_alive_ack"}
 , 
W (21584) GW_TCP_SERVER: tcp-01-01-Parse loop: start offset = 0,  remain = 31
I (21584) GW_TCP_SERVER: tcp-01-04-Rx JSON from sock 37 :: {"msg_type": "keep_alive_ack"}
I (21594) GW_TCP_SERVER: tcp-02-01-[OTA] Rx keep_alive_ack from sock: 37
W (21604) GW_TCP_SERVER: tcp-01-01-Parse loop: start offset = 31,  remain = 0
W (21614) GW_TCP_SERVER: tcp-01-02-No newline found, waiting for more data, current buffer =  
I (21614) GW_TCP_SERVER: tcp-03-01-compacting buffer : 0
I (26634) GW_TCP_SERVER: tcp-00-01-process stream json from sock:: 37, role = 1, len = 31  rx_len(before)= 0
I (26634) GW_TCP_SERVER: tcp-00-02-after memcopy buffer appended, new rx_len = 0 , buffers = {"msg_type": "keep_alive_ack"}

I (26644) GW_TCP_SERVER: tcp-00-03-before unlocked, new rx_len = 31 , buffers = {"msg_type": "keep_alive_ack"}

I (26654) GW_TCP_SERVER: tcp-00-04-Rx 31 bytes from client 37 ::{"msg_type": "keep_alive_ack"}
 , 
W (26664) GW_TCP_SERVER: tcp-01-01-Parse loop: start offset = 0,  remain = 31
I (26664) GW_TCP_SERVER: tcp-01-04-Rx JSON from sock 37 :: {"msg_type": "keep_alive_ack"}
I (26674) GW_TCP_SERVER: tcp-02-01-[OTA] Rx keep_alive_ack from sock: 37
W (26684) GW_TCP_SERVER: tcp-01-01-Parse loop: start offset = 31,  remain = 0
W (26694) GW_TCP_SERVER: tcp-01-02-No newline found, waiting for more data, current buffer =  
I (26694) GW_TCP_SERVER: tcp-03-01-compacting buffer : 0
I (31684) GW_TCP_SERVER: tcp-00-01-process stream json from sock:: 37, role = 1, len = 31  rx_len(before)= 0
I (31684) GW_TCP_SERVER: tcp-00-02-after memcopy buffer appended, new rx_len = 0 , buffers = {"msg_type": "keep_alive_ack"}

I (31694) GW_TCP_SERVER: tcp-00-03-before unlocked, new rx_len = 31 , buffers = {"msg_type": "keep_alive_ack"}

I (31704) GW_TCP_SERVER: tcp-00-04-Rx 31 bytes from client 37 ::{"msg_type": "keep_alive_ack"}
 , 
W (31704) GW_TCP_SERVER: tcp-01-01-Parse loop: start offset = 0,  remain = 31
I (31714) GW_TCP_SERVER: tcp-01-04-Rx JSON from sock 37 :: {"msg_type": "keep_alive_ack"}
I (31724) GW_TCP_SERVER: tcp-02-01-[OTA] Rx keep_alive_ack from sock: 37
W (31734) GW_TCP_SERVER: tcp-01-01-Parse loop: start offset = 31,  remain = 0
W (31734) GW_TCP_SERVER: tcp-01-02-No newline found, waiting for more data, current buffer =  
I (31744) GW_TCP_SERVER: tcp-03-01-compacting buffer : 0
I (36584) GW_TCP_SERVER: tcp-00-01-process stream json from sock:: 37, role = 1, len = 31  rx_len(before)= 0
I (36584) GW_TCP_SERVER: tcp-00-02-after memcopy buffer appended, new rx_len = 0 , buffers = {"msg_type": "keep_alive_ack"}

I (36594) GW_TCP_SERVER: tcp-00-03-before unlocked, new rx_len = 31 , buffers = {"msg_type": "keep_alive_ack"}

I (36604) GW_TCP_SERVER: tcp-00-04-Rx 31 bytes from client 37 ::{"msg_type": "keep_alive_ack"}
 , 
W (36614) GW_TCP_SERVER: tcp-01-01-Parse loop: start offset = 0,  remain = 31
I (36624) GW_TCP_SERVER: tcp-01-04-Rx JSON from sock 37 :: {"msg_type": "keep_alive_ack"}
I (36624) GW_TCP_SERVER: tcp-02-01-[OTA] Rx keep_alive_ack from sock: 37
W (36634) GW_TCP_SERVER: tcp-01-01-Parse loop: start offset = 31,  remain = 0
W (36644) GW_TCP_SERVER: tcp-01-02-No newline found, waiting for more data, current buffer =  
I (36654) GW_TCP_SERVER: tcp-03-01-compacting buffer : 0
I (41554) GW_TCP_SERVER: tcp-00-01-process stream json from sock:: 37, role = 1, len = 31  rx_len(before)= 0
I (41554) GW_TCP_SERVER: tcp-00-02-after memcopy buffer appended, new rx_len = 0 , buffers = {"msg_type": "keep_alive_ack"}

I (41564) GW_TCP_SERVER: tcp-00-03-before unlocked, new rx_len = 31 , buffers = {"msg_type": "keep_alive_ack"}

I (41574) GW_TCP_SERVER: tcp-00-04-Rx 31 bytes from client 37 ::{"msg_type": "keep_alive_ack"}
 , 
W (41584) GW_TCP_SERVER: tcp-01-01-Parse loop: start offset = 0,  remain = 31
I (41584) GW_TCP_SERVER: tcp-01-04-Rx JSON from sock 37 :: {"msg_type": "keep_alive_ack"}
I (41594) GW_TCP_SERVER: tcp-02-01-[OTA] Rx keep_alive_ack from sock: 37
W (41604) GW_TCP_SERVER: tcp-01-01-Parse loop: start offset = 31,  remain = 0
W (41604) GW_TCP_SERVER: tcp-01-02-No newline found, waiting for more data, current buffer =  
I (41614) GW_TCP_SERVER: tcp-03-01-compacting buffer : 0
I (46554) GW_TCP_SERVER: tcp-00-01-process stream json from sock:: 37, role = 1, len = 31  rx_len(before)= 0
I (46554) GW_TCP_SERVER: tcp-00-02-after memcopy buffer appended, new rx_len = 0 , buffers = {"msg_type": "keep_alive_ack"}

I (46564) GW_TCP_SERVER: tcp-00-03-before unlocked, new rx_len = 31 , buffers = {"msg_type": "keep_alive_ack"}

I (46574) GW_TCP_SERVER: tcp-00-04-Rx 31 bytes from client 37 ::{"msg_type": "keep_alive_ack"}
 , 
W (46584) GW_TCP_SERVER: tcp-01-01-Parse loop: start offset = 0,  remain = 31
I (46584) GW_TCP_SERVER: tcp-01-04-Rx JSON from sock 37 :: {"msg_type": "keep_alive_ack"}
I (46594) GW_TCP_SERVER: tcp-02-01-[OTA] Rx keep_alive_ack from sock: 37
W (46604) GW_TCP_SERVER: tcp-01-01-Parse loop: start offset = 31,  remain = 0
W (46604) GW_TCP_SERVER: tcp-01-02-No newline found, waiting for more data, current buffer =  
I (46614) GW_TCP_SERVER: tcp-03-01-compacting buffer : 0
I (51554) GW_TCP_SERVER: tcp-00-01-process stream json from sock:: 37, role = 1, len = 31  rx_len(before)= 0
I (51554) GW_TCP_SERVER: tcp-00-02-after memcopy buffer appended, new rx_len = 0 , buffers = {"msg_type": "keep_alive_ack"}

I (51564) GW_TCP_SERVER: tcp-00-03-before unlocked, new rx_len = 31 , buffers = {"msg_type": "keep_alive_ack"}

I (51574) GW_TCP_SERVER: tcp-00-04-Rx 31 bytes from client 37 ::{"msg_type": "keep_alive_ack"}
 , 
W (51584) GW_TCP_SERVER: tcp-01-01-Parse loop: start offset = 0,  remain = 31
I (51594) GW_TCP_SERVER: tcp-01-04-Rx JSON from sock 37 :: {"msg_type": "keep_alive_ack"}
I (51594) GW_TCP_SERVER: tcp-02-01-[OTA] Rx keep_alive_ack from sock: 37
W (51604) GW_TCP_SERVER: tcp-01-01-Parse loop: start offset = 31,  remain = 0
W (51614) GW_TCP_SERVER: tcp-01-02-No newline found, waiting for more data, current buffer =  
I (51614) GW_TCP_SERVER: tcp-03-01-compacting buffer : 0
I (56554) GW_TCP_SERVER: tcp-00-01-process stream json from sock:: 37, role = 1, len = 31  rx_len(before)= 0
I (56554) GW_TCP_SERVER: tcp-00-02-after memcopy buffer appended, new rx_len = 0 , buffers = {"msg_type": "keep_alive_ack"}

I (56564) GW_TCP_SERVER: tcp-00-03-before unlocked, new rx_len = 31 , buffers = {"msg_type": "keep_alive_ack"}

I (56574) GW_TCP_SERVER: tcp-00-04-Rx 31 bytes from client 37 ::{"msg_type": "keep_alive_ack"}
 , 
W (56584) GW_TCP_SERVER: tcp-01-01-Parse loop: start offset = 0,  remain = 31
I (56594) GW_TCP_SERVER: tcp-01-04-Rx JSON from sock 37 :: {"msg_type": "keep_alive_ack"}
I (56594) GW_TCP_SERVER: tcp-02-01-[OTA] Rx keep_alive_ack from sock: 37
W (56604) GW_TCP_SERVER: tcp-01-01-Parse loop: start offset = 31,  remain = 0
W (56614) GW_TCP_SERVER: tcp-01-02-No newline found, waiting for more data, current buffer =  
I (56624) GW_TCP_SERVER: tcp-03-01-compacting buffer : 0
I (61554) GW_TCP_SERVER: tcp-00-01-process stream json from sock:: 37, role = 1, len = 31  rx_len(before)= 0
I (61554) GW_TCP_SERVER: tcp-00-02-after memcopy buffer appended, new rx_len = 0 , buffers = {"msg_type": "keep_alive_ack"}

I (61564) GW_TCP_SERVER: tcp-00-03-before unlocked, new rx_len = 31 , buffers = {"msg_type": "keep_alive_ack"}

I (61574) GW_TCP_SERVER: tcp-00-04-Rx 31 bytes from client 37 ::{"msg_type": "keep_alive_ack"}
 , 
W (61584) GW_TCP_SERVER: tcp-01-01-Parse loop: start offset = 0,  remain = 31
I (61584) GW_TCP_SERVER: tcp-01-04-Rx JSON from sock 37 :: {"msg_type": "keep_alive_ack"}
I (61594) GW_TCP_SERVER: tcp-02-01-[OTA] Rx keep_alive_ack from sock: 37
W (61604) GW_TCP_SERVER: tcp-01-01-Parse loop: start offset = 31,  remain = 0
W (61604) GW_TCP_SERVER: tcp-01-02-No newline found, waiting for more data, current buffer =  
I (61614) GW_TCP_SERVER: tcp-03-01-compacting buffer : 0
I (66554) GW_TCP_SERVER: tcp-00-01-process stream json from sock:: 37, role = 1, len = 31  rx_len(before)= 0
I (66554) GW_TCP_SERVER: tcp-00-02-after memcopy buffer appended, new rx_len = 0 , buffers = {"msg_type": "keep_alive_ack"}

I (66564) GW_TCP_SERVER: tcp-00-03-before unlocked, new rx_len = 31 , buffers = {"msg_type": "keep_alive_ack"}

I (66574) GW_TCP_SERVER: tcp-00-04-Rx 31 bytes from client 37 ::{"msg_type": "keep_alive_ack"}
 , 
W (66584) GW_TCP_SERVER: tcp-01-01-Parse loop: start offset = 0,  remain = 31
I (66584) GW_TCP_SERVER: tcp-01-04-Rx JSON from sock 37 :: {"msg_type": "keep_alive_ack"}
I (66594) GW_TCP_SERVER: tcp-02-01-[OTA] Rx keep_alive_ack from sock: 37
W (66604) GW_TCP_SERVER: tcp-01-01-Parse loop: start offset = 31,  remain = 0
W (66604) GW_TCP_SERVER: tcp-01-02-No newline found, waiting for more data, current buffer =  
I (66614) GW_TCP_SERVER: tcp-03-01-compacting buffer : 0
I (69964) wifi:<ba-add>idx:4 (ifx:1, a4:5e:60:c5:69:75), tid:1, ssn:0, winSize:64
I (71554) GW_TCP_SERVER: tcp-00-01-process stream json from sock:: 37, role = 1, len = 31  rx_len(before)= 0
I (71554) GW_TCP_SERVER: tcp-00-02-after memcopy buffer appended, new rx_len = 0 , buffers = {"msg_type": "keep_alive_ack"}

I (71564) GW_TCP_SERVER: tcp-00-03-before unlocked, new rx_len = 31 , buffers = {"msg_type": "keep_alive_ack"}

I (71574) GW_TCP_SERVER: tcp-00-04-Rx 31 bytes from client 37 ::{"msg_type": "keep_alive_ack"}
 , 
W (71584) GW_TCP_SERVER: tcp-01-01-Parse loop: start offset = 0,  remain = 31
I (71584) GW_TCP_SERVER: tcp-01-04-Rx JSON from sock 37 :: {"msg_type": "keep_alive_ack"}
I (71594) GW_TCP_SERVER: tcp-02-01-[OTA] Rx keep_alive_ack from sock: 37
W (71604) GW_TCP_SERVER: tcp-01-01-Parse loop: start offset = 31,  remain = 0
W (71604) GW_TCP_SERVER: tcp-01-02-No newline found, waiting for more data, current buffer =  
I (71614) GW_TCP_SERVER: tcp-03-01-compacting buffer : 0
I (76554) GW_TCP_SERVER: tcp-00-01-process stream json from sock:: 37, role = 1, len = 31  rx_len(before)= 0
I (76554) GW_TCP_SERVER: tcp-00-02-after memcopy buffer appended, new rx_len = 0 , buffers = {"msg_type": "keep_alive_ack"}

I (76564) GW_TCP_SERVER: tcp-00-03-before unlocked, new rx_len = 31 , buffers = {"msg_type": "keep_alive_ack"}

I (76574) GW_TCP_SERVER: tcp-00-04-Rx 31 bytes from client 37 ::{"msg_type": "keep_alive_ack"}
 , 
W (76584) GW_TCP_SERVER: tcp-01-01-Parse loop: start offset = 0,  remain = 31
I (76584) GW_TCP_SERVER: tcp-01-04-Rx JSON from sock 37 :: {"msg_type": "keep_alive_ack"}
I (76594) GW_TCP_SERVER: tcp-02-01-[OTA] Rx keep_alive_ack from sock: 37
W (76604) GW_TCP_SERVER: tcp-01-01-Parse loop: start offset = 31,  remain = 0
W (76604) GW_TCP_SERVER: tcp-01-02-No newline found, waiting for more data, current buffer =  
I (76614) GW_TCP_SERVER: tcp-03-01-compacting buffer : 0
I (81554) GW_TCP_SERVER: tcp-00-01-process stream json from sock:: 37, role = 1, len = 31  rx_len(before)= 0
I (81554) GW_TCP_SERVER: tcp-00-02-after memcopy buffer appended, new rx_len = 0 , buffers = {"msg_type": "keep_alive_ack"}

I (81564) GW_TCP_SERVER: tcp-00-03-before unlocked, new rx_len = 31 , buffers = {"msg_type": "keep_alive_ack"}

I (81574) GW_TCP_SERVER: tcp-00-04-Rx 31 bytes from client 37 ::{"msg_type": "keep_alive_ack"}
 , 
W (81584) GW_TCP_SERVER: tcp-01-01-Parse loop: start offset = 0,  remain = 31
I (81584) GW_TCP_SERVER: tcp-01-04-Rx JSON from sock 37 :: {"msg_type": "keep_alive_ack"}
I (81594) GW_TCP_SERVER: tcp-02-01-[OTA] Rx keep_alive_ack from sock: 37
W (81604) GW_TCP_SERVER: tcp-01-01-Parse loop: start offset = 31,  remain = 0
W (81604) GW_TCP_SERVER: tcp-01-02-No newline found, waiting for more data, current buffer =  
I (81614) GW_TCP_SERVER: tcp-03-01-compacting buffer : 0
I (84304) wifi:station: a4:5e:60:c5:69:75 leave, AID = 1, reason = 8, bss_flags is 691299, bss:0x3c0d0da8
I (84304) wifi:new:<1,0>, old:<1,0>, ap:<1,0>, sta:<255,255>, prof:1, snd_ch_cfg:0x0
I (84314) wifi:<ba-del>idx:3, tid:0
I (84314) wifi:<ba-del>idx:4, tid:1
I (84314) wifi:<ba-del>idx:2, tid:6
I (84334) wifi:new:<1,1>, old:<1,0>, ap:<1,1>, sta:<255,255>, prof:1, snd_ch_cfg:0x0
W (96624) GW_TCP_SERVER: Sock 37 timed out (no keep_alive_ack), closing
I (96624) GW_TCP_SERVER: Closing client socket 37
W (96624) GW_TCP_SERVER: OTA Server disconnected
I (96624) GW_TCP_SERVER: Client connected, sock=37, ip=192.168.4.2, port=62641
I (96634) GW_TCP_SERVER: OTA Server socket set: 37
I (96634) GW_TCP_SERVER: tcp-00-01-process stream json from sock:: 37, role = 1, len = 512  rx_len(before)= 0
I (96644) GW_TCP_SERVER: tcp-00-02-after memcopy buffer appended, new rx_len = 0 , buffers = {"msg_type": "hello", "role": "ota_server"}
{"msg_type": "ota_task", "task_id": "20251211_092323_758", "device_name": "Veh1_SCM1", "client_id": "758", "version": "v2.2.0", "firmware_url": "https://192.168.4.2:8080/firmware/ota_client_v2.2.0.bin", "timestamp": "20251211_092323", "status": "pending"}
{"msg_type": "ota_task", "task_id": "20251211_092343_758", "device_name": "Veh1_SCM1", "client_id": "758", "version": "v2.2.0", "firmware_url": "https://192.168.4.2:8080/firmware/ota_client_v2.2.0.bin", "timestam
I (96694) GW_TCP_SERVER: tcp-00-03-before unlocked, new rx_len = 512 , buffers = {"msg_type": "hello", "role": "ota_server"}
{"msg_type": "ota_task", "task_id": "20251211_092323_758", "device_name": "Veh1_SCM1", "client_id": "758", "version": "v2.2.0", "firmware_url": "https://192.168.4.2:8080/firmware/ota_client_v2.2.0.bin", "timestamp": "20251211_092323", "status": "pending"}
{"msg_type": "ota_task", "task_id": "20251211_092343_758", "device_name": "Veh1_SCM1", "client_id": "758", "version": "v2.2.0", "firmware_url": "https://192.168.4.2:8080/firmware/ota_client_v2.2.0.bin", "timestam
I (96754) GW_TCP_SERVER: tcp-00-04-Rx 512 bytes from client 37 ::{"msg_type": "hello", "role": "ota_server"}
{"msg_type": "ota_task", "task_id": "20251211_092323_758", "device_name": "Veh1_SCM1", "client_id": "758", "version": "v2.2.0", "firmware_url": "https://192.168.4.2:8080/firmware/ota_client_v2.2.0.bin", "timestamp": "20251211_092323", "status": "pending"}
{"msg_type": "ota_task", "task_id": "20251211_092343_758", "device_name": "Veh1_SCM1", "client_id": "758", "version": "v2.2.0", "firmware_url": "https://192.168.4.2:8080/firmware/ota_client_v2.2.0.bin", "timestam , 
W (96804) GW_TCP_SERVER: tcp-01-01-Parse loop: start offset = 0,  remain = 512
I (96804) GW_TCP_SERVER: tcp-01-04-Rx JSON from sock 37 :: {"msg_type": "hello", "role": "ota_server"}
I (96814) GW_TCP_SERVER: tcp-02-02-[OTA] Rx msg_type = hello from sock37 
I (96824) GW_TCP_SERVER: tcp-02-03-dispatching to msg_handler : sock = 37.  role = 1,  json= {"msg_type": "hello", "role": "ota_server"}
I (96834) GW_MSG_HANDLER: Processing message from sock 37 (role=1): {"msg_type": "hello", "role": "ota_server"}
I (96844) GW_MSG_HANDLER: OTA server hello received on sock 37
W (96854) GW_TCP_SERVER: tcp-01-01-Parse loop: start offset = 44,  remain = 468
I (96854) GW_TCP_SERVER: tcp-01-04-Rx JSON from sock 37 :: {"msg_type": "ota_task", "task_id": "20251211_092323_758", "device_name": "Veh1_SCM1", "client_id": "758", "version": "v2.2.0", "firmware_url": "https://192.168.4.2:8080/firmware/ota_client_v2.2.0.bin", "timestamp": "20251211_092323", "status": "pending"}
I (96884) GW_TCP_SERVER: tcp-02-02-[OTA] Rx msg_type = ota_task from sock37 
I (96894) GW_TCP_SERVER: tcp-02-03-dispatching to msg_handler : sock = 37.  role = 1,  json= {"msg_type": "ota_task", "task_id": "20251211_092323_758", "device_name": "Veh1_SCM1", "client_id": "758", "version": "v2.2.0", "firmware_url": "https://192.168.4.2:8080/firmware/ota_client_v2.2.0.bin", "timestamp": "20251211_092323", "status": "pending"}
I (96924) GW_MSG_HANDLER: Processing message from sock 37 (role=1): {"msg_type": "ota_task", "task_id": "20251211_092323_758", "device_name": "Veh1_SCM1", "client_id": "758", "version": "v2.2.0", "firmware_url": "https://192.168.4.2:8080/firmware/ota_client_v2.2.0.bin", "timestamp": "20251211_092323", "status": "pending"}
I (96954) GW_MSG_HANDLER: GW Rx ota task, schedule delay dispatch to otaapp 
I (96954) OTA_APP_MGMT: New Task [20251211_092323_758] created in Queue, wait for User response 
W (96964) GW_TCP_SERVER: tcp-01-01-Parse loop: start offset = 300,  remain = 212
W (96974) GW_TCP_SERVER: tcp-01-02-No newline found, waiting for more data, current buffer = {"msg_type": "ota_task", "task_id": "20251211_092343_758", "device_name": "Veh1_SCM1", "client_id": "758", "version": "v2.2.0", "firmware_url": "https://192.168.4.2:8080/firmware/ota_client_v2.2.0.bin", "timestam 
I (96994) GW_TCP_SERVER: tcp-03-01-compacting buffer : 212
I (97004) GW_TCP_SERVER: tcp-00-01-process stream json from sock:: 37, role = 1, len = 512  rx_len(before)= 212
I (97014) GW_TCP_SERVER: tcp-00-02-after memcopy buffer appended, new rx_len = 212 , buffers = {"msg_type": "ota_task", "task_id": "20251211_092343_758", "device_name": "Veh1_SCM1", "client_id": "758", "version": "v2.2.0", "firmware_url": "https://192.168.4.2:8080/firmware/ota_client_v2.2.0.bin", "timestamp": "20251211_092343", "status": "pending"}
{"msg_type": "ota_task", "task_id": "20251211_092346_758", "device_name": "Veh1_SCM1", "client_id": "758", "version": "v2.2.0", "firmware_url": "https://192.168.4.2:8080/firmware/ota_client_v2.2.0.bin", "timestamp": "20251211_092346", "status": "pending"}
{"msg_type": "ota_task", "task_id": "20251211_092348_758", "device_name": "Veh1_SCM1", "client_id": "758", "version": "v2.2.0", "firmware_url": "https://192.168.4.2:8080/firmware/ota_client_v2.2.0.bin", "timestam
I (97084) GW_TCP_SERVER: tcp-00-03-before unlocked, new rx_len = 724 , buffers = {"msg_type": "ota_task", "task_id": "20251211_092343_758", "device_name": "Veh1_SCM1", "client_id": "758", "version": "v2.2.0", "firmware_url": "https://192.168.4.2:8080/firmware/ota_client_v2.2.0.bin", "timestamp": "20251211_092343", "status": "pending"}
{"msg_type": "ota_task", "task_id": "20251211_092346_758", "device_name": "Veh1_SCM1", "client_id": "758", "version": "v2.2.0", "firmware_url": "https://192.168.4.2:8080/firmware/ota_client_v2.2.0.bin", "timestamp": "20251211_092346", "status": "pending"}
{"msg_type": "ota_task", "task_id": "20251211_092348_758", "device_name": "Veh1_SCM1", "client_id": "758", "version": "v2.2.0", "firmware_url": "https://192.168.4.2:8080/firmware/ota_client_v2.2.0.bin", "timestam
I (97154) GW_TCP_SERVER: tcp-00-04-Rx 512 bytes from client 37 ::{"msg_type": "ota_task", "task_id": "20251211_092343_758", "device_name": "Veh1_SCM1", "client_id": "758", "version": "v2.2.0", "firmware_url": "https://192.168.4.2:8080/firmware/ota_client_v2.2.0.bin", "timestamp": "20251211_092343", "status": "pending"}
{"msg_type": "ota_task", "task_id": "20251211_092346_758", "device_name": "Veh1_SCM1", "client_id": "758", "version": "v2.2.0", "firmware_url": "https://192.168.4.2:8080/firmware/ota_client_v2.2.0.bin", "timestamp": "20251211_092346", "status": "pending"}
{"msg_type": "ota_task", "task_id": "20251211_092348_758", "device_name": "Veh1_SCM1", "client_id": "758", "version": "v2.2.0", "firmware_url": "https://192.168.4.2:8080/firmware/ota_client_v2.2.0.bin", "timestam , 
W (97224) GW_TCP_SERVER: tcp-01-01-Parse loop: start offset = 0,  remain = 724
I (97234) GW_TCP_SERVER: tcp-01-04-Rx JSON from sock 37 :: {"msg_type": "ota_task", "task_id": "20251211_092343_758", "device_name": "Veh1_SCM1", "client_id": "758", "version": "v2.2.0", "firmware_url": "https://192.168.4.2:8080/firmware/ota_client_v2.2.0.bin", "timestamp": "20251211_092343", "status": "pending"}
I (97244) wifi:new:<1,0>, old:<1,1>, ap:<1,0>, sta:<255,255>, prof:1, snd_ch_cfg:0x0
I (97264) wifi:station: a4:5e:60:c5:69:75 join, AID=1, bgn, 20
I (97274) GW_TCP_SERVER: tcp-02-02-[OTA] Rx msg_type = ota_task from sock37 
I (97284) GW_TCP_SERVER: tcp-02-03-dispatching to msg_handler : sock = 37.  role = 1,  json= {"msg_type": "ota_task", "task_id": "20251211_092343_758", "device_name": "Veh1_SCM1", "client_id": "758", "version": "v2.2.0", "firmware_url": "https://192.168.4.2:8080/firmware/ota_client_v2.2.0.bin", "timestamp": "20251211_092343", "status": "pending"}
I (97304) wifi:<ba-add>idx:2 (ifx:1, a4:5e:60:c5:69:75), tid:6, ssn:2, winSize:64
I (97314) esp_netif_lwip: DHCP server assigned IP to a client, IP is: 192.168.4.2
I (97314) GW_MSG_HANDLER: Processing message from sock 37 (role=1): {"msg_type": "ota_task", "task_id": "20251211_092343_758", "device_name": "Veh1_SCM1", "client_id": "758", "version": "v2.2.0", "firmware_url": "https://192.168.4.2:8080/firmware/ota_client_v2.2.0.bin", "timestamp": "20251211_092343", "status": "pending"}
I (97354) GW_MSG_HANDLER: GW Rx ota task, schedule delay dispatch to otaapp 
I (97354) OTA_APP_MGMT: New Task [20251211_092343_758] created in Queue, wait for User response 
W (97364) GW_TCP_SERVER: tcp-01-01-Parse loop: start offset = 256,  remain = 468
I (97374) GW_TCP_SERVER: tcp-01-04-Rx JSON from sock 37 :: {"msg_type": "ota_task", "task_id": "20251211_092346_758", "device_name": "Veh1_SCM1", "client_id": "758", "version": "v2.2.0", "firmware_url": "https://192.168.4.2:8080/firmware/ota_client_v2.2.0.bin", "timestamp": "20251211_092346", "status": "pending"}
I (97404) GW_TCP_SERVER: tcp-02-02-[OTA] Rx msg_type = ota_task from sock37 
I (97404) GW_TCP_SERVER: tcp-02-03-dispatching to msg_handler : sock = 37.  role = 1,  json= {"msg_type": "ota_task", "task_id": "20251211_092346_758", "device_name": "Veh1_SCM1", "client_id": "758", "version": "v2.2.0", "firmware_url": "https://192.168.4.2:8080/firmware/ota_client_v2.2.0.bin", "timestamp": "20251211_092346", "status": "pending"}
I (97434) GW_MSG_HANDLER: Processing message from sock 37 (role=1): {"msg_type": "ota_task", "task_id": "20251211_092346_758", "device_name": "Veh1_SCM1", "client_id": "758", "version": "v2.2.0", "firmware_url": "https://192.168.4.2:8080/firmware/ota_client_v2.2.0.bin", "timestamp": "20251211_092346", "status": "pending"}
I (97464) GW_MSG_HANDLER: GW Rx ota task, schedule delay dispatch to otaapp 
I (97474) OTA_APP_MGMT: New Task [20251211_092346_758] created in Queue, wait for User response 
W (97484) GW_TCP_SERVER: tcp-01-01-Parse loop: start offset = 512,  remain = 212
W (97494) GW_TCP_SERVER: tcp-01-02-No newline found, waiting for more data, current buffer = {"msg_type": "ota_task", "task_id": "20251211_092348_758", "device_name": "Veh1_SCM1", "client_id": "758", "version": "v2.2.0", "firmware_url": "https://192.168.4.2:8080/firmware/ota_client_v2.2.0.bin", "timestam 
I (97514) GW_TCP_SERVER: tcp-03-01-compacting buffer : 212
I (97524) GW_TCP_SERVER: tcp-00-01-process stream json from sock:: 37, role = 1, len = 512  rx_len(before)= 212
I (97534) GW_TCP_SERVER: tcp-00-02-after memcopy buffer appended, new rx_len = 212 , buffers = {"msg_type": "ota_task", "task_id": "20251211_092348_758", "device_name": "Veh1_SCM1", "client_id": "758", "version": "v2.2.0", "firmware_url": "https://192.168.4.2:8080/firmware/ota_client_v2.2.0.bin", "timestamp": "20251211_092348", "status": "pending"}
{"msg_type": "ota_task", "task_id": "20251211_092355_758", "device_name": "Veh1_SCM1", "client_id": "758", "version": "v2.2.0", "firmware_url": "https://192.168.4.2:8080/firmware/ota_client_v2.2.0.bin", "timestamp": "20251211_092355", "status": "pending"}
{"msg_type": "ota_task", "task_id": "20251211_092357_758", "device_name": "Veh1_SCM1", "client_id": "758", "version": "v2.2.0", "firmware_url": "https://192.168.4.2:8080/firmware/ota_client_v2.2.0.bin", "timestam
I (97604) GW_TCP_SERVER: tcp-00-03-before unlocked, new rx_len = 724 , buffers = {"msg_type": "ota_task", "task_id": "20251211_092348_758", "device_name": "Veh1_SCM1", "client_id": "758", "version": "v2.2.0", "firmware_url": "https://192.168.4.2:8080/firmware/ota_client_v2.2.0.bin", "timestamp": "20251211_092348", "status": "pending"}
{"msg_type": "ota_task", "task_id": "20251211_092355_758", "device_name": "Veh1_SCM1", "client_id": "758", "version": "v2.2.0", "firmware_url": "https://192.168.4.2:8080/firmware/ota_client_v2.2.0.bin", "timestamp": "20251211_092355", "status": "pending"}
{"msg_type": "ota_task", "task_id": "20251211_092357_758", "device_name": "Veh1_SCM1", "client_id": "758", "version": "v2.2.0", "firmware_url": "https://192.168.4.2:8080/firmware/ota_client_v2.2.0.bin", "timestam
I (97524) wifi:<ba-add>idx:3 (ifx:1, a4:5e:60:c5:69:75), tid:0, ssn:0, winSize:64
I (97684) GW_TCP_SERVER: tcp-00-04-Rx 512 bytes from client 37 ::{"msg_type": "ota_task", "task_id": "20251211_092348_758", "device_name": "Veh1_SCM1", "client_id": "758", "version": "v2.2.0", "firmware_url": "https://192.168.4.2:8080/firmware/ota_client_v2.2.0.bin", "timestamp": "20251211_092348", "status": "pending"}
{"msg_type": "ota_task", "task_id": "20251211_092355_758", "device_name": "Veh1_SCM1", "client_id": "758", "version": "v2.2.0", "firmware_url": "https://192.168.4.2:8080/firmware/ota_client_v2.2.0.bin", "timestamp": "20251211_092355", "status": "pending"}
{"msg_type": "ota_task", "task_id": "20251211_092357_758", "device_name": "Veh1_SCM1", "client_id": "758", "version": "v2.2.0", "firmware_url": "https://192.168.4.2:8080/firmware/ota_client_v2.2.0.bin", "timestam , 
W (97744) GW_TCP_SERVER: tcp-01-01-Parse loop: start offset = 0,  remain = 724
I (97754) GW_TCP_SERVER: tcp-01-04-Rx JSON from sock 37 :: {"msg_type": "ota_task", "task_id": "20251211_092348_758", "device_name": "Veh1_SCM1", "client_id": "758", "version": "v2.2.0", "firmware_url": "https://192.168.4.2:8080/firmware/ota_client_v2.2.0.bin", "timestamp": "20251211_092348", "status": "pending"}
I (97784) GW_TCP_SERVER: tcp-02-02-[OTA] Rx msg_type = ota_task from sock37 
I (97794) GW_TCP_SERVER: tcp-02-03-dispatching to msg_handler : sock = 37.  role = 1,  json= {"msg_type": "ota_task", "task_id": "20251211_092348_758", "device_name": "Veh1_SCM1", "client_id": "758", "version": "v2.2.0", "firmware_url": "https://192.168.4.2:8080/firmware/ota_client_v2.2.0.bin", "timestamp": "20251211_092348", "status": "pending"}
I (97824) GW_MSG_HANDLER: Processing message from sock 37 (role=1): {"msg_type": "ota_task", "task_id": "20251211_092348_758", "device_name": "Veh1_SCM1", "client_id": "758", "version": "v2.2.0", "firmware_url": "https://192.168.4.2:8080/firmware/ota_client_v2.2.0.bin", "timestamp": "20251211_092348", "status": "pending"}
I (97844) GW_MSG_HANDLER: GW Rx ota task, schedule delay dispatch to otaapp 
I (97854) OTA_APP_MGMT: New Task [20251211_092348_758] created in Queue, wait for User response 
W (97864) GW_TCP_SERVER: tcp-01-01-Parse loop: start offset = 256,  remain = 468
I (97874) GW_TCP_SERVER: tcp-01-04-Rx JSON from sock 37 :: {"msg_type": "ota_task", "task_id": "20251211_092355_758", "device_name": "Veh1_SCM1", "client_id": "758", "version": "v2.2.0", "firmware_url": "https://192.168.4.2:8080/firmware/ota_client_v2.2.0.bin", "timestamp": "20251211_092355", "status": "pending"}
I (97894) GW_TCP_SERVER: tcp-02-02-[OTA] Rx msg_type = ota_task from sock37 
I (97904) GW_TCP_SERVER: tcp-02-03-dispatching to msg_handler : sock = 37.  role = 1,  json= {"msg_type": "ota_task", "task_id": "20251211_092355_758", "device_name": "Veh1_SCM1", "client_id": "758", "version": "v2.2.0", "firmware_url": "https://192.168.4.2:8080/firmware/ota_client_v2.2.0.bin", "timestamp": "20251211_092355", "status": "pending"}
I (97934) GW_MSG_HANDLER: Processing message from sock 37 (role=1): {"msg_type": "ota_task", "task_id": "20251211_092355_758", "device_name": "Veh1_SCM1", "client_id": "758", "version": "v2.2.0", "firmware_url": "https://192.168.4.2:8080/firmware/ota_client_v2.2.0.bin", "timestamp": "20251211_092355", "status": "pending"}
I (97964) GW_MSG_HANDLER: GW Rx ota task, schedule delay dispatch to otaapp 
I (97974) OTA_APP_MGMT: New Task [20251211_092355_758] created in Queue, wait for User response 
W (97984) GW_TCP_SERVER: tcp-01-01-Parse loop: start offset = 512,  remain = 212
W (97984) GW_TCP_SERVER: tcp-01-02-No newline found, waiting for more data, current buffer = {"msg_type": "ota_task", "task_id": "20251211_092357_758", "device_name": "Veh1_SCM1", "client_id": "758", "version": "v2.2.0", "firmware_url": "https://192.168.4.2:8080/firmware/ota_client_v2.2.0.bin", "timestam 
I (98014) GW_TCP_SERVER: tcp-03-01-compacting buffer : 212
I (98014) GW_TCP_SERVER: tcp-00-01-process stream json from sock:: 37, role = 1, len = 300  rx_len(before)= 212
I (98024) GW_TCP_SERVER: tcp-00-02-after memcopy buffer appended, new rx_len = 212 , buffers = {"msg_type": "ota_task", "task_id": "20251211_092357_758", "device_name": "Veh1_SCM1", "client_id": "758", "version": "v2.2.0", "firmware_url": "https://192.168.4.2:8080/firmware/ota_client_v2.2.0.bin", "timestamp": "20251211_092357", "status": "pending"}
{"msg_type": "ota_task", "task_id": "20251211_092359_758", "device_name": "Veh1_SCM1", "client_id": "758", "version": "v2.2.0", "firmware_url": "https://192.168.4.2:8080/firmware/ota_client_v2.2.0.bin", "timestamp": "20251211_092359", "status": "pending"}
{"msg_type": "ota_task", "task_id": "20251211_092357_758", "device_name": "Veh1_SCM1", "client_id": "758", "version": "v2.2.0", "firmware_url": "https://192.168.4.2:8080/firmware/ota_client_v2.2.0.bin", "timestam
I (98104) GW_TCP_SERVER: tcp-00-03-before unlocked, new rx_len = 512 , buffers = {"msg_type": "ota_task", "task_id": "20251211_092357_758", "device_name": "Veh1_SCM1", "client_id": "758", "version": "v2.2.0", "firmware_url": "https://192.168.4.2:8080/firmware/ota_client_v2.2.0.bin", "timestamp": "20251211_092357", "status": "pending"}
{"msg_type": "ota_task", "task_id": "20251211_092359_758", "device_name": "Veh1_SCM1", "client_id": "758", "version": "v2.2.0", "firmware_url": "https://192.168.4.2:8080/firmware/ota_client_v2.2.0.bin", "timestamp": "20251211_092359", "status": "pending"}

I (98154) GW_TCP_SERVER: tcp-00-04-Rx 300 bytes from client 37 ::{"msg_type": "ota_task", "task_id": "20251211_092357_758", "device_name": "Veh1_SCM1", "client_id": "758", "version": "v2.2.0", "firmware_url": "https://192.168.4.2:8080/firmware/ota_client_v2.2.0.bin", "timestamp": "20251211_092357", "status": "pending"}
{"msg_type": "ota_task", "task_id": "20251211_092359_758", "device_name": "Veh1_SCM1", "client_id": "758", "version": "v2.2.0", "firmware_url": "https://192.168.4.2:8080/firmware/ota_client_v2.2.0.bin", "timestamp": "20251211_092359", "status": "pending"}
 , 
W (98204) GW_TCP_SERVER: tcp-01-01-Parse loop: start offset = 0,  remain = 512
I (98204) GW_TCP_SERVER: tcp-01-04-Rx JSON from sock 37 :: {"msg_type": "ota_task", "task_id": "20251211_092357_758", "device_name": "Veh1_SCM1", "client_id": "758", "version": "v2.2.0", "firmware_url": "https://192.168.4.2:8080/firmware/ota_client_v2.2.0.bin", "timestamp": "20251211_092357", "status": "pending"}
I (98234) GW_TCP_SERVER: tcp-02-02-[OTA] Rx msg_type = ota_task from sock37 
I (98244) GW_TCP_SERVER: tcp-02-03-dispatching to msg_handler : sock = 37.  role = 1,  json= {"msg_type": "ota_task", "task_id": "20251211_092357_758", "device_name": "Veh1_SCM1", "client_id": "758", "version": "v2.2.0", "firmware_url": "https://192.168.4.2:8080/firmware/ota_client_v2.2.0.bin", "timestamp": "20251211_092357", "status": "pending"}
I (98274) GW_MSG_HANDLER: Processing message from sock 37 (role=1): {"msg_type": "ota_task", "task_id": "20251211_092357_758", "device_name": "Veh1_SCM1", "client_id": "758", "version": "v2.2.0", "firmware_url": "https://192.168.4.2:8080/firmware/ota_client_v2.2.0.bin", "timestamp": "20251211_092357", "status": "pending"}
I (98304) GW_MSG_HANDLER: GW Rx ota task, schedule delay dispatch to otaapp 
I (98304) OTA_APP_MGMT: New Task [20251211_092357_758] created in Queue, wait for User response 
W (98314) GW_TCP_SERVER: tcp-01-01-Parse loop: start offset = 256,  remain = 256
I (98324) GW_TCP_SERVER: tcp-01-04-Rx JSON from sock 37 :: {"msg_type": "ota_task", "task_id": "20251211_092359_758", "device_name": "Veh1_SCM1", "client_id": "758", "version": "v2.2.0", "firmware_url": "https://192.168.4.2:8080/firmware/ota_client_v2.2.0.bin", "timestamp": "20251211_092359", "status": "pending"}
I (98354) GW_TCP_SERVER: tcp-02-02-[OTA] Rx msg_type = ota_task from sock37 
I (98354) GW_TCP_SERVER: tcp-02-03-dispatching to msg_handler : sock = 37.  role = 1,  json= {"msg_type": "ota_task", "task_id": "20251211_092359_758", "device_name": "Veh1_SCM1", "client_id": "758", "version": "v2.2.0", "firmware_url": "https://192.168.4.2:8080/firmware/ota_client_v2.2.0.bin", "timestamp": "20251211_092359", "status": "pending"}
I (98384) GW_MSG_HANDLER: Processing message from sock 37 (role=1): {"msg_type": "ota_task", "task_id": "20251211_092359_758", "device_name": "Veh1_SCM1", "client_id": "758", "version": "v2.2.0", "firmware_url": "https://192.168.4.2:8080/firmware/ota_client_v2.2.0.bin", "timestamp": "20251211_092359", "status": "pending"}
I (98414) GW_MSG_HANDLER: GW Rx ota task, schedule delay dispatch to otaapp 
W (98424) OTA_APP_MGMT: Task list full, discard new task
W (98434) GW_TCP_SERVER: tcp-01-01-Parse loop: start offset = 512,  remain = 0
W (98434) GW_TCP_SERVER: tcp-01-02-No newline found, waiting for more data, current buffer =  
I (98444) GW_TCP_SERVER: tcp-03-01-compacting buffer : 0
I (101554) GW_TCP_SERVER: tcp-00-01-process stream json from sock:: 37, role = 1, len = 31  rx_len(before)= 0
I (101554) GW_TCP_SERVER: tcp-00-02-after memcopy buffer appended, new rx_len = 0 , buffers = {"msg_type": "keep_alive_ack"}
id": "20251211_092357_758", "device_name": "Veh1_SCM1", "client_id": "758", "version": "v2.2.0", "firmware_url": "https://192.168.4.2:8080/firmware/ota_client_v2.2.0.bin", "timestamp": "20251211_092357", "status": "pending"}
{"msg_type": "ota_task", "task_id": "20251211_092359_758", "device_name": "Veh1_SCM1", "client_id": "758", "version": "v2.2.0", "firmware_url": "https://192.168.4.2:8080/firmware/ota_client_v2.2.0.bin", "timestamp": "20251211_092359", "status": "pending"}

I (101604) GW_TCP_SERVER: tcp-00-03-before unlocked, new rx_len = 31 , buffers = {"msg_type": "keep_alive_ack"}

I (101614) GW_TCP_SERVER: tcp-00-04-Rx 31 bytes from client 37 ::{"msg_type": "keep_alive_ack"}
 , 
W (101624) GW_TCP_SERVER: tcp-01-01-Parse loop: start offset = 0,  remain = 31
I (101634) GW_TCP_SERVER: tcp-01-04-Rx JSON from sock 37 :: {"msg_type": "keep_alive_ack"}
I (101634) GW_TCP_SERVER: tcp-02-01-[OTA] Rx keep_alive_ack from sock: 37
W (101644) GW_TCP_SERVER: tcp-01-01-Parse loop: start offset = 31,  remain = 0
W (101654) GW_TCP_SERVER: tcp-01-02-No newline found, waiting for more data, current buffer =  
I (101664) GW_TCP_SERVER: tcp-03-01-compacting buffer : 0
I (103584) wifi:<ba-add>idx:4 (ifx:1, a4:5e:60:c5:69:75), tid:1, ssn:3, winSize:64
I (103914) GW_TCP_SERVER: tcp-00-01-process stream json from sock:: 37, role = 1, len = 256  rx_len(before)= 0
I (103914) GW_TCP_SERVER: tcp-00-02-after memcopy buffer appended, new rx_len = 0 , buffers = {"msg_type": "ota_task", "task_id": "20251211_092424_758", "device_name": "Veh1_SCM1", "client_id": "758", "version": "v2.2.0", "firmware_url": "https://192.168.4.2:8080/firmware/ota_client_v2.2.0.bin", "timestamp": "20251211_092424", "status": "pending"}
{"msg_type": "ota_task", "task_id": "20251211_092359_758", "device_name": "Veh1_SCM1", "client_id": "758", "version": "v2.2.0", "firmware_url": "https://192.168.4.2:8080/firmware/ota_client_v2.2.0.bin", "timestamp": "20251211_092359", "status": "pending"}

I (103964) GW_TCP_SERVER: tcp-00-03-before unlocked, new rx_len = 256 , buffers = {"msg_type": "ota_task", "task_id": "20251211_092424_758", "device_name": "Veh1_SCM1", "client_id": "758", "version": "v2.2.0", "firmware_url": "https://192.168.4.2:8080/firmware/ota_client_v2.2.0.bin", "timestamp": "20251211_092424", "status": "pending"}

I (103994) GW_TCP_SERVER: tcp-00-04-Rx 256 bytes from client 37 ::{"msg_type": "ota_task", "task_id": "20251211_092424_758", "device_name": "Veh1_SCM1", "client_id": "758", "version": "v2.2.0", "firmware_url": "https://192.168.4.2:8080/firmware/ota_client_v2.2.0.bin", "timestamp": "20251211_092424", "status": "pending"}
 , 
W (104024) GW_TCP_SERVER: tcp-01-01-Parse loop: start offset = 0,  remain = 256
I (104024) GW_TCP_SERVER: tcp-01-04-Rx JSON from sock 37 :: {"msg_type": "ota_task", "task_id": "20251211_092424_758", "device_name": "Veh1_SCM1", "client_id": "758", "version": "v2.2.0", "firmware_url": "https://192.168.4.2:8080/firmware/ota_client_v2.2.0.bin", "timestamp": "20251211_092424", "status": "pending"}
I (104054) GW_TCP_SERVER: tcp-02-02-[OTA] Rx msg_type = ota_task from sock37 
I (104064) GW_TCP_SERVER: tcp-02-03-dispatching to msg_handler : sock = 37.  role = 1,  json= {"msg_type": "ota_task", "task_id": "20251211_092424_758", "device_name": "Veh1_SCM1", "client_id": "758", "version": "v2.2.0", "firmware_url": "https://192.168.4.2:8080/firmware/ota_client_v2.2.0.bin", "timestamp": "20251211_092424", "status": "pending"}
I (104094) GW_MSG_HANDLER: Processing message from sock 37 (role=1): {"msg_type": "ota_task", "task_id": "20251211_092424_758", "device_name": "Veh1_SCM1", "client_id": "758", "version": "v2.2.0", "firmware_url": "https://192.168.4.2:8080/firmware/ota_client_v2.2.0.bin", "timestamp": "20251211_092424", "status": "pending"}
I (104124) GW_MSG_HANDLER: GW Rx ota task, schedule delay dispatch to otaapp 
W (104124) OTA_APP_MGMT: Task list full, discard new task
W (104134) GW_TCP_SERVER: tcp-01-01-Parse loop: start offset = 256,  remain = 0
W (104134) GW_TCP_SERVER: tcp-01-02-No newline found, waiting for more data, current buffer =  
I (104144) GW_TCP_SERVER: tcp-03-01-compacting buffer : 0
I (106554) GW_TCP_SERVER: tcp-00-01-process stream json from sock:: 37, role = 1, len = 31  rx_len(before)= 0
I (106554) GW_TCP_SERVER: tcp-00-02-after memcopy buffer appended, new rx_len = 0 , buffers = {"msg_type": "keep_alive_ack"}
id": "20251211_092424_758", "device_name": "Veh1_SCM1", "client_id": "758", "version": "v2.2.0", "firmware_url": "https://192.168.4.2:8080/firmware/ota_client_v2.2.0.bin", "timestamp": "20251211_092424", "status": "pending"}

I (106584) GW_TCP_SERVER: tcp-00-03-before unlocked, new rx_len = 31 , buffers = {"msg_type": "keep_alive_ack"}

I (106594) GW_TCP_SERVER: tcp-00-04-Rx 31 bytes from client 37 ::{"msg_type": "keep_alive_ack"}
 , 
W (106604) GW_TCP_SERVER: tcp-01-01-Parse loop: start offset = 0,  remain = 31
I (106604) GW_TCP_SERVER: tcp-01-04-Rx JSON from sock 37 :: {"msg_type": "keep_alive_ack"}
I (106614) GW_TCP_SERVER: tcp-02-01-[OTA] Rx keep_alive_ack from sock: 37
W (106624) GW_TCP_SERVER: tcp-01-01-Parse loop: start offset = 31,  remain = 0
W (106624) GW_TCP_SERVER: tcp-01-02-No newline found, waiting for more data, current buffer =  
I (106634) GW_TCP_SERVER: tcp-03-01-compacting buffer : 0
I (111554) GW_TCP_SERVER: tcp-00-01-process stream json from sock:: 37, role = 1, len = 31  rx_len(before)= 0
I (111554) GW_TCP_SERVER: tcp-00-02-after memcopy buffer appended, new rx_len = 0 , buffers = {"msg_type": "keep_alive_ack"}

I (111564) GW_TCP_SERVER: tcp-00-03-before unlocked, new rx_len = 31 , buffers = {"msg_type": "keep_alive_ack"}

I (111574) GW_TCP_SERVER: tcp-00-04-Rx 31 bytes from client 37 ::{"msg_type": "keep_alive_ack"}
 , 
W (111584) GW_TCP_SERVER: tcp-01-01-Parse loop: start offset = 0,  remain = 31
I (111584) GW_TCP_SERVER: tcp-01-04-Rx JSON from sock 37 :: {"msg_type": "keep_alive_ack"}
I (111594) GW_TCP_SERVER: tcp-02-01-[OTA] Rx keep_alive_ack from sock: 37
W (111604) GW_TCP_SERVER: tcp-01-01-Parse loop: start offset = 31,  remain = 0
W (111604) GW_TCP_SERVER: tcp-01-02-No newline found, waiting for more data, current buffer =  
I (111614) GW_TCP_SERVER: tcp-03-01-compacting buffer : 0
I (115014) GW_TCP_SERVER: tcp-00-01-process stream json from sock:: 37, role = 1, len = 256  rx_len(before)= 0
I (115014) GW_TCP_SERVER: tcp-00-02-after memcopy buffer appended, new rx_len = 0 , buffers = {"msg_type": "ota_task", "task_id": "20251211_092435_758", "device_name": "Veh1_SCM1", "client_id": "758", "version": "v2.2.0", "firmware_url": "https://192.168.4.2:8080/firmware/ota_client_v2.2.0.bin", "timestamp": "20251211_092435", "status": "pending"}

I (115044) GW_TCP_SERVER: tcp-00-03-before unlocked, new rx_len = 256 , buffers = {"msg_type": "ota_task", "task_id": "20251211_092435_758", "device_name": "Veh1_SCM1", "client_id": "758", "version": "v2.2.0", "firmware_url": "https://192.168.4.2:8080/firmware/ota_client_v2.2.0.bin", "timestamp": "20251211_092435", "status": "pending"}

I (115074) GW_TCP_SERVER: tcp-00-04-Rx 256 bytes from client 37 ::{"msg_type": "ota_task", "task_id": "20251211_092435_758", "device_name": "Veh1_SCM1", "client_id": "758", "version": "v2.2.0", "firmware_url": "https://192.168.4.2:8080/firmware/ota_client_v2.2.0.bin", "timestamp": "20251211_092435", "status": "pending"}
 , 
W (115104) GW_TCP_SERVER: tcp-01-01-Parse loop: start offset = 0,  remain = 256
I (115114) GW_TCP_SERVER: tcp-01-04-Rx JSON from sock 37 :: {"msg_type": "ota_task", "task_id": "20251211_092435_758", "device_name": "Veh1_SCM1", "client_id": "758", "version": "v2.2.0", "firmware_url": "https://192.168.4.2:8080/firmware/ota_client_v2.2.0.bin", "timestamp": "20251211_092435", "status": "pending"}
I (115134) GW_TCP_SERVER: tcp-02-02-[OTA] Rx msg_type = ota_task from sock37 
I (115144) GW_TCP_SERVER: tcp-02-03-dispatching to msg_handler : sock = 37.  role = 1,  json= {"msg_type": "ota_task", "task_id": "20251211_092435_758", "device_name": "Veh1_SCM1", "client_id": "758", "version": "v2.2.0", "firmware_url": "https://192.168.4.2:8080/firmware/ota_client_v2.2.0.bin", "timestamp": "20251211_092435", "status": "pending"}
I (115174) GW_MSG_HANDLER: Processing message from sock 37 (role=1): {"msg_type": "ota_task", "task_id": "20251211_092435_758", "device_name": "Veh1_SCM1", "client_id": "758", "version": "v2.2.0", "firmware_url": "https://192.168.4.2:8080/firmware/ota_client_v2.2.0.bin", "timestamp": "20251211_092435", "status": "pending"}
I (115204) GW_MSG_HANDLER: GW Rx ota task, schedule delay dispatch to otaapp 
W (115214) OTA_APP_MGMT: Task list full, discard new task
W (115214) GW_TCP_SERVER: tcp-01-01-Parse loop: start offset = 256,  remain = 0
W (115224) GW_TCP_SERVER: tcp-01-02-No newline found, waiting for more data, current buffer =  
I (115234) GW_TCP_SERVER: tcp-03-01-compacting buffer : 0
I (116554) GW_TCP_SERVER: tcp-00-01-process stream json from sock:: 37, role = 1, len = 31  rx_len(before)= 0
I (116554) GW_TCP_SERVER: tcp-00-02-after memcopy buffer appended, new rx_len = 0 , buffers = {"msg_type": "keep_alive_ack"}
id": "20251211_092435_758", "device_name": "Veh1_SCM1", "client_id": "758", "version": "v2.2.0", "firmware_url": "https://192.168.4.2:8080/firmware/ota_client_v2.2.0.bin", "timestamp": "20251211_092435", "status": "pending"}

I (116584) GW_TCP_SERVER: tcp-00-03-before unlocked, new rx_len = 31 , buffers = {"msg_type": "keep_alive_ack"}

I (116594) GW_TCP_SERVER: tcp-00-04-Rx 31 bytes from client 37 ::{"msg_type": "keep_alive_ack"}
 , 
W (116604) GW_TCP_SERVER: tcp-01-01-Parse loop: start offset = 0,  remain = 31
I (116604) GW_TCP_SERVER: tcp-01-04-Rx JSON from sock 37 :: {"msg_type": "keep_alive_ack"}
I (116614) GW_TCP_SERVER: tcp-02-01-[OTA] Rx keep_alive_ack from sock: 37
W (116624) GW_TCP_SERVER: tcp-01-01-Parse loop: start offset = 31,  remain = 0
W (116624) GW_TCP_SERVER: tcp-01-02-No newline found, waiting for more data, current buffer =  
I (116634) GW_TCP_SERVER: tcp-03-01-compacting buffer : 0
I (121654) GW_TCP_SERVER: tcp-00-01-process stream json from sock:: 37, role = 1, len = 31  rx_len(before)= 0
I (121654) GW_TCP_SERVER: tcp-00-02-after memcopy buffer appended, new rx_len = 0 , buffers = {"msg_type": "keep_alive_ack"}

I (121664) GW_TCP_SERVER: tcp-00-03-before unlocked, new rx_len = 31 , buffers = {"msg_type": "keep_alive_ack"}

I (121674) GW_TCP_SERVER: tcp-00-04-Rx 31 bytes from client 37 ::{"msg_type": "keep_alive_ack"}
 , 
W (121684) GW_TCP_SERVER: tcp-01-01-Parse loop: start offset = 0,  remain = 31
I (121684) GW_TCP_SERVER: tcp-01-04-Rx JSON from sock 37 :: {"msg_type": "keep_alive_ack"}
I (121694) GW_TCP_SERVER: tcp-02-01-[OTA] Rx keep_alive_ack from sock: 37
W (121704) GW_TCP_SERVER: tcp-01-01-Parse loop: start offset = 31,  remain = 0
W (121704) GW_TCP_SERVER: tcp-01-02-No newline found, waiting for more data, current buffer =  
I (121714) GW_TCP_SERVER: tcp-03-01-compacting buffer : 0
I (123624) GW_TCP_SERVER: tcp-00-01-process stream json from sock:: 37, role = 1, len = 256  rx_len(before)= 0
I (123624) GW_TCP_SERVER: tcp-00-02-after memcopy buffer appended, new rx_len = 0 , buffers = {"msg_type": "ota_task", "task_id": "20251211_092443_758", "device_name": "Veh1_SCM1", "client_id": "758", "version": "v2.2.0", "firmware_url": "https://192.168.4.2:8080/firmware/ota_client_v2.2.0.bin", "timestamp": "20251211_092443", "status": "pending"}

I (123654) GW_TCP_SERVER: tcp-00-03-before unlocked, new rx_len = 256 , buffers = {"msg_type": "ota_task", "task_id": "20251211_092443_758", "device_name": "Veh1_SCM1", "client_id": "758", "version": "v2.2.0", "firmware_url": "https://192.168.4.2:8080/firmware/ota_client_v2.2.0.bin", "timestamp": "20251211_092443", "status": "pending"}

I (123684) GW_TCP_SERVER: tcp-00-04-Rx 256 bytes from client 37 ::{"msg_type": "ota_task", "task_id": "20251211_092443_758", "device_name": "Veh1_SCM1", "client_id": "758", "version": "v2.2.0", "firmware_url": "https://192.168.4.2:8080/firmware/ota_client_v2.2.0.bin", "timestamp": "20251211_092443", "status": "pending"}
 , 
W (123714) GW_TCP_SERVER: tcp-01-01-Parse loop: start offset = 0,  remain = 256
I (123714) GW_TCP_SERVER: tcp-01-04-Rx JSON from sock 37 :: {"msg_type": "ota_task", "task_id": "20251211_092443_758", "device_name": "Veh1_SCM1", "client_id": "758", "version": "v2.2.0", "firmware_url": "https://192.168.4.2:8080/firmware/ota_client_v2.2.0.bin", "timestamp": "20251211_092443", "status": "pending"}
I (123744) GW_TCP_SERVER: tcp-02-02-[OTA] Rx msg_type = ota_task from sock37 
I (123754) GW_TCP_SERVER: tcp-02-03-dispatching to msg_handler : sock = 37.  role = 1,  json= {"msg_type": "ota_task", "task_id": "20251211_092443_758", "device_name": "Veh1_SCM1", "client_id": "758", "version": "v2.2.0", "firmware_url": "https://192.168.4.2:8080/firmware/ota_client_v2.2.0.bin", "timestamp": "20251211_092443", "status": "pending"}
I (123784) GW_MSG_HANDLER: Processing message from sock 37 (role=1): {"msg_type": "ota_task", "task_id": "20251211_092443_758", "device_name": "Veh1_SCM1", "client_id": "758", "version": "v2.2.0", "firmware_url": "https://192.168.4.2:8080/firmware/ota_client_v2.2.0.bin", "timestamp": "20251211_092443", "status": "pending"}
I (123814) GW_MSG_HANDLER: GW Rx ota task, schedule delay dispatch to otaapp 
W (123814) OTA_APP_MGMT: Task list full, discard new task
W (123824) GW_TCP_SERVER: tcp-01-01-Parse loop: start offset = 256,  remain = 0
W (123834) GW_TCP_SERVER: tcp-01-02-No newline found, waiting for more data, current buffer =  
I (123834) GW_TCP_SERVER: tcp-03-01-compacting buffer : 0
I (126554) GW_TCP_SERVER: tcp-00-01-process stream json from sock:: 37, role = 1, len = 31  rx_len(before)= 0
I (126554) GW_TCP_SERVER: tcp-00-02-after memcopy buffer appended, new rx_len = 0 , buffers = {"msg_type": "keep_alive_ack"}
id": "20251211_092443_758", "device_name": "Veh1_SCM1", "client_id": "758", "version": "v2.2.0", "firmware_url": "https://192.168.4.2:8080/firmware/ota_client_v2.2.0.bin", "timestamp": "20251211_092443", "status": "pending"}

I (126584) GW_TCP_SERVER: tcp-00-03-before unlocked, new rx_len = 31 , buffers = {"msg_type": "keep_alive_ack"}

I (126594) GW_TCP_SERVER: tcp-00-04-Rx 31 bytes from client 37 ::{"msg_type": "keep_alive_ack"}
 , 
W (126604) GW_TCP_SERVER: tcp-01-01-Parse loop: start offset = 0,  remain = 31
I (126604) GW_TCP_SERVER: tcp-01-04-Rx JSON from sock 37 :: {"msg_type": "keep_alive_ack"}
I (126614) GW_TCP_SERVER: tcp-02-01-[OTA] Rx keep_alive_ack from sock: 37
W (126624) GW_TCP_SERVER: tcp-01-01-Parse loop: start offset = 31,  remain = 0
W (126624) GW_TCP_SERVER: tcp-01-02-No newline found, waiting for more data, current buffer =  
I (126634) GW_TCP_SERVER: tcp-03-01-compacting buffer : 0
I (131554) GW_TCP_SERVER: tcp-00-01-process stream json from sock:: 37, role = 1, len = 31  rx_len(before)= 0
I (131554) GW_TCP_SERVER: tcp-00-02-after memcopy buffer appended, new rx_len = 0 , buffers = {"msg_type": "keep_alive_ack"}

I (131564) GW_TCP_SERVER: tcp-00-03-before unlocked, new rx_len = 31 , buffers = {"msg_type": "keep_alive_ack"}

I (131574) GW_TCP_SERVER: tcp-00-04-Rx 31 bytes from client 37 ::{"msg_type": "keep_alive_ack"}
 , 
W (131584) GW_TCP_SERVER: tcp-01-01-Parse loop: start offset = 0,  remain = 31
I (131584) GW_TCP_SERVER: tcp-01-04-Rx JSON from sock 37 :: {"msg_type": "keep_alive_ack"}
I (131594) GW_TCP_SERVER: tcp-02-01-[OTA] Rx keep_alive_ack from sock: 37
W (131604) GW_TCP_SERVER: tcp-01-01-Parse loop: start offset = 31,  remain = 0
W (131604) GW_TCP_SERVER: tcp-01-02-No newline found, waiting for more data, current buffer =  
I (131614) GW_TCP_SERVER: tcp-03-01-compacting buffer : 0
I (136554) GW_TCP_SERVER: tcp-00-01-process stream json from sock:: 37, role = 1, len = 31  rx_len(before)= 0
I (136554) GW_TCP_SERVER: tcp-00-02-after memcopy buffer appended, new rx_len = 0 , buffers = {"msg_type": "keep_alive_ack"}

I (136564) GW_TCP_SERVER: tcp-00-03-before unlocked, new rx_len = 31 , buffers = {"msg_type": "keep_alive_ack"}

I (136574) GW_TCP_SERVER: tcp-00-04-Rx 31 bytes from client 37 ::{"msg_type": "keep_alive_ack"}
 , 
W (136584) GW_TCP_SERVER: tcp-01-01-Parse loop: start offset = 0,  remain = 31
I (136584) GW_TCP_SERVER: tcp-01-04-Rx JSON from sock 37 :: {"msg_type": "keep_alive_ack"}
I (136594) GW_TCP_SERVER: tcp-02-01-[OTA] Rx keep_alive_ack from sock: 37
W (136604) GW_TCP_SERVER: tcp-01-01-Parse loop: start offset = 31,  remain = 0
W (136604) GW_TCP_SERVER: tcp-01-02-No newline found, waiting for more data, current buffer =  
I (136614) GW_TCP_SERVER: tcp-03-01-compacting buffer : 0
I (141554) GW_TCP_SERVER: tcp-00-01-process stream json from sock:: 37, role = 1, len = 31  rx_len(before)= 0
I (141554) GW_TCP_SERVER: tcp-00-02-after memcopy buffer appended, new rx_len = 0 , buffers = {"msg_type": "keep_alive_ack"}

I (141564) GW_TCP_SERVER: tcp-00-03-before unlocked, new rx_len = 31 , buffers = {"msg_type": "keep_alive_ack"}

I (141574) GW_TCP_SERVER: tcp-00-04-Rx 31 bytes from client 37 ::{"msg_type": "keep_alive_ack"}
 , 
W (141584) GW_TCP_SERVER: tcp-01-01-Parse loop: start offset = 0,  remain = 31
I (141584) GW_TCP_SERVER: tcp-01-04-Rx JSON from sock 37 :: {"msg_type": "keep_alive_ack"}
I (141594) GW_TCP_SERVER: tcp-02-01-[OTA] Rx keep_alive_ack from sock: 37
W (141604) GW_TCP_SERVER: tcp-01-01-Parse loop: start offset = 31,  remain = 0
W (141604) GW_TCP_SERVER: tcp-01-02-No newline found, waiting for more data, current buffer =  
I (141614) GW_TCP_SERVER: tcp-03-01-compacting buffer : 0