

I (284772) tcp_client: Received 26 bytes: {"msg_type":"keep_alive"}

I (284782) msg_handler: Sent keep_alive_ack to GW
I (289772) tcp_client: Received 26 bytes: {"msg_type":"keep_alive"}

I (289782) msg_handler: Sent keep_alive_ack to GW
I (294772) tcp_client: Received 26 bytes: {"msg_type":"keep_alive"}

I (294782) msg_handler: Sent keep_alive_ack to GW
I (299772) tcp_client: Received 26 bytes: {"msg_type":"keep_alive"}

I (299782) msg_handler: Sent keep_alive_ack to GW
I (301682) tcp_client: Received 233 bytes: {"msg_type":"ota_task","task_id":"20251207_124640_758","device_name":"Veh1_SCM1","client_id":"758","version":"v2.1.4","firmware_url":"https://192.168.4.2:8080/firmware/firmware_v2.1.4.bin","features":"","user_response":"User_Accept"}
I (301692) msg_handler: Received OTA task
I (301702) OTA_HANDLER: Starting OTA from URL: https://192.168.4.2:8080/firmware/firmware_v2.1.4.bin
I (302082) esp_https_ota: Starting OTA...
I (302082) esp_https_ota: Writing to <app1> partition at offset 0x1d0000
I (312242) esp_image: segment 0: paddr=001d0020 vaddr=3c0b0020 size=22de8h (142824) map
I (312262) esp_image: segment 1: paddr=001f2e10 vaddr=3fc98f00 size=04c54h ( 19540) 
I (312262) esp_image: segment 2: paddr=001f7a6c vaddr=40374000 size=085ach ( 34220) 
I (312262) esp_image: segment 3: paddr=00200020 vaddr=42000020 size=abb68h (703336) map
I (312352) esp_image: segment 4: paddr=002abb90 vaddr=4037c5ac size=0c860h ( 51296) 
I (312362) esp_image: segment 5: paddr=002b83f8 vaddr=50000000 size=00020h (    32) 
I (312372) esp_image: segment 0: paddr=001d0020 vaddr=3c0b0020 size=22de8h (142824) map
I (312382) esp_image: segment 1: paddr=001f2e10 vaddr=3fc98f00 size=04c54h ( 19540) 
I (312392) esp_image: segment 2: paddr=001f7a6c vaddr=40374000 size=085ach ( 34220) 
I (312392) esp_image: segment 3: paddr=00200020 vaddr=42000020 size=abb68h (703336) map
I (312482) esp_image: segment 4: paddr=002abb90 vaddr=4037c5ac size=0c860h ( 51296) 
I (312492) esp_image: segment 5: paddr=002b83f8 vaddr=50000000 size=00020h (    32) 
I (312532) OTA_HANDLER: OTA Succeeded, restarting...
I (312532) wifi:state: run -> init (0x0)
I (312532) wifi:pm stop, total sleep time: 0 us / 311843859 us

I (312532) wifi:<ba-del>idx:0, tid:0
I (312532) wifi:new:<1,0>, old:<1,0>, ap:<255,255>, sta:<1,0>, prof:1, snd_ch_cfg:0x0
W (312542) WIFI_STA: Disconnected, retrying... (1)
I (312582) wifi:flush txq
I (312582) wifi:stop sw txq
I (312582) wifi:lmac stop hw txq
ESP-ROM:esp32s3-20210327
Build:Mar 27 2021
rst:0xc (RTC_SW_CPU_RST),boot:0x8 (SPI_FAST_FLASH_BOOT)
Saved PC:0x4037c849
--- 0x4037c849: esp_restart_noos at /Users/maochun/esp32prj/esp-idf/components/esp_system/port/soc/esp32s3/system_internal.c:164
SPIWP:0xee
mode:DIO, clock div:1
load:0x3fce2820,len:0x1588
load:0x403c8700,len:0xd7c
--- 0x403c8700: _stext at ??:?
load:0x403cb700,len:0x2f80
entry 0x403c8908
--- 0x403c8908: call_start_cpu0 at /Users/maochun/esp32prj/esp-idf/components/bootloader/subproject/main/bootloader_start.c:25
I (29) boot: ESP-IDF v6.0-dev-2039-g2044fba6e7 2nd stage bootloader
I (29) boot: compile time Dec  3 2025 11:35:04
I (29) boot: Multicore bootloader
I (31) boot: chip revision: v0.2
I (34) boot: efuse block revision: v1.3
I (37) boot.esp32s3: Boot SPI Speed : 80MHz
I (41) boot.esp32s3: SPI Mode       : DIO
I (45) boot.esp32s3: SPI Flash Size : 16MB
I (49) boot: Enabling RNG early entropy source...
I (53) boot: Partition Table:
I (56) boot: ## Label            Usage          Type ST Offset   Length
I (62) boot:  0 nvs              WiFi data        01 02 00009000 00005000
I (69) boot:  1 otadata          OTA data         01 00 0000e000 00002000
I (75) boot:  2 app0             OTA app          00 10 00010000 001c0000
I (82) boot:  3 app1             OTA app          00 11 001d0000 001c0000
I (88) boot:  4 spiffs           Unknown data     01 82 00390000 00c70000
I (95) boot: End of partition table
I (98) esp_image: segment 0: paddr=001d0020 vaddr=3c0b0020 size=22de8h (142824) map
I (131) esp_image: segment 1: paddr=001f2e10 vaddr=3fc98f00 size=04c54h ( 19540) load
I (135) esp_image: segment 2: paddr=001f7a6c vaddr=40374000 size=085ach ( 34220) load
I (143) esp_image: segment 3: paddr=00200020 vaddr=42000020 size=abb68h (703336) map
I (270) esp_image: segment 4: paddr=002abb90 vaddr=4037c5ac size=0c860h ( 51296) load
I (281) esp_image: segment 5: paddr=002b83f8 vaddr=50000000 size=00020h (    32) load
I (291) boot: Loaded app from partition at offset 0x1d0000
I (291) boot: Disabling RNG early entropy source...
I (301) cpu_start: Multicore app
I (309) cpu_start: GPIO 44 and 43 are used as console UART I/O pins
I (310) cpu_start: Pro cpu start user code
I (310) cpu_start: cpu freq: 160000000 Hz
I (312) app_init: Application information:
I (315) app_init: Project name:     ota_client
I (320) app_init: App version:      1.1.0
I (323) app_init: Compile time:     Dec  4 2025 14:04:16
I (328) app_init: ELF file SHA256:  795134514...
I (333) app_init: ESP-IDF:          v6.0-dev-2039-g2044fba6e7
I (338) efuse_init: Min chip rev:     v0.0
I (342) efuse_init: Max chip rev:     v0.99 
I (346) efuse_init: Chip rev:         v0.2
I (350) heap_init: Initializing. RAM available for dynamic allocation:
I (356) heap_init: At 3FCA1F28 len 000477E8 (285 KiB): RAM
I (361) heap_init: At 3FCE9710 len 00005724 (21 KiB): RAM
I (366) heap_init: At 3FCF0000 len 00008000 (32 KiB): DRAM
I (372) heap_init: At 600FE000 len 00001FE8 (7 KiB): RTCRAM
I (378) spi_flash: detected chip: boya
I (380) spi_flash: flash io: dio
W (384) i2c: This driver is an old driver, please migrate your application code to adapt `driver/i2c_master.h`
I (393) sleep_gpio: Configure to isolate all GPIO pins in sleep state
I (399) sleep_gpio: Enable automatic switching of GPIO sleep configuration
I (406) main_task: Started on CPU0
I (436) main_task: Calling app_main()
ESP32S3 Boot Success...
I (466) pp: pp rom version: e7ae62f
I (466) net80211: net80211 rom version: e7ae62f
I (476) wifi:wifi driver task: 3fced4c8, prio:23, stack:6656, core=0
I (486) wifi:wifi firmware version: df85326
I (486) wifi:wifi certification version: v7.0
I (486) wifi:config NVS flash: enabled
I (486) wifi:config nano formatting: disabled
I (486) wifi:Init data frame dynamic rx buffer num: 32
I (496) wifi:Init static rx mgmt buffer num: 5
I (496) wifi:Init management short buffer num: 32
I (506) wifi:Init dynamic tx buffer num: 32
I (506) wifi:Init static tx FG buffer num: 2
I (516) wifi:Init static rx buffer size: 1600
I (516) wifi:Init static rx buffer num: 10
I (516) wifi:Init dynamic rx buffer num: 32
I (526) wifi_init: rx ba win: 6
I (526) wifi_init: accept mbox: 6
I (526) wifi_init: tcpip mbox: 32
I (536) wifi_init: udp mbox: 6
I (536) wifi_init: tcp mbox: 6
I (536) wifi_init: tcp tx win: 5760
I (546) wifi_init: tcp rx win: 5760
I (546) wifi_init: tcp mss: 1440
I (546) wifi_init: WiFi IRAM OP enabled
I (546) wifi_init: WiFi RX IRAM OP enabled
W (556) wifi:Password length matches WPA2 standards, authmode threshold changes from OPEN to WPA2
I (566) phy_init: phy_version 701,f4f1da3a,Mar  3 2025,15:50:10
I (616) phy_init: Saving new calibration data due to checksum failure or outdated calibration data, mode(0)
I (666) wifi:mode : sta (1c:db:d4:af:1f:60)
I (666) wifi:enable tsf
I (666) wifi:Set ps type: 0, coexist: 0

I (676) WIFI_STA: WiFi STA start, trying to connect to OTA-GW...
I (676) WIFI_STA: WiFi STA initialized, SSID:OTA-GW, PMF:capable/not-required, PS:NONE
I (676) wifi:new:<1,0>, old:<1,0>, ap:<255,255>, sta:<1,0>, prof:1, snd_ch_cfg:0x0
I (686) wifi:state: init -> auth (0xb0)
I (696) common_gpio: Starting GPIO initialization...
I (696) common_gpio: STBY GPIO 17 set to HIGH
I (696) common_gpio: Motor GPIOs initialized
I (706) common_gpio: All GPIOs initialized
I (706) wifi:state: auth -> assoc (0x0)
I (716) common_gpio: LEDC channels initialized
I (716) common_gpio: Initializing I2C master...
I (716) wifi:state: assoc -> run (0x10)
I (726) common_gpio: I2C master initialized
I (726) OTA_HANDLER: OTA Handler initialized, ota_flag=1
I (736) OTA_HANDLER: OTA record found, current version=1.1.0
I (746) wifi:connected with OTA-GW, aid = 2, channel 1, BW20, bssid = dc:b4:d9:10:4d:b1
I (746) wifi:security: WPA2-PSK, phy: bgn, rssi: -22
I (756) wifi:pm start, type: 0

I (756) wifi:dp: 1, bi: 102400, li: 3, scale listen interval from 307200 us to 307200 us
I (756) wifi:set rx beacon pti, rx_bcn_pti: 0, bcn_timeout: 25000, mt_pti: 0, mt_time: 10000
I (766) wifi:AP's beacon interval = 102400 us, DTIM period = 1
I (776) OTA_HANDLER: Reported OTA result: {"client":"Client_1","version":"1.1.0","result":"success"}
I (796) OTA_HANDLER: OTA Handler initialized, ota_flag=0
I (796) msg_handler: Message handler initialized
I (796) client_register: Client register module initialized
系统初始化完成，等待客户端连接...
I (806) main_task: Returned from app_main()
I (1796) esp_netif_handlers: sta ip: 192.168.4.3, mask: 255.255.255.0, gw: 192.168.4.1
I (1796) WIFI_STA: Got IP: 192.168.4.3
I (1796) WIFI_STA: Netmask: 255.255.255.0
I (1796) WIFI_STA: Gateway: 192.168.4.1
I (1796) WIFI_STA: Connected to OTA-GW (192.168.4.1), OTA Server reachable at 192.168.4.2
I (1806) WIFI_STA: Client MAC: 1C:DB:D4:AF:1F:60
I (1816) tcp_client: Connecting to GW 192.168.4.1:9002
I (1816) wifi:<ba-add>idx:0 (ifx:0, dc:b4:d9:10:4d:b1), tid:0, ssn:0, winSize:64
I (1826) tcp_client: Successfully connected to GW
I (1826) msg_handler: TCP connection established, sending client register
I (1836) client_register: Sending register info to GW: {"msg_type":"register","device_name":"Veh1_SCM1","client_id":"758","mac":"1C:DB:D4:AF:1F:60","version":"1.1.0","ip":"192.168.4.3"}
I (1856) tcp_client: Message sent: {"msg_type":"register","device_name":"Veh1_SCM1","client_id":"758","mac":"1C:DB:D4:AF:1F:60","version":"1.1.0","ip":"192.168.4.3"}
I (7186) tcp_client: Received 26 bytes: {"msg_type":"keep_alive"}

I (7196) msg_handler: Sent keep_alive_ack to GW
