GW tcp stuck log

系统初始化完成，等待客户端连接...
I (1554) main_task: Returned from app_main()
I (11194) wifi:new:<1,0>, old:<1,1>, ap:<1,0>, sta:<255,255>, prof:1, snd_ch_cfg:0x0
I (11194) wifi:station: a4:5e:60:c5:69:75 join, AID=1, bgn, 20
I (11234) wifi:<ba-add>idx:2 (ifx:1, a4:5e:60:c5:69:75), tid:6, ssn:2, winSize:64
I (11234) esp_netif_lwip: DHCP server assigned IP to a client, IP is: 192.168.4.2
I (11534) wifi:<ba-add>idx:3 (ifx:1, a4:5e:60:c5:69:75), tid:0, ssn:0, winSize:64
I (16874) wifi:<ba-add>idx:4 (ifx:1, a4:5e:60:c5:69:75), tid:1, ssn:0, winSize:64
I (19494) GW_TCP_SERVER: Client connected, sock=37, ip=192.168.4.2, port=51611
I (19494) GW_TCP_SERVER: OTA Server socket set: 37
I (19494) GW_TCP_SERVER: tcp-00-01-process stream json from sock:: 37, role = 1, len = 44  rx_len(before)= 0
I (19504) GW_TCP_SERVER: tcp-00-02-after memcopy buffer appended, new rx_len = 0 , buffers = {"msg_type": "hello", "role": "ota_server"}

I (19514) GW_TCP_SERVER: tcp-00-03-before unlocked, new rx_len = 44 , buffers = {"msg_type": "hello", "role": "ota_server"}

I (19534) GW_TCP_SERVER: tcp-00-04-Rx 44 bytes from client 37 ::{"msg_type": "hello", "role": "ota_server"}
 , 
W (19544) GW_TCP_SERVER: tcp-01-01-Parse loop: start offset = 0,  remain = 44
W (19544) GW_TCP_SERVER: tcp-01-02-No newline found, waiting for more data, current buffer = {"msg_type": "hello", "role": "ota_server"}
 
I (19554) GW_TCP_SERVER: tcp-01-04-Rx JSON from sock 37 :: {"msg_type": "hello", "role": "ota_server"}
I (19564) GW_TCP_SERVER: tcp-02-02-[OTA] Rx msg_type = hello from sock37 
I (19574) GW_TCP_SERVER: tcp-02-03-dispatching to msg_handler : sock = 37.  role = 1,  json= {"msg_type": "hello", "role": "ota_server"}
I (19584) GW_MSG_HANDLER: Processing message from sock 37 (role=1): {"msg_type": "hello", "role": "ota_server"}
I (19594) GW_MSG_HANDLER: OTA server hello received on sock 37
W (19604) GW_TCP_SERVER: tcp-01-01-Parse loop: start offset = 44,  remain = 0
W (19604) GW_TCP_SERVER: tcp-01-02-No newline found, waiting for more data, current buffer =  
I (19614) GW_TCP_SERVER: tcp-03-01-compacting buffer : 0
I (21554) GW_TCP_SERVER: tcp-00-01-process stream json from sock:: 37, role = 1, len = 31  rx_len(before)= 0
I (21554) GW_TCP_SERVER: tcp-00-02-after memcopy buffer appended, new rx_len = 0 , buffers = {"msg_type": "keep_alive_ack"}
ota_server"}

I (21564) GW_TCP_SERVER: tcp-00-03-before unlocked, new rx_len = 31 , buffers = {"msg_type": "keep_alive_ack"}

I (21574) GW_TCP_SERVER: tcp-00-04-Rx 31 bytes from client 37 ::{"msg_type": "keep_alive_ack"}
 , 
W (21584) GW_TCP_SERVER: tcp-01-01-Parse loop: start offset = 0,  remain = 31
W (21584) GW_TCP_SERVER: tcp-01-02-No newline found, waiting for more data, current buffer = {"msg_type": "keep_alive_ack"}
 
I (21604) GW_TCP_SERVER: tcp-01-04-Rx JSON from sock 37 :: {"msg_type": "keep_alive_ack"}
I (21604) GW_TCP_SERVER: tcp-02-01-[OTA] Rx keep_alive_ack from sock: 37
W (21614) GW_TCP_SERVER: tcp-01-01-Parse loop: start offset = 31,  remain = 0
W (21624) GW_TCP_SERVER: tcp-01-02-No newline found, waiting for more data, current buffer =  
I (21634) GW_TCP_SERVER: tcp-03-01-compacting buffer : 0
I (26554) GW_TCP_SERVER: tcp-00-01-process stream json from sock:: 37, role = 1, len = 31  rx_len(before)= 0
I (26554) GW_TCP_SERVER: tcp-00-02-after memcopy buffer appended, new rx_len = 0 , buffers = {"msg_type": "keep_alive_ack"}

I (26564) GW_TCP_SERVER: tcp-00-03-before unlocked, new rx_len = 31 , buffers = {"msg_type": "keep_alive_ack"}

I (26574) GW_TCP_SERVER: tcp-00-04-Rx 31 bytes from client 37 ::{"msg_type": "keep_alive_ack"}
 , 
W (26584) GW_TCP_SERVER: tcp-01-01-Parse loop: start offset = 0,  remain = 31
W (26584) GW_TCP_SERVER: tcp-01-02-No newline found, waiting for more data, current buffer = {"msg_type": "keep_alive_ack"}
 
I (26594) GW_TCP_SERVER: tcp-01-04-Rx JSON from sock 37 :: {"msg_type": "keep_alive_ack"}
I (26604) GW_TCP_SERVER: tcp-02-01-[OTA] Rx keep_alive_ack from sock: 37
W (26614) GW_TCP_SERVER: tcp-01-01-Parse loop: start offset = 31,  remain = 0
W (26624) GW_TCP_SERVER: tcp-01-02-No newline found, waiting for more data, current buffer =  
I (26624) GW_TCP_SERVER: tcp-03-01-compacting buffer : 0
I (31644) GW_TCP_SERVER: tcp-00-01-process stream json from sock:: 37, role = 1, len = 31  rx_len(before)= 0
I (31644) GW_TCP_SERVER: tcp-00-02-after memcopy buffer appended, new rx_len = 0 , buffers = {"msg_type": "keep_alive_ack"}

I (31654) GW_TCP_SERVER: tcp-00-03-before unlocked, new rx_len = 31 , buffers = {"msg_type": "keep_alive_ack"}

I (31664) GW_TCP_SERVER: tcp-00-04-Rx 31 bytes from client 37 ::{"msg_type": "keep_alive_ack"}
 , 
W (31674) GW_TCP_SERVER: tcp-01-01-Parse loop: start offset = 0,  remain = 31
W (31684) GW_TCP_SERVER: tcp-01-02-No newline found, waiting for more data, current buffer = {"msg_type": "keep_alive_ack"}
 
I (31694) GW_TCP_SERVER: tcp-01-04-Rx JSON from sock 37 :: {"msg_type": "keep_alive_ack"}
I (31704) GW_TCP_SERVER: tcp-02-01-[OTA] Rx keep_alive_ack from sock: 37
W (31704) GW_TCP_SERVER: tcp-01-01-Parse loop: start offset = 31,  remain = 0
W (31714) GW_TCP_SERVER: tcp-01-02-No newline found, waiting for more data, current buffer =  
I (31724) GW_TCP_SERVER: tcp-03-01-compacting buffer : 0
I (36564) GW_TCP_SERVER: tcp-00-01-process stream json from sock:: 37, role = 1, len = 31  rx_len(before)= 0
I (36564) GW_TCP_SERVER: tcp-00-02-after memcopy buffer appended, new rx_len = 0 , buffers = {"msg_type": "keep_alive_ack"}

I (36574) GW_TCP_SERVER: tcp-00-03-before unlocked, new rx_len = 31 , buffers = {"msg_type": "keep_alive_ack"}

I (36584) GW_TCP_SERVER: tcp-00-04-Rx 31 bytes from client 37 ::{"msg_type": "keep_alive_ack"}
 , 
W (36594) GW_TCP_SERVER: tcp-01-01-Parse loop: start offset = 0,  remain = 31
W (36604) GW_TCP_SERVER: tcp-01-02-No newline found, waiting for more data, current buffer = {"msg_type": "keep_alive_ack"}
 
I (36614) GW_TCP_SERVER: tcp-01-04-Rx JSON from sock 37 :: {"msg_type": "keep_alive_ack"}
I (36624) GW_TCP_SERVER: tcp-02-01-[OTA] Rx keep_alive_ack from sock: 37
W (36624) GW_TCP_SERVER: tcp-01-01-Parse loop: start offset = 31,  remain = 0
W (36634) GW_TCP_SERVER: tcp-01-02-No newline found, waiting for more data, current buffer =  
I (36644) GW_TCP_SERVER: tcp-03-01-compacting buffer : 0
I (41604) GW_TCP_SERVER: tcp-00-01-process stream json from sock:: 37, role = 1, len = 31  rx_len(before)= 0
I (41604) GW_TCP_SERVER: tcp-00-02-after memcopy buffer appended, new rx_len = 0 , buffers = {"msg_type": "keep_alive_ack"}

I (41614) GW_TCP_SERVER: tcp-00-03-before unlocked, new rx_len = 31 , buffers = {"msg_type": "keep_alive_ack"}

I (41624) GW_TCP_SERVER: tcp-00-04-Rx 31 bytes from client 37 ::{"msg_type": "keep_alive_ack"}
 , 
W (41624) GW_TCP_SERVER: tcp-01-01-Parse loop: start offset = 0,  remain = 31
W (41634) GW_TCP_SERVER: tcp-01-02-No newline found, waiting for more data, current buffer = {"msg_type": "keep_alive_ack"}
 
I (41644) GW_TCP_SERVER: tcp-01-04-Rx JSON from sock 37 :: {"msg_type": "keep_alive_ack"}
I (41654) GW_TCP_SERVER: tcp-02-01-[OTA] Rx keep_alive_ack from sock: 37
W (41664) GW_TCP_SERVER: tcp-01-01-Parse loop: start offset = 31,  remain = 0
W (41664) GW_TCP_SERVER: tcp-01-02-No newline found, waiting for more data, current buffer =  
I (41674) GW_TCP_SERVER: tcp-03-01-compacting buffer : 0
I (46554) GW_TCP_SERVER: tcp-00-01-process stream json from sock:: 37, role = 1, len = 31  rx_len(before)= 0
I (46554) GW_TCP_SERVER: tcp-00-02-after memcopy buffer appended, new rx_len = 0 , buffers = {"msg_type": "keep_alive_ack"}

I (46564) GW_TCP_SERVER: tcp-00-03-before unlocked, new rx_len = 31 , buffers = {"msg_type": "keep_alive_ack"}

I (46574) GW_TCP_SERVER: tcp-00-04-Rx 31 bytes from client 37 ::{"msg_type": "keep_alive_ack"}
 , 
W (46584) GW_TCP_SERVER: tcp-01-01-Parse loop: start offset = 0,  remain = 31
W (46584) GW_TCP_SERVER: tcp-01-02-No newline found, waiting for more data, current buffer = {"msg_type": "keep_alive_ack"}
 
I (46594) GW_TCP_SERVER: tcp-01-04-Rx JSON from sock 37 :: {"msg_type": "keep_alive_ack"}
I (46604) GW_TCP_SERVER: tcp-02-01-[OTA] Rx keep_alive_ack from sock: 37
W (46614) GW_TCP_SERVER: tcp-01-01-Parse loop: start offset = 31,  remain = 0
W (46624) GW_TCP_SERVER: tcp-01-02-No newline found, waiting for more data, current buffer =  
I (46624) GW_TCP_SERVER: tcp-03-01-compacting buffer : 0
I (51554) GW_TCP_SERVER: tcp-00-01-process stream json from sock:: 37, role = 1, len = 31  rx_len(before)= 0
I (51554) GW_TCP_SERVER: tcp-00-02-after memcopy buffer appended, new rx_len = 0 , buffers = {"msg_type": "keep_alive_ack"}

I (51564) GW_TCP_SERVER: tcp-00-03-before unlocked, new rx_len = 31 , buffers = {"msg_type": "keep_alive_ack"}

I (51574) GW_TCP_SERVER: tcp-00-04-Rx 31 bytes from client 37 ::{"msg_type": "keep_alive_ack"}
 , 
W (51584) GW_TCP_SERVER: tcp-01-01-Parse loop: start offset = 0,  remain = 31
W (51584) GW_TCP_SERVER: tcp-01-02-No newline found, waiting for more data, current buffer = {"msg_type": "keep_alive_ack"}
 
I (51594) GW_TCP_SERVER: tcp-01-04-Rx JSON from sock 37 :: {"msg_type": "keep_alive_ack"}
I (51604) GW_TCP_SERVER: tcp-02-01-[OTA] Rx keep_alive_ack from sock: 37
W (51614) GW_TCP_SERVER: tcp-01-01-Parse loop: start offset = 31,  remain = 0
W (51624) GW_TCP_SERVER: tcp-01-02-No newline found, waiting for more data, current buffer =  
I (51624) GW_TCP_SERVER: tcp-03-01-compacting buffer : 0
I (56554) GW_TCP_SERVER: tcp-00-01-process stream json from sock:: 37, role = 1, len = 31  rx_len(before)= 0
I (56554) GW_TCP_SERVER: tcp-00-02-after memcopy buffer appended, new rx_len = 0 , buffers = {"msg_type": "keep_alive_ack"}

I (56564) GW_TCP_SERVER: tcp-00-03-before unlocked, new rx_len = 31 , buffers = {"msg_type": "keep_alive_ack"}

I (56574) GW_TCP_SERVER: tcp-00-04-Rx 31 bytes from client 37 ::{"msg_type": "keep_alive_ack"}
 , 
W (56584) GW_TCP_SERVER: tcp-01-01-Parse loop: start offset = 0,  remain = 31
W (56584) GW_TCP_SERVER: tcp-01-02-No newline found, waiting for more data, current buffer = {"msg_type": "keep_alive_ack"}
 
I (56604) GW_TCP_SERVER: tcp-01-04-Rx JSON from sock 37 :: {"msg_type": "keep_alive_ack"}
I (56604) GW_TCP_SERVER: tcp-02-01-[OTA] Rx keep_alive_ack from sock: 37
W (56614) GW_TCP_SERVER: tcp-01-01-Parse loop: start offset = 31,  remain = 0
W (56624) GW_TCP_SERVER: tcp-01-02-No newline found, waiting for more data, current buffer =  
I (56624) GW_TCP_SERVER: tcp-03-01-compacting buffer : 0
I (61604) GW_TCP_SERVER: tcp-00-01-process stream json from sock:: 37, role = 1, len = 31  rx_len(before)= 0
I (61604) GW_TCP_SERVER: tcp-00-02-after memcopy buffer appended, new rx_len = 0 , buffers = {"msg_type": "keep_alive_ack"}

I (61614) GW_TCP_SERVER: tcp-00-03-before unlocked, new rx_len = 31 , buffers = {"msg_type": "keep_alive_ack"}

I (61624) GW_TCP_SERVER: tcp-00-04-Rx 31 bytes from client 37 ::{"msg_type": "keep_alive_ack"}
 , 
W (61634) GW_TCP_SERVER: tcp-01-01-Parse loop: start offset = 0,  remain = 31
W (61644) GW_TCP_SERVER: tcp-01-02-No newline found, waiting for more data, current buffer = {"msg_type": "keep_alive_ack"}
 
I (61654) GW_TCP_SERVER: tcp-01-04-Rx JSON from sock 37 :: {"msg_type": "keep_alive_ack"}
I (61664) GW_TCP_SERVER: tcp-02-01-[OTA] Rx keep_alive_ack from sock: 37
W (61664) GW_TCP_SERVER: tcp-01-01-Parse loop: start offset = 31,  remain = 0
W (61674) GW_TCP_SERVER: tcp-01-02-No newline found, waiting for more data, current buffer =  
I (61684) GW_TCP_SERVER: tcp-03-01-compacting buffer : 0
I (66584) GW_TCP_SERVER: tcp-00-01-process stream json from sock:: 37, role = 1, len = 31  rx_len(before)= 0
I (66584) GW_TCP_SERVER: tcp-00-02-after memcopy buffer appended, new rx_len = 0 , buffers = {"msg_type": "keep_alive_ack"}

I (66594) GW_TCP_SERVER: tcp-00-03-before unlocked, new rx_len = 31 , buffers = {"msg_type": "keep_alive_ack"}

I (66604) GW_TCP_SERVER: tcp-00-04-Rx 31 bytes from client 37 ::{"msg_type": "keep_alive_ack"}
 , 
W (66614) GW_TCP_SERVER: tcp-01-01-Parse loop: start offset = 0,  remain = 31
W (66624) GW_TCP_SERVER: tcp-01-02-No newline found, waiting for more data, current buffer = {"msg_type": "keep_alive_ack"}
 
I (66634) GW_TCP_SERVER: tcp-01-04-Rx JSON from sock 37 :: {"msg_type": "keep_alive_ack"}
I (66644) GW_TCP_SERVER: tcp-02-01-[OTA] Rx keep_alive_ack from sock: 37
W (66644) GW_TCP_SERVER: tcp-01-01-Parse loop: start offset = 31,  remain = 0
W (66654) GW_TCP_SERVER: tcp-01-02-No newline found, waiting for more data, current buffer =  
I (66664) GW_TCP_SERVER: tcp-03-01-compacting buffer : 0
I (71554) GW_TCP_SERVER: tcp-00-01-process stream json from sock:: 37, role = 1, len = 31  rx_len(before)= 0
I (71554) GW_TCP_SERVER: tcp-00-02-after memcopy buffer appended, new rx_len = 0 , buffers = {"msg_type": "keep_alive_ack"}

I (71564) GW_TCP_SERVER: tcp-00-03-before unlocked, new rx_len = 31 , buffers = {"msg_type": "keep_alive_ack"}

I (71574) GW_TCP_SERVER: tcp-00-04-Rx 31 bytes from client 37 ::{"msg_type": "keep_alive_ack"}
 , 
W (71584) GW_TCP_SERVER: tcp-01-01-Parse loop: start offset = 0,  remain = 31
W (71584) GW_TCP_SERVER: tcp-01-02-No newline found, waiting for more data, current buffer = {"msg_type": "keep_alive_ack"}
 
I (71594) GW_TCP_SERVER: tcp-01-04-Rx JSON from sock 37 :: {"msg_type": "keep_alive_ack"}
I (71604) GW_TCP_SERVER: tcp-02-01-[OTA] Rx keep_alive_ack from sock: 37
W (71614) GW_TCP_SERVER: tcp-01-01-Parse loop: start offset = 31,  remain = 0
W (71624) GW_TCP_SERVER: tcp-01-02-No newline found, waiting for more data, current buffer =  
I (71624) GW_TCP_SERVER: tcp-03-01-compacting buffer : 0
I (76554) GW_TCP_SERVER: tcp-00-01-process stream json from sock:: 37, role = 1, len = 31  rx_len(before)= 0
I (76554) GW_TCP_SERVER: tcp-00-02-after memcopy buffer appended, new rx_len = 0 , buffers = {"msg_type": "keep_alive_ack"}

I (76564) GW_TCP_SERVER: tcp-00-03-before unlocked, new rx_len = 31 , buffers = {"msg_type": "keep_alive_ack"}

I (76574) GW_TCP_SERVER: tcp-00-04-Rx 31 bytes from client 37 ::{"msg_type": "keep_alive_ack"}
 , 
W (76584) GW_TCP_SERVER: tcp-01-01-Parse loop: start offset = 0,  remain = 31
W (76594) GW_TCP_SERVER: tcp-01-02-No newline found, waiting for more data, current buffer = {"msg_type": "keep_alive_ack"}
 
I (76604) GW_TCP_SERVER: tcp-01-04-Rx JSON from sock 37 :: {"msg_type": "keep_alive_ack"}
I (76614) GW_TCP_SERVER: tcp-02-01-[OTA] Rx keep_alive_ack from sock: 37
W (76614) GW_TCP_SERVER: tcp-01-01-Parse loop: start offset = 31,  remain = 0
W (76624) GW_TCP_SERVER: tcp-01-02-No newline found, waiting for more data, current buffer =  
I (76634) GW_TCP_SERVER: tcp-03-01-compacting buffer : 0
I (81554) GW_TCP_SERVER: tcp-00-01-process stream json from sock:: 37, role = 1, len = 31  rx_len(before)= 0
I (81554) GW_TCP_SERVER: tcp-00-02-after memcopy buffer appended, new rx_len = 0 , buffers = {"msg_type": "keep_alive_ack"}

I (81564) GW_TCP_SERVER: tcp-00-03-before unlocked, new rx_len = 31 , buffers = {"msg_type": "keep_alive_ack"}

I (81574) GW_TCP_SERVER: tcp-00-04-Rx 31 bytes from client 37 ::{"msg_type": "keep_alive_ack"}
 , 
W (81584) GW_TCP_SERVER: tcp-01-01-Parse loop: start offset = 0,  remain = 31
W (81584) GW_TCP_SERVER: tcp-01-02-No newline found, waiting for more data, current buffer = {"msg_type": "keep_alive_ack"}
 
I (81594) GW_TCP_SERVER: tcp-01-04-Rx JSON from sock 37 :: {"msg_type": "keep_alive_ack"}
I (81604) GW_TCP_SERVER: tcp-02-01-[OTA] Rx keep_alive_ack from sock: 37
W (81614) GW_TCP_SERVER: tcp-01-01-Parse loop: start offset = 31,  remain = 0
W (81624) GW_TCP_SERVER: tcp-01-02-No newline found, waiting for more data, current buffer =  
I (81624) GW_TCP_SERVER: tcp-03-01-compacting buffer : 0
I (86554) GW_TCP_SERVER: tcp-00-01-process stream json from sock:: 37, role = 1, len = 31  rx_len(before)= 0
I (86554) GW_TCP_SERVER: tcp-00-02-after memcopy buffer appended, new rx_len = 0 , buffers = {"msg_type": "keep_alive_ack"}

I (86564) GW_TCP_SERVER: tcp-00-03-before unlocked, new rx_len = 31 , buffers = {"msg_type": "keep_alive_ack"}

I (86574) GW_TCP_SERVER: tcp-00-04-Rx 31 bytes from client 37 ::{"msg_type": "keep_alive_ack"}
 , 
W (86584) GW_TCP_SERVER: tcp-01-01-Parse loop: start offset = 0,  remain = 31
W (86584) GW_TCP_SERVER: tcp-01-02-No newline found, waiting for more data, current buffer = {"msg_type": "keep_alive_ack"}
 
I (86604) GW_TCP_SERVER: tcp-01-04-Rx JSON from sock 37 :: {"msg_type": "keep_alive_ack"}
I (86604) GW_TCP_SERVER: tcp-02-01-[OTA] Rx keep_alive_ack from sock: 37
W (86614) GW_TCP_SERVER: tcp-01-01-Parse loop: start offset = 31,  remain = 0
W (86624) GW_TCP_SERVER: tcp-01-02-No newline found, waiting for more data, current buffer =  
I (86634) GW_TCP_SERVER: tcp-03-01-compacting buffer : 0
I (91584) GW_TCP_SERVER: tcp-00-01-process stream json from sock:: 37, role = 1, len = 31  rx_len(before)= 0
I (91594) GW_TCP_SERVER: tcp-00-02-after memcopy buffer appended, new rx_len = 0 , buffers = {"msg_type": "keep_alive_ack"}

I (91594) GW_TCP_SERVER: tcp-00-03-before unlocked, new rx_len = 31 , buffers = {"msg_type": "keep_alive_ack"}

I (91604) GW_TCP_SERVER: tcp-00-04-Rx 31 bytes from client 37 ::{"msg_type": "keep_alive_ack"}
 , 
W (91614) GW_TCP_SERVER: tcp-01-01-Parse loop: start offset = 0,  remain = 31
W (91624) GW_TCP_SERVER: tcp-01-02-No newline found, waiting for more data, current buffer = {"msg_type": "keep_alive_ack"}
 
I (91634) GW_TCP_SERVER: tcp-01-04-Rx JSON from sock 37 :: {"msg_type": "keep_alive_ack"}
I (91644) GW_TCP_SERVER: tcp-02-01-[OTA] Rx keep_alive_ack from sock: 37
W (91654) GW_TCP_SERVER: tcp-01-01-Parse loop: start offset = 31,  remain = 0
W (91654) GW_TCP_SERVER: tcp-01-02-No newline found, waiting for more data, current buffer =  
I (91664) GW_TCP_SERVER: tcp-03-01-compacting buffer : 0
I (96594) GW_TCP_SERVER: tcp-00-01-process stream json from sock:: 37, role = 1, len = 31  rx_len(before)= 0
I (96594) GW_TCP_SERVER: tcp-00-02-after memcopy buffer appended, new rx_len = 0 , buffers = {"msg_type": "keep_alive_ack"}

I (96594) GW_TCP_SERVER: tcp-00-03-before unlocked, new rx_len = 31 , buffers = {"msg_type": "keep_alive_ack"}

I (96604) GW_TCP_SERVER: tcp-00-04-Rx 31 bytes from client 37 ::{"msg_type": "keep_alive_ack"}
 , 
W (96614) GW_TCP_SERVER: tcp-01-01-Parse loop: start offset = 0,  remain = 31
W (96624) GW_TCP_SERVER: tcp-01-02-No newline found, waiting for more data, current buffer = {"msg_type": "keep_alive_ack"}
 
I (96634) GW_TCP_SERVER: tcp-01-04-Rx JSON from sock 37 :: {"msg_type": "keep_alive_ack"}
I (96644) GW_TCP_SERVER: tcp-02-01-[OTA] Rx keep_alive_ack from sock: 37
W (96654) GW_TCP_SERVER: tcp-01-01-Parse loop: start offset = 31,  remain = 0
W (96654) GW_TCP_SERVER: tcp-01-02-No newline found, waiting for more data, current buffer =  
I (96664) GW_TCP_SERVER: tcp-03-01-compacting buffer : 0
I (100064) wifi:station: a4:5e:60:c5:69:75 leave, AID = 1, reason = 8, bss_flags is 691299, bss:0x3c0d0da8
I (100064) wifi:new:<1,0>, old:<1,0>, ap:<1,0>, sta:<255,255>, prof:1, snd_ch_cfg:0x0
I (100074) wifi:<ba-del>idx:3, tid:0
I (100074) wifi:<ba-del>idx:4, tid:1
I (100074) wifi:<ba-del>idx:2, tid:6
I (100094) wifi:new:<1,1>, old:<1,0>, ap:<1,1>, sta:<255,255>, prof:1, snd_ch_cfg:0x0
W (111674) GW_TCP_SERVER: Sock 37 timed out (no keep_alive_ack), closing
I (111674) GW_TCP_SERVER: Closing client socket 37
W (111674) GW_TCP_SERVER: OTA Server disconnected
I (111674) GW_TCP_SERVER: Client connected, sock=37, ip=192.168.4.2, port=51614
I (111684) GW_TCP_SERVER: OTA Server socket set: 37
I (111684) GW_TCP_SERVER: tcp-00-01-process stream json from sock:: 37, role = 1, len = 256  rx_len(before)= 0
I (111694) GW_TCP_SERVER: tcp-00-02-after memcopy buffer appended, new rx_len = 0 , buffers = {"msg_type": "hello", "role": "ota_server"}
{"msg_type": "ota_task", "task_id": "20251210_205012_758", "device_name": "Veh1_SCM1", "client_id": "758", "version": "v2.2.0", "firmware_url": "https://192.168.4.2:8080/firmware/ota_client_v2.2.0.bin", "timestam
I (111724) GW_TCP_SERVER: tcp-00-03-before unlocked, new rx_len = 256 , buffers = {"msg_type": "hello", "role": "ota_server"}
{"msg_type": "ota_task", "task_id": "20251210_205012_758", "device_name": "Veh1_SCM1", "client_id": "758", "version": "v2.2.0", "firmware_url": "https://192.168.4.2:8080/firmware/ota_client_v2.2.0.bin", "timestam
I (111754) GW_TCP_SERVER: tcp-00-04-Rx 256 bytes from client 37 ::{"msg_type": "hello", "role": "ota_server"}
{"msg_type": "ota_task", "task_id": "20251210_205012_758", "device_name": "Veh1_SCM1", "client_id": "758", "version": "v2.2.0", "firmware_url": "https://192.168.4.2:8080/firmware/ota_client_v2.2.0.bin", "timestam , 
W (111784) GW_TCP_SERVER: tcp-01-01-Parse loop: start offset = 0,  remain = 256
W (111794) GW_TCP_SERVER: tcp-01-02-No newline found, waiting for more data, current buffer = {"msg_type": "hello", "role": "ota_server"}
{"msg_type": "ota_task", "task_id": "20251210_205012_758", "device_name": "Veh1_SCM1", "client_id": "758", "version": "v2.2.0", "firmware_url": "https://192.168.4.2:8080/firmware/ota_client_v2.2.0.bin", "timestam 
I (111824) GW_TCP_SERVER: tcp-01-04-Rx JSON from sock 37 :: {"msg_type": "hello", "role": "ota_server"}
I (111834) GW_TCP_SERVER: tcp-02-02-[OTA] Rx msg_type = hello from sock37 
I (111834) GW_TCP_SERVER: tcp-02-03-dispatching to msg_handler : sock = 37.  role = 1,  json= {"msg_type": "hello", "role": "ota_server"}
I (111854) GW_MSG_HANDLER: Processing message from sock 37 (role=1): {"msg_type": "hello", "role": "ota_server"}
I (111864) GW_MSG_HANDLER: OTA server hello received on sock 37
W (111864) GW_TCP_SERVER: tcp-01-01-Parse loop: start offset = 44,  remain = 212
W (111874) GW_TCP_SERVER: tcp-01-02-No newline found, waiting for more data, current buffer = {"msg_type": "ota_task", "task_id": "20251210_205012_758", "device_name": "Veh1_SCM1", "client_id": "758", "version": "v2.2.0", "firmware_url": "https://192.168.4.2:8080/firmware/ota_client_v2.2.0.bin", "timestam 
I (111894) GW_TCP_SERVER: tcp-03-01-compacting buffer : 212
I (111904) GW_TCP_SERVER: tcp-00-01-process stream json from sock:: 37, role = 1, len = 256  rx_len(before)= 212
I (111914) GW_TCP_SERVER: tcp-00-02-after memcopy buffer appended, new rx_len = 212 , buffers = {"msg_type": "ota_task", "task_id": "20251210_205012_758", "device_name": "Veh1_SCM1", "client_id": "758", "version": "v2.2.0", "firmware_url": "https://192.168.4.2:8080/firmware/ota_client_v2.2.0.bin", "timestamp": "20251210_205012", "status": "pending"}
{"msg_type": "ota_task", "task_id": "20251210_205026_758", "device_name": "Veh1_SCM1", "client_id": "758", "version": "v2.2.0", "firmware_url": "https://192.168.4.2:8080/firmware/ota_client_v2.2.0.bin", "timestam
I (111964) GW_TCP_SERVER: tcp-00-03-before unlocked, new rx_len = 468 , buffers = {"msg_type": "ota_task", "task_id": "20251210_205012_758", "device_name": "Veh1_SCM1", "client_id": "758", "version": "v2.2.0", "firmware_url": "https://192.168.4.2:8080/firmware/ota_client_v2.2.0.bin", "timestamp": "20251210_205012", "status": "pending"}
{"msg_type": "ota_task", "task_id": "20251210_205026_758", "device_name": "Veh1_SCM1", "client_id": "758", "version": "v2.2.0", "firmware_url": "https://192.168.4.2:8080/firmware/ota_client_v2.2.0.bin", "timestam
I (112014) GW_TCP_SERVER: tcp-00-04-Rx 256 bytes from client 37 ::{"msg_type": "ota_task", "task_id": "20251210_205012_758", "device_name": "Veh1_SCM1", "client_id": "758", "version": "v2.2.0", "firmware_url": "https://192.168.4.2:8080/firmware/ota_client_v2.2.0.bin", "timestamp": "20251210_205012", "status": "pending"}
{"msg_type": "ota_task", "task_id": "20251210_205026_758", "device_name": "Veh1_SCM1", "client_id": "758", "version": "v2.2.0", "firmware_url": "https://192.168.4.2:8080/firmware/ota_client_v2.2.0.bin", "timestam , 
W (112054) GW_TCP_SERVER: tcp-01-01-Parse loop: start offset = 0,  remain = 468
W (112064) GW_TCP_SERVER: tcp-01-02-No newline found, waiting for more data, current buffer = {"msg_type": "ota_task", "task_id": "20251210_205012_758", "device_name": "Veh1_SCM1", "client_id": "758", "version": "v2.2.0", "firmware_url": "https://192.168.4.2:8080/firmware/ota_client_v2.2.0.bin", "timestamp": "20251210_205012", "status": "pending"}
{"msg_type": "ota_task", "task_id": "20251210_205026_758", "device_name": "Veh1_SCM1", "client_id": "758", "version": "v2.2.0", "firmware_url": "https://192.168.4.2:8080/firmware/ota_client_v2.2.0.bin", "timestam 
I (112114) GW_TCP_SERVER: tcp-01-04-Rx JSON from sock 37 :: {"msg_type": "ota_task", "task_id": "20251210_205012_758", "device_name": "Veh1_SCM1", "client_id": "758", "version": "v2.2.0", "firmware_url": "https://192.168.4.2:8080/firmware/ota_client_v2.2.0.bin", "timestamp": "20251210_205012", "status": "pending"}
I (112144) GW_TCP_SERVER: tcp-02-02-[OTA] Rx msg_type = ota_task from sock37 
I (112144) GW_TCP_SERVER: tcp-02-03-dispatching to msg_handler : sock = 37.  role = 1,  json= {"msg_type": "ota_task", "task_id": "20251210_205012_758", "device_name": "Veh1_SCM1", "client_id": "758", "version": "v2.2.0", "firmware_url": "https://192.168.4.2:8080/firmware/ota_client_v2.2.0.bin", "timestamp": "20251210_205012", "status": "pending"}
I (112184) GW_MSG_HANDLER: Processing message from sock 37 (role=1): {"msg_type": "ota_task", "task_id": "20251210_205012_758", "device_name": "Veh1_SCM1", "client_id": "758", "version": "v2.2.0", "firmware_url": "https://192.168.4.2:8080/firmware/ota_client_v2.2.0.bin", "timestamp": "20251210_205012", "status": "pending"}
I (112204) GW_MSG_HANDLER: GW Rx ota task, schedule delay dispatch to otaapp 
I (112214) OTA_APP_MGMT: New Task [20251210_205012_758] created in Queue, wait for User response 
W (112224) GW_TCP_SERVER: tcp-01-01-Parse loop: start offset = 256,  remain = 212
W (112234) GW_TCP_SERVER: tcp-01-02-No newline found, waiting for more data, current buffer = {"msg_type": "ota_task", "task_id": "20251210_205026_758", "device_name": "Veh1_SCM1", "client_id": "758", "version": "v2.2.0", "firmware_url": "https://192.168.4.2:8080/firmware/ota_client_v2.2.0.bin", "timestam 
I (112254) GW_TCP_SERVER: tcp-03-01-compacting buffer : 212
I (112264) GW_TCP_SERVER: tcp-00-01-process stream json from sock:: 37, role = 1, len = 256  rx_len(before)= 212
I (112274) GW_TCP_SERVER: tcp-00-02-after memcopy buffer appended, new rx_len = 212 , buffers = {"msg_type": "ota_task", "task_id": "20251210_205026_758", "device_name": "Veh1_SCM1", "client_id": "758", "version": "v2.2.0", "firmware_url": "https://192.168.4.2:8080/firmware/ota_client_v2.2.0.bin", "timestamp": "20251210_205026", "status": "pending"}
{"msg_type": "ota_task", "task_id": "20251210_205029_758", "device_name": "Veh1_SCM1", "client_id": "758", "version": "v2.2.0", "firmware_url": "https://192.168.4.2:8080/firmware/ota_client_v2.2.0.bin", "timestam
I (112324) GW_TCP_SERVER: tcp-00-03-before unlocked, new rx_len = 468 , buffers = {"msg_type": "ota_task", "task_id": "20251210_205026_758", "device_name": "Veh1_SCM1", "client_id": "758", "version": "v2.2.0", "firmware_url": "https://192.168.4.2:8080/firmware/ota_client_v2.2.0.bin", "timestamp": "20251210_205026", "status": "pending"}
{"msg_type": "ota_task", "task_id": "20251210_205029_758", "device_name": "Veh1_SCM1", "client_id": "758", "version": "v2.2.0", "firmware_url": "https://192.168.4.2:8080/firmware/ota_client_v2.2.0.bin", "timestam
I (112374) GW_TCP_SERVER: tcp-00-04-Rx 256 bytes from client 37 ::{"msg_type": "ota_task", "task_id": "20251210_205026_758", "device_name": "Veh1_SCM1", "client_id": "758", "version": "v2.2.0", "firmware_url": "https://192.168.4.2:8080/firmware/ota_client_v2.2.0.bin", "timestamp": "20251210_205026", "status": "pending"}
{"msg_type": "ota_task", "task_id": "20251210_205029_758", "device_name": "Veh1_SCM1", "client_id": "758", "version": "v2.2.0", "firmware_url": "https://192.168.4.2:8080/firmware/ota_client_v2.2.0.bin", "timestam , 
W (112414) GW_TCP_SERVER: tcp-01-01-Parse loop: start offset = 0,  remain = 468
W (112424) GW_TCP_SERVER: tcp-01-02-No newline found, waiting for more data, current buffer = {"msg_type": "ota_task", "task_id": "20251210_205026_758", "device_name": "Veh1_SCM1", "client_id": "758", "version": "v2.2.0", "firmware_url": "https://192.168.4.2:8080/firmware/ota_client_v2.2.0.bin", "timestamp": "20251210_205026", "status": "pending"}
{"msg_type": "ota_task", "task_id": "20251210_205029_758", "device_name": "Veh1_SCM1", "client_id": "758", "version": "v2.2.0", "firmware_url": "https://192.168.4.2:8080/firmware/ota_client_v2.2.0.bin", "timestam 
I (112474) GW_TCP_SERVER: tcp-01-04-Rx JSON from sock 37 :: {"msg_type": "ota_task", "task_id": "20251210_205026_758", "device_name": "Veh1_SCM1", "client_id": "758", "version": "v2.2.0", "firmware_url": "https://192.168.4.2:8080/firmware/ota_client_v2.2.0.bin", "timestamp": "20251210_205026", "status": "pending"}
I (112504) GW_TCP_SERVER: tcp-02-02-[OTA] Rx msg_type = ota_task from sock37 
I (112504) GW_TCP_SERVER: tcp-02-03-dispatching to msg_handler : sock = 37.  role = 1,  json= {"msg_type": "ota_task", "task_id": "20251210_205026_758", "device_name": "Veh1_SCM1", "client_id": "758", "version": "v2.2.0", "firmware_url": "https://192.168.4.2:8080/firmware/ota_client_v2.2.0.bin", "timestamp": "20251210_205026", "status": "pending"}
I (112534) GW_MSG_HANDLER: Processing message from sock 37 (role=1): {"msg_type": "ota_task", "task_id": "20251210_205026_758", "device_name": "Veh1_SCM1", "client_id": "758", "version": "v2.2.0", "firmware_url": "https://192.168.4.2:8080/firmware/ota_client_v2.2.0.bin", "timestamp": "20251210_205026", "status": "pending"}
I (112564) GW_MSG_HANDLER: GW Rx ota task, schedule delay dispatch to otaapp 
I (112574) OTA_APP_MGMT: New Task [20251210_205026_758] created in Queue, wait for User response 
W (112584) GW_TCP_SERVER: tcp-01-01-Parse loop: start offset = 256,  remain = 212
W (112584) GW_TCP_SERVER: tcp-01-02-No newline found, waiting for more data, current buffer = {"msg_type": "ota_task", "task_id": "20251210_205029_758", "device_name": "Veh1_SCM1", "client_id": "758", "version": "v2.2.0", "firmware_url": "https://192.168.4.2:8080/firmware/ota_client_v2.2.0.bin", "timestam 
I (112614) GW_TCP_SERVER: tcp-03-01-compacting buffer : 212
I (112624) GW_TCP_SERVER: tcp-00-01-process stream json from sock:: 37, role = 1, len = 256  rx_len(before)= 212
I (112634) GW_TCP_SERVER: tcp-00-02-after memcopy buffer appended, new rx_len = 212 , buffers = {"msg_type": "ota_task", "task_id": "20251210_205029_758", "device_name": "Veh1_SCM1", "client_id": "758", "version": "v2.2.0", "firmware_url": "https://192.168.4.2:8080/firmware/ota_client_v2.2.0.bin", "timestamp": "20251210_205029", "status": "pending"}
{"msg_type": "ota_task", "task_id": "20251210_205031_758", "device_name": "Veh1_SCM1", "client_id": "758", "version": "v2.2.0", "firmware_url": "https://192.168.4.2:8080/firmware/ota_client_v2.2.0.bin", "timestam
I (112684) GW_TCP_SERVER: tcp-00-03-before unlocked, new rx_len = 468 , buffers = {"msg_type": "ota_task", "task_id": "20251210_205029_758", "device_name": "Veh1_SCM1", "client_id": "758", "version": "v2.2.0", "firmware_url": "https://192.168.4.2:8080/firmware/ota_client_v2.2.0.bin", "timestamp": "20251210_205029", "status": "pending"}
{"msg_type": "ota_task", "task_id": "20251210_205031_758", "device_name": "Veh1_SCM1", "client_id": "758", "version": "v2.2.0", "firmware_url": "https://192.168.4.2:8080/firmware/ota_client_v2.2.0.bin", "timestam
I (112724) GW_TCP_SERVER: tcp-00-04-Rx 256 bytes from client 37 ::{"msg_type": "ota_task", "task_id": "20251210_205029_758", "device_name": "Veh1_SCM1", "client_id": "758", "version": "v2.2.0", "firmware_url": "https://192.168.4.2:8080/firmware/ota_client_v2.2.0.bin", "timestamp": "20251210_205029", "status": "pending"}
{"msg_type": "ota_task", "task_id": "20251210_205031_758", "device_name": "Veh1_SCM1", "client_id": "758", "version": "v2.2.0", "firmware_url": "https://192.168.4.2:8080/firmware/ota_client_v2.2.0.bin", "timestam , 
W (112774) GW_TCP_SERVER: tcp-01-01-Parse loop: start offset = 0,  remain = 468
W (112784) GW_TCP_SERVER: tcp-01-02-No newline found, waiting for more data, current buffer = {"msg_type": "ota_task", "task_id": "20251210_205029_758", "device_name": "Veh1_SCM1", "client_id": "758", "version": "v2.2.0", "firmware_url": "https://192.168.4.2:8080/firmware/ota_client_v2.2.0.bin", "timestamp": "20251210_205029", "status": "pending"}
{"msg_type": "ota_task", "task_id": "20251210_205031_758", "device_name": "Veh1_SCM1", "client_id": "758", "version": "v2.2.0", "firmware_url": "https://192.168.4.2:8080/firmware/ota_client_v2.2.0.bin", "timestam 
I (112834) GW_TCP_SERVER: tcp-01-04-Rx JSON from sock 37 :: {"msg_type": "ota_task", "task_id": "20251210_205029_758", "device_name": "Veh1_SCM1", "client_id": "758", "version": "v2.2.0", "firmware_url": "https://192.168.4.2:8080/firmware/ota_client_v2.2.0.bin", "timestamp": "20251210_205029", "status": "pending"}
I (112854) GW_TCP_SERVER: tcp-02-02-[OTA] Rx msg_type = ota_task from sock37 
I (112864) GW_TCP_SERVER: tcp-02-03-dispatching to msg_handler : sock = 37.  role = 1,  json= {"msg_type": "ota_task", "task_id": "20251210_205029_758", "device_name": "Veh1_SCM1", "client_id": "758", "version": "v2.2.0", "firmware_url": "https://192.168.4.2:8080/firmware/ota_client_v2.2.0.bin", "timestamp": "20251210_205029", "status": "pending"}
I (112894) GW_MSG_HANDLER: Processing message from sock 37 (role=1): {"msg_type": "ota_task", "task_id": "20251210_205029_758", "device_name": "Veh1_SCM1", "client_id": "758", "version": "v2.2.0", "firmware_url": "https://192.168.4.2:8080/firmware/ota_client_v2.2.0.bin", "timestamp": "20251210_205029", "status": "pending"}
I (112924) GW_MSG_HANDLER: GW Rx ota task, schedule delay dispatch to otaapp 
I (112934) OTA_APP_MGMT: New Task [20251210_205029_758] created in Queue, wait for User response 
W (112944) GW_TCP_SERVER: tcp-01-01-Parse loop: start offset = 256,  remain = 212
W (112944) GW_TCP_SERVER: tcp-01-02-No newline found, waiting for more data, current buffer = {"msg_type": "ota_task", "task_id": "20251210_205031_758", "device_name": "Veh1_SCM1", "client_id": "758", "version": "v2.2.0", "firmware_url": "https://192.168.4.2:8080/firmware/ota_client_v2.2.0.bin", "timestam 
I (112974) GW_TCP_SERVER: tcp-03-01-compacting buffer : 212
I (112974) GW_TCP_SERVER: tcp-00-01-process stream json from sock:: 37, role = 1, len = 256  rx_len(before)= 212
I (112984) GW_TCP_SERVER: tcp-00-02-after memcopy buffer appended, new rx_len = 212 , buffers = {"msg_type": "ota_task", "task_id": "20251210_205031_758", "device_name": "Veh1_SCM1", "client_id": "758", "version": "v2.2.0", "firmware_url": "https://192.168.4.2:8080/firmware/ota_client_v2.2.0.bin", "timestamp": "20251210_205031", "status": "pending"}
{"msg_type": "ota_task", "task_id": "20251210_205033_758", "device_name": "Veh1_SCM1", "client_id": "758", "version": "v2.2.0", "firmware_url": "https://192.168.4.2:8080/firmware/ota_client_v2.2.0.bin", "timestam
I (113034) GW_TCP_SERVER: tcp-00-03-before unlocked, new rx_len = 468 , buffers = {"msg_type": "ota_task", "task_id": "20251210_205031_758", "device_name": "Veh1_SCM1", "client_id": "758", "version": "v2.2.0", "firmware_url": "https://192.168.4.2:8080/firmware/ota_client_v2.2.0.bin", "timestamp": "20251210_205031", "status": "pending"}
{"msg_type": "ota_task", "task_id": "20251210_205033_758", "device_name": "Veh1_SCM1", "client_id": "758", "version": "v2.2.0", "firmware_url": "https://192.168.4.2:8080/firmware/ota_client_v2.2.0.bin", "timestam
I (113084) GW_TCP_SERVER: tcp-00-04-Rx 256 bytes from client 37 ::{"msg_type": "ota_task", "task_id": "20251210_205031_758", "device_name": "Veh1_SCM1", "client_id": "758", "version": "v2.2.0", "firmware_url": "https://192.168.4.2:8080/firmware/ota_client_v2.2.0.bin", "timestamp": "20251210_205031", "status": "pending"}
{"msg_type": "ota_task", "task_id": "20251210_205033_758", "device_name": "Veh1_SCM1", "client_id": "758", "version": "v2.2.0", "firmware_url": "https://192.168.4.2:8080/firmware/ota_client_v2.2.0.bin", "timestam , 
W (113134) GW_TCP_SERVER: tcp-01-01-Parse loop: start offset = 0,  remain = 468
W (113144) GW_TCP_SERVER: tcp-01-02-No newline found, waiting for more data, current buffer = {"msg_type": "ota_task", "task_id": "20251210_205031_758", "device_name": "Veh1_SCM1", "client_id": "758", "version": "v2.2.0", "firmware_url": "https://192.168.4.2:8080/firmware/ota_client_v2.2.0.bin", "timestamp": "20251210_205031", "status": "pending"}
{"msg_type": "ota_task", "task_id": "20251210_205033_758", "device_name": "Veh1_SCM1", "client_id": "758", "version": "v2.2.0", "firmware_url": "https://192.168.4.2:8080/firmware/ota_client_v2.2.0.bin", "timestam 
I (113184) GW_TCP_SERVER: tcp-01-04-Rx JSON from sock 37 :: {"msg_type": "ota_task", "task_id": "20251210_205031_758", "device_name": "Veh1_SCM1", "client_id": "758", "version": "v2.2.0", "firmware_url": "https://192.168.4.2:8080/firmware/ota_client_v2.2.0.bin", "timestamp": "20251210_205031", "status": "pending"}
I (113214) GW_TCP_SERVER: tcp-02-02-[OTA] Rx msg_type = ota_task from sock37 
I (113224) GW_TCP_SERVER: tcp-02-03-dispatching to msg_handler : sock = 37.  role = 1,  json= {"msg_type": "ota_task", "task_id": "20251210_205031_758", "device_name": "Veh1_SCM1", "client_id": "758", "version": "v2.2.0", "firmware_url": "https://192.168.4.2:8080/firmware/ota_client_v2.2.0.bin", "timestamp": "20251210_205031", "status": "pending"}
I (113254) GW_MSG_HANDLER: Processing message from sock 37 (role=1): {"msg_type": "ota_task", "task_id": "20251210_205031_758", "device_name": "Veh1_SCM1", "client_id": "758", "version": "v2.2.0", "firmware_url": "https://192.168.4.2:8080/firmware/ota_client_v2.2.0.bin", "timestamp": "20251210_205031", "status": "pending"}
I (113284) GW_MSG_HANDLER: GW Rx ota task, schedule delay dispatch to otaapp 
I (113284) OTA_APP_MGMT: New Task [20251210_205031_758] created in Queue, wait for User response 
W (113294) GW_TCP_SERVER: tcp-01-01-Parse loop: start offset = 256,  remain = 212
W (113304) GW_TCP_SERVER: tcp-01-02-No newline found, waiting for more data, current buffer = {"msg_type": "ota_task", "task_id": "20251210_205033_758", "device_name": "Veh1_SCM1", "client_id": "758", "version": "v2.2.0", "firmware_url": "https://192.168.4.2:8080/firmware/ota_client_v2.2.0.bin", "timestam 
I (113334) GW_TCP_SERVER: tcp-03-01-compacting buffer : 212
I (113334) GW_TCP_SERVER: tcp-00-01-process stream json from sock:: 37, role = 1, len = 256  rx_len(before)= 212
I (113344) GW_TCP_SERVER: tcp-00-02-after memcopy buffer appended, new rx_len = 212 , buffers = {"msg_type": "ota_task", "task_id": "20251210_205033_758", "device_name": "Veh1_SCM1", "client_id": "758", "version": "v2.2.0", "firmware_url": "https://192.168.4.2:8080/firmware/ota_client_v2.2.0.bin", "timestamp": "20251210_205033", "status": "pending"}
{"msg_type": "ota_task", "task_id": "20251210_205035_758", "device_name": "Veh1_SCM1", "client_id": "758", "version": "v2.2.0", "firmware_url": "https://192.168.4.2:8080/firmware/ota_client_v2.2.0.bin", "timestam
I (113394) GW_TCP_SERVER: tcp-00-03-before unlocked, new rx_len = 468 , buffers = {"msg_type": "ota_task", "task_id": "20251210_205033_758", "device_name": "Veh1_SCM1", "client_id": "758", "version": "v2.2.0", "firmware_url": "https://192.168.4.2:8080/firmware/ota_client_v2.2.0.bin", "timestamp": "20251210_205033", "status": "pending"}
{"msg_type": "ota_task", "task_id": "20251210_205035_758", "device_name": "Veh1_SCM1", "client_id": "758", "version": "v2.2.0", "firmware_url": "https://192.168.4.2:8080/firmware/ota_client_v2.2.0.bin", "timestam
I (113444) GW_TCP_SERVER: tcp-00-04-Rx 256 bytes from client 37 ::{"msg_type": "ota_task", "task_id": "20251210_205033_758", "device_name": "Veh1_SCM1", "client_id": "758", "version": "v2.2.0", "firmware_url": "https://192.168.4.2:8080/firmware/ota_client_v2.2.0.bin", "timestamp": "20251210_205033", "status": "pending"}
{"msg_type": "ota_task", "task_id": "20251210_205035_758", "device_name": "Veh1_SCM1", "client_id": "758", "version": "v2.2.0", "firmware_url": "https://192.168.4.2:8080/firmware/ota_client_v2.2.0.bin", "timestam , 
W (113494) GW_TCP_SERVER: tcp-01-01-Parse loop: start offset = 0,  remain = 468
W (113494) GW_TCP_SERVER: tcp-01-02-No newline found, waiting for more data, current buffer = {"msg_type": "ota_task", "task_id": "20251210_205033_758", "device_name": "Veh1_SCM1", "client_id": "758", "version": "v2.2.0", "firmware_url": "https://192.168.4.2:8080/firmware/ota_client_v2.2.0.bin", "timestamp": "20251210_205033", "status": "pending"}
{"msg_type": "ota_task", "task_id": "20251210_205035_758", "device_name": "Veh1_SCM1", "client_id": "758", "version": "v2.2.0", "firmware_url": "https://192.168.4.2:8080/firmware/ota_client_v2.2.0.bin", "timestam 
I (113544) GW_TCP_SERVER: tcp-01-04-Rx JSON from sock 37 :: {"msg_type": "ota_task", "task_id": "20251210_205033_758", "device_name": "Veh1_SCM1", "client_id": "758", "version": "v2.2.0", "firmware_url": "https://192.168.4.2:8080/firmware/ota_client_v2.2.0.bin", "timestamp": "20251210_205033", "status": "pending"}
I (113574) GW_TCP_SERVER: tcp-02-02-[OTA] Rx msg_type = ota_task from sock37 
I (113584) GW_TCP_SERVER: tcp-02-03-dispatching to msg_handler : sock = 37.  role = 1,  json= {"msg_type": "ota_task", "task_id": "20251210_205033_758", "device_name": "Veh1_SCM1", "client_id": "758", "version": "v2.2.0", "firmware_url": "https://192.168.4.2:8080/firmware/ota_client_v2.2.0.bin", "timestamp": "20251210_205033", "status": "pending"}
I (113614) GW_MSG_HANDLER: Processing message from sock 37 (role=1): {"msg_type": "ota_task", "task_id": "20251210_205033_758", "device_name": "Veh1_SCM1", "client_id": "758", "version": "v2.2.0", "firmware_url": "https://192.168.4.2:8080/firmware/ota_client_v2.2.0.bin", "timestamp": "20251210_205033", "status": "pending"}
I (113644) GW_MSG_HANDLER: GW Rx ota task, schedule delay dispatch to otaapp 
I (113644) OTA_APP_MGMT: New Task [20251210_205033_758] created in Queue, wait for User response 
W (113654) GW_TCP_SERVER: tcp-01-01-Parse loop: start offset = 256,  remain = 212
W (113664) GW_TCP_SERVER: tcp-01-02-No newline found, waiting for more data, current buffer = {"msg_type": "ota_task", "task_id": "20251210_205035_758", "device_name": "Veh1_SCM1", "client_id": "758", "version": "v2.2.0", "firmware_url": "https://192.168.4.2:8080/firmware/ota_client_v2.2.0.bin", "timestam 
I (113684) GW_TCP_SERVER: tcp-03-01-compacting buffer : 212
I (113694) GW_TCP_SERVER: tcp-00-01-process stream json from sock:: 37, role = 1, len = 44  rx_len(before)= 212
I (113704) GW_TCP_SERVER: tcp-00-02-after memcopy buffer appended, new rx_len = 212 , buffers = {"msg_type": "ota_task", "task_id": "20251210_205035_758", "device_name": "Veh1_SCM1", "client_id": "758", "version": "v2.2.0", "firmware_url": "https://192.168.4.2:8080/firmware/ota_client_v2.2.0.bin", "timestamp": "20251210_205035", "status": "pending"}
{"msg_type": "ota_task", "task_id": "20251210_205035_758", "device_name": "Veh1_SCM1", "client_id": "758", "version": "v2.2.0", "firmware_url": "https://192.168.4.2:8080/firmware/ota_client_v2.2.0.bin", "timestam
I (113754) GW_TCP_SERVER: tcp-00-03-before unlocked, new rx_len = 256 , buffers = {"msg_type": "ota_task", "task_id": "20251210_205035_758", "device_name": "Veh1_SCM1", "client_id": "758", "version": "v2.2.0", "firmware_url": "https://192.168.4.2:8080/firmware/ota_client_v2.2.0.bin", "timestamp": "20251210_205035", "status": "pending"}

I (113784) GW_TCP_SERVER: tcp-00-04-Rx 44 bytes from client 37 ::{"msg_type": "ota_task", "task_id": "20251210_205035_758", "device_name": "Veh1_SCM1", "client_id": "758", "version": "v2.2.0", "firmware_url": "https://192.168.4.2:8080/firmware/ota_client_v2.2.0.bin", "timestamp": "20251210_205035", "status": "pending"}
 , 
W (113814) GW_TCP_SERVER: tcp-01-01-Parse loop: start offset = 0,  remain = 256
W (113814) GW_TCP_SERVER: tcp-01-02-No newline found, waiting for more data, current buffer = {"msg_type": "ota_task", "task_id": "20251210_205035_758", "device_name": "Veh1_SCM1", "client_id": "758", "version": "v2.2.0", "firmware_url": "https://192.168.4.2:8080/firmware/ota_client_v2.2.0.bin", "timestamp": "20251210_205035", "status": "pending"}
 
I (113844) GW_TCP_SERVER: tcp-01-04-Rx JSON from sock 37 :: {"msg_type": "ota_task", "task_id": "20251210_205035_758", "device_name": "Veh1_SCM1", "client_id": "758", "version": "v2.2.0", "firmware_url": "https://192.168.4.2:8080/firmware/ota_client_v2.2.0.bin", "timestamp": "20251210_205035", "status": "pending"}
I (113874) GW_TCP_SERVER: tcp-02-02-[OTA] Rx msg_type = ota_task from sock37 
I (113884) GW_TCP_SERVER: tcp-02-03-dispatching to msg_handler : sock = 37.  role = 1,  json= {"msg_type": "ota_task", "task_id": "20251210_205035_758", "device_name": "Veh1_SCM1", "client_id": "758", "version": "v2.2.0", "firmware_url": "https://192.168.4.2:8080/firmware/ota_client_v2.2.0.bin", "timestamp": "20251210_205035", "status": "pending"}
I (113914) GW_MSG_HANDLER: Processing message from sock 37 (role=1): {"msg_type": "ota_task", "task_id": "20251210_205035_758", "device_name": "Veh1_SCM1", "client_id": "758", "version": "v2.2.0", "firmware_url": "https://192.168.4.2:8080/firmware/ota_client_v2.2.0.bin", "timestamp": "20251210_205035", "status": "pending"}
I (113944) GW_MSG_HANDLER: GW Rx ota task, schedule delay dispatch to otaapp 
I (113954) OTA_APP_MGMT: New Task [20251210_205035_758] created in Queue, wait for User response 
W (113954) GW_TCP_SERVER: tcp-01-01-Parse loop: start offset = 256,  remain = 0
W (113964) GW_TCP_SERVER: tcp-01-02-No newline found, waiting for more data, current buffer =  
I (113974) GW_TCP_SERVER: tcp-03-01-compacting buffer : 0
E (113974) GW_TCP_SERVER: recv failed: errno 113
I (113984) GW_TCP_SERVER: Closing client socket 37