r = {"msg_type": "hello", "role": "ota_server"}
 
I (40234) GW_TCP_SERVER: tcp-01-04-Rx JSON from sock 37 :: {"msg_type": "hello", "role": "ota_server"}
I (40234) GW_TCP_SERVER: tcp-02-02-[OTA] Rx msg_type = hello from sock37 
I (40244) GW_TCP_SERVER: tcp-02-03-dispatching to msg_handler : sock = 37.  role = 1,  json= {"msg_type": "hello", "role": "ota_server"}
I (40254) GW_MSG_HANDLER: Processing message from sock 37 (role=1): {"msg_type": "hello", "role": "ota_server"}
I (40264) GW_MSG_HANDLER: OTA server hello received on sock 37
W (40274) GW_TCP_SERVER: tcp-01-01-Parse loop: start offset = 0,  remain = 44
W (40274) GW_TCP_SERVER: tcp-01-02-No newline found, waiting for more data, current buffer = {"msg_type": "hello", "role": "ota_server"}
 
I (40294) GW_TCP_SERVER: tcp-01-04-Rx JSON from sock 37 :: {"msg_type": "hello", "role": "ota_server"}
I (40304) GW_TCP_SERVER: tcp-02-02-[OTA] Rx msg_type = hello from sock37 
I (40304) GW_TCP_SERVER: tcp-02-03-dispatching to msg_handler : sock = 37.  role = 1,  json= {"msg_type": "hello", "role": "ota_server"}
I (40314) GW_MSG_HANDLER: Processing message from sock 37 (role=1): {"msg_type": "hello", "role": "ota_server"}
I (40324) GW_MSG_HANDLER: OTA server hello received on sock 37
W (40334) GW_TCP_SERVER: tcp-01-01-Parse loop: start offset = 0,  remain = 44
W (40344) GW_TCP_SERVER: tcp-01-02-No newline found, waiting for more data, current buffer = {"msg_type": "hello", "role": "ota_server"}
 
I (40354) GW_TCP_SERVER: tcp-01-04-Rx JSON from sock 37 :: {"msg_type": "hello", "role": "ota_server"}
I (40364) GW_TCP_SERVER: tcp-02-02-[OTA] Rx msg_type = hello from sock37 
I (40364) GW_TCP_SERVER: tcp-02-03-dispatching to msg_handler : sock = 37.  role = 1,  json= {"msg_type": "hello", "role": "ota_server"}
I (40384) GW_MSG_HANDLER: ProcessingE (40384) task_wdt: Task watchdog got triggered. The following tasks/users did not reset the watchdog in time:
E (40384) task_wdt:  - IDLE0 (CPU 0)
E (40384) task_wdt: Tasks currently running:
E (40384) task_wdt: CPU 0: tcp_server_9001
E (40384) task_wdt: CPU 1: IDLE1
E (40384) task_wdt: Print CPU 0 (current core) backtrace


Backtrace: 0x42017F36:0x3FC9BB70 0x4201835C:0x3FC9BB90 0x40377125:0x3FC9BBC0 0x42008682:0x3FCC29B0 0x420095C5:0x3FCC29E0 0x4200B312:0x3FCC2A10 0x42086E46:0x3FCC2A30 0x4200A7FD:0x3FCC2A50 0x4200B312:0x3FCC2A70 0x4208670E:0x3FCC2A90 0x42085BEB:0x3FCC2AB0 0x42085C3F:0x3FCC2AE0 0x420862D5:0x3FCC2B00 0x420902CF:0x3FCC2B30 0x420901C2:0x3FCC2B50 0x42086785:0x3FCC2E70 0x40382223:0x3FCC2EA0 0x4200E19A:0x3FCC2F00 0x4200DC31:0x3FCC2F40 0x4200E05A:0x3FCC3380 0x4209AAC6:0x3FCC35E0
--- 0x42017f36: task_wdt_timeout_handling at /Users/maochun/esp32prj/esp-idf/components/esp_system/task_wdt/task_wdt.c:436
--- 0x4201835c: task_wdt_isr at /Users/maochun/esp32prj/esp-idf/components/esp_system/task_wdt/task_wdt.c:509
--- 0x40377125: _xt_lowint1 at /Users/maochun/esp32prj/esp-idf/components/xtensa/xtensa_vectors.S:1240
--- 0x42008682: uart_ll_get_txfifo_len at /Users/maochun/esp32prj/esp-idf/components/hal/esp32s3/include/hal/uart_ll.h:430
--- (inlined by) uart_tx_char at /Users/maochun/esp32prj/esp-idf/components/esp_driver_uart/src/uart_vfs.c:190
--- 0x420095c5: uart_write at /Users/maochun/esp32prj/esp-idf/components/esp_driver_uart/src/uart_vfs.c:245
--- 0x4200b312: esp_vfs_write at /Users/maochun/esp32prj/esp-idf/components/vfs/vfs.c:982
--- 0x42086e46: write at /builds/idf/crosstool-NG/.build/xtensa-esp-elf/src/newlib/newlib/libc/syscalls/syswrite.c:11
--- 0x4200a7fd: console_write at /Users/maochun/esp32prj/esp-idf/components/esp_vfs_console/vfs_console.c:83
--- 0x4200b312: esp_vfs_write at /Users/maochun/esp32prj/esp-idf/components/vfs/vfs.c:982
--- 0x4208670e: __swrite at /builds/idf/crosstool-NG/.build/xtensa-esp-elf/src/newlib/newlib/libc/stdio/stdio.c:94
--- 0x42085beb: __sflush_r at /builds/idf/crosstool-NG/.build/xtensa-esp-elf/src/newlib/newlib/libc/stdio/fflush.c:224
--- 0x42085c3f: _fflush_r at /builds/idf/crosstool-NG/.build/xtensa-esp-elf/src/newlib/newlib/libc/stdio/fflush.c:278
--- 0x420862d5: __sfvwrite_r at /builds/idf/crosstool-NG/.build/xtensa-esp-elf/src/newlib/newlib/libc/stdio/fvwrite.c:276
--- 0x420902cf: __sprint_r at /builds/idf/crosstool-NG/.build/xtensa-esp-elf/src/newlib/newlib/libc/stdio/sprint_r.c:24
--- 0x420901c2: _vfprintf_r at /builds/idf/crosstool-NG/.build/xtensa-esp-elf/src/newlib/newlib/libc/stdio/vfprintf.c:1531
--- 0x42086785: vprintf at /builds/idf/crosstool-NG/.build/xtensa-esp-elf/src/newlib/newlib/libc/stdio/vprintf.c:34
--- 0x40382223: esp_log_va at /Users/maochun/esp32prj/esp-idf/components/log/src/log.c:43
--- (inlined by) esp_log at /Users/maochun/esp32prj/esp-idf/components/log/src/log.c:88
--- 0x4200e19a: msg_handler_process at /Users/maochun/esp32prj/Project_CAM/branch/ota_GW/ota_gw/handler/msg_handler/msg_handler.c:53
--- 0x4200dc31: process_stream_json at /Users/maochun/esp32prj/Project_CAM/branch/ota_GW/ota_gw/protocol/tcp_server/tcp_server.c:214
--- 0x4200e05a: tcp_server_task at /Users/maochun/esp32prj/Project_CAM/branch/ota_GW/ota_gw/protocol/tcp_server/tcp_server.c:332
--- 0x4209aac6: vPortTaskWrapper at /Users/maochun/esp32prj/esp-idf/components/freertos/FreeRTOS-Kernel/portable/xtensa/port.c:139

 message from sock 37 (role=1): {"msg_type": "hello", "role": "ota_server"}
I (40464) GW_MSG_HANDLER: OTA server hello received on sock 37
W (40464) GW_TCP_SERVER: tcp-01-01-Parse loop: start offset = 0,  remain = 44
W (40474) GW_TCP_SERVER: tcp-01-02-No newline found, waiting for more data, current buffer = {"msg_type": "hello", "role": "ota_server"}
 
I (40484) GW_TCP_SERVER: tcp-01-04-Rx JSON from sock 37 :: {"msg_type": "hello", "role": "ota_server"}
I (40494) GW_TCP_SERVER: tcp-02-02-[OTA] Rx msg_type = hello from sock37 
I (40504) GW_TCP_SERVER: tcp-02-03-dispatching to msg_handler : sock = 37.  role = 1,  json= {"msg_type": "hello", "role": "ota_server"}
I (40514) GW_MSG_HANDLER: Processing message from sock 37 (role=1): {"msg_type": "hello", "role": "ota_server"}
I (40524) GW_MSG_HANDLER: OTA server hello received on sock 37
W (40524) GW_TCP_SERVER: tcp-01-01-Parse loop: start offset = 0,  remain = 44
W (40534) GW_TCP_SERVER: tcp-01-02-No newline found, waiting for more data, current buffer = {"msg_type": "hello", "role": "ota_server"}
 
I (40544) GW_TCP_SERVER: tcp-01-04-Rx JSON from sock 37 :: {"msg_type": "hello", "role": "ota_server"}
I (40554) GW_TCP_SERVER: tcp-02-02-[OTA] Rx msg_type = hello from sock37 
I (40564) GW_TCP_SERVER: tcp-02-03-dispatching to msg_handler : sock = 37.  role = 1,  json= {"msg_type": "hello", "role": "ota_server"}
I (40574) GW_MSG_HANDLER: Processing message from sock 37 (role=1): {"msg_type": "hello", "role": "ota_server"}
I (40584) GW_MSG_HANDLER: OTA server hello received on sock 37
W (40594) GW_TCP_SERVER: tcp-01-01-Parse loop: start offset = 0,  remain = 44
W (40594) GW_TCP_SERVER: tcp-01-02-No newline found, waiting for more data, current buffer = {"msg_type": "hello", "role": "ota_server"}
 
I (40614) GW_TCP_SERVER: tcp-01-04-Rx JSON from sock 37 :: {"msg_type": "hello", "role": "ota_server"}
I (40614) GW_TCP_SERVER: tcp-02-02-[OTA] Rx msg_type = hello from sock37 
I (40624) GW_TCP_SERVER: tcp-02-03-dispatching to msg_handler : sock = 37.  role = 1,  json= {"msg_type": "hello", "role": "ota_server"}
I (40634) GW_MSG_HANDLER: Processing message from sock 37 (role=1): {"msg_type": "hello", "role": "ota_server"}
I (40644) GW_MSG_HANDLER: OTA server hello received on sock 37
W (40654) GW_TCP_SERVER: tcp-01-01-Parse loop: start offset = 0,  remain = 44
W (40664) GW_TCP_SERVER: tcp-01-02-No newline found, waiting for more data, current buffer = {"msg_type": "hello", "role": "ota_server"}
 