GW tcp 

I (26584) GW_TCP_SERVER: tcp-00-02-after memcopy buffer appended, new rx_len = 0 , buffers = {"msg_type": "keep_alive_ack"}

I (26594) GW_TCP_SERVER: tcp-00-03-before unlocked, new rx_len = 31 , buffers = {"msg_type": "keep_alive_ack"}

I (26604) GW_TCP_SERVER: tcp-00-04-Rx 31 bytes from client 37 ::{"msg_type": "keep_alive_ack"}
 , 
W (26614) GW_TCP_SERVER: tcp-01-01-Parse loop: start offset = 0,  remain = 31
W (26624) GW_TCP_SERVER: tcp-01-02-No newline found, waiting for more data, current buffer = {"msg_type": "keep_alive_ack"}
 
I (26634) GW_TCP_SERVER: tcp-01-04-Rx JSON from sock 37 :: {"msg_type": "keep_alive_ack"}
I (26644) GW_TCP_SERVER: tcp-02-01-[OTA] Rx keep_alive_ack from sock: 37
W (26644) GW_TCP_SERVER: tcp-01-01-Parse loop: start offset = 31,  remain = 0
W (26654) GW_TCP_SERVER: tcp-01-02-No newline found, waiting for more data, current buffer =  
I (26664) GW_TCP_SERVER: tcp-03-01-compacting buffer : 0
I (31614) GW_TCP_SERVER: tcp-00-01-process stream json from sock:: 37, role = 1, len = 31  rx_len(before)= 0
I (31614) GW_TCP_SERVER: tcp-00-02-after memcopy buffer appended, new rx_len = 0 , buffers = {"msg_type": "keep_alive_ack"}

I (31624) GW_TCP_SERVER: tcp-00-03-before unlocked, new rx_len = 31 , buffers = {"msg_type": "keep_alive_ack"}

I (31634) GW_TCP_SERVER: tcp-00-04-Rx 31 bytes from client 37 ::{"msg_type": "keep_alive_ack"}
 , 
W (31644) GW_TCP_SERVER: tcp-01-01-Parse loop: start offset = 0,  remain = 31
W (31654) GW_TCP_SERVER: tcp-01-02-No newline found, waiting for more data, current buffer = {"msg_type": "keep_alive_ack"}
 
I (31664) GW_TCP_SERVER: tcp-01-04-Rx JSON from sock 37 :: {"msg_type": "keep_alive_ack"}
I (31674) GW_TCP_SERVER: tcp-02-01-[OTA] Rx keep_alive_ack from sock: 37
W (31674) GW_TCP_SERVER: tcp-01-01-Parse loop: start offset = 31,  remain = 0
W (31684) GW_TCP_SERVER: tcp-01-02-No newline found, waiting for more data, current buffer =  
I (31694) GW_TCP_SERVER: tcp-03-01-compacting buffer : 0
I (36554) GW_TCP_SERVER: tcp-00-01-process stream json from sock:: 37, role = 1, len = 31  rx_len(before)= 0
I (36554) GW_TCP_SERVER: tcp-00-02-after memcopy buffer appended, new rx_len = 0 , buffers = {"msg_type": "keep_alive_ack"}

I (36564) GW_TCP_SERVER: tcp-00-03-before unlocked, new rx_len = 31 , buffers = {"msg_type": "keep_alive_ack"}

I (36574) GW_TCP_SERVER: tcp-00-04-Rx 31 bytes from client 37 ::{"msg_type": "keep_alive_ack"}
 , 
W (36584) GW_TCP_SERVER: tcp-01-01-Parse loop: start offset = 0,  remain = 31
W (36584) GW_TCP_SERVER: tcp-01-02-No newline found, waiting for more data, current buffer = {"msg_type": "keep_alive_ack"}
 
I (36594) GW_TCP_SERVER: tcp-01-04-Rx JSON from sock 37 :: {"msg_type": "keep_alive_ack"}
I (36604) GW_TCP_SERVER: tcp-02-01-[OTA] Rx keep_alive_ack from sock: 37
W (36614) GW_TCP_SERVER: tcp-01-01-Parse loop: start offset = 31,  remain = 0
W (36624) GW_TCP_SERVER: tcp-01-02-No newline found, waiting for more data, current buffer =  
I (36624) GW_TCP_SERVER: tcp-03-01-compacting buffer : 0
I (41554) GW_TCP_SERVER: tcp-00-01-process stream json from sock:: 37, role = 1, len = 31  rx_len(before)= 0
I (41554) GW_TCP_SERVER: tcp-00-02-after memcopy buffer appended, new rx_len = 0 , buffers = {"msg_type": "keep_alive_ack"}

I (41564) GW_TCP_SERVER: tcp-00-03-before unlocked, new rx_len = 31 , buffers = {"msg_type": "keep_alive_ack"}

I (41574) GW_TCP_SERVER: tcp-00-04-Rx 31 bytes from client 37 ::{"msg_type": "keep_alive_ack"}
 , 
W (41584) GW_TCP_SERVER: tcp-01-01-Parse loop: start offset = 0,  remain = 31
W (41594) GW_TCP_SERVER: tcp-01-02-No newline found, waiting for more data, current buffer = {"msg_type": "keep_alive_ack"}
 
I (41604) GW_TCP_SERVER: tcp-01-04-Rx JSON from sock 37 :: {"msg_type": "keep_alive_ack"}
I (41614) GW_TCP_SERVER: tcp-02-01-[OTA] Rx keep_alive_ack from sock: 37
W (41614) GW_TCP_SERVER: tcp-01-01-Parse loop: start offset = 31,  remain = 0
W (41624) GW_TCP_SERVER: tcp-01-02-No newline found, waiting for more data, current buffer =  
I (41634) GW_TCP_SERVER: tcp-03-01-compacting buffer : 0
I (46624) GW_TCP_SERVER: tcp-00-01-process stream json from sock:: 37, role = 1, len = 31  rx_len(before)= 0
I (46624) GW_TCP_SERVER: tcp-00-02-after memcopy buffer appended, new rx_len = 0 , buffers = {"msg_type": "keep_alive_ack"}

I (46634) GW_TCP_SERVER: tcp-00-03-before unlocked, new rx_len = 31 , buffers = {"msg_type": "keep_alive_ack"}

I (46644) GW_TCP_SERVER: tcp-00-04-Rx 31 bytes from client 37 ::{"msg_type": "keep_alive_ack"}
 , 
W (46644) GW_TCP_SERVER: tcp-01-01-Parse loop: start offset = 0,  remain = 31
W (46654) GW_TCP_SERVER: tcp-01-02-No newline found, waiting for more data, current buffer = {"msg_type": "keep_alive_ack"}
 
I (46664) GW_TCP_SERVER: tcp-01-04-Rx JSON from sock 37 :: {"msg_type": "keep_alive_ack"}
I (46674) GW_TCP_SERVER: tcp-02-01-[OTA] Rx keep_alive_ack from sock: 37
W (46684) GW_TCP_SERVER: tcp-01-01-Parse loop: start offset = 31,  remain = 0
W (46684) GW_TCP_SERVER: tcp-01-02-No newline found, waiting for more data, current buffer =  
I (46694) GW_TCP_SERVER: tcp-03-01-compacting buffer : 0
I (51554) GW_TCP_SERVER: tcp-00-01-process stream json from sock:: 37, role = 1, len = 31  rx_len(before)= 0
I (51554) GW_TCP_SERVER: tcp-00-02-after memcopy buffer appended, new rx_len = 0 , buffers = {"msg_type": "keep_alive_ack"}

I (51564) GW_TCP_SERVER: tcp-00-03-before unlocked, new rx_len = 31 , buffers = {"msg_type": "keep_alive_ack"}

I (51574) GW_TCP_SERVER: tcp-00-04-Rx 31 bytes from client 37 ::{"msg_type": "keep_alive_ack"}
 , 
W (51584) GW_TCP_SERVER: tcp-01-01-Parse loop: start offset = 0,  remain = 31
W (51584) GW_TCP_SERVER: tcp-01-02-No newline found, waiting for more data, current buffer = {"msg_type": "keep_alive_ack"}
 
I (51594) GW_TCP_SERVER: tcp-01-04-Rx JSON from sock 37 :: {"msg_type": "keep_alive_ack"}
I (51604) GW_TCP_SERVER: tcp-02-01-[OTA] Rx keep_alive_ack from sock: 37
W (51614) GW_TCP_SERVER: tcp-01-01-Parse loop: start offset = 31,  remain = 0
W (51624) GW_TCP_SERVER: tcp-01-02-No newline found, waiting for more data, current buffer =  
I (51624) GW_TCP_SERVER: tcp-03-01-compacting buffer : 0
I (56554) GW_TCP_SERVER: tcp-00-01-process stream json from sock:: 37, role = 1, len = 31  rx_len(before)= 0
I (56554) GW_TCP_SERVER: tcp-00-02-after memcopy buffer appended, new rx_len = 0 , buffers = {"msg_type": "keep_alive_ack"}

I (56564) GW_TCP_SERVER: tcp-00-03-before unlocked, new rx_len = 31 , buffers = {"msg_type": "keep_alive_ack"}

I (56574) GW_TCP_SERVER: tcp-00-04-Rx 31 bytes from client 37 ::{"msg_type": "keep_alive_ack"}
 , 
W (56584) GW_TCP_SERVER: tcp-01-01-Parse loop: start offset = 0,  remain = 31
W (56584) GW_TCP_SERVER: tcp-01-02-No newline found, waiting for more data, current buffer = {"msg_type": "keep_alive_ack"}
 
I (56604) GW_TCP_SERVER: tcp-01-04-Rx JSON from sock 37 :: {"msg_type": "keep_alive_ack"}
I (56604) GW_TCP_SERVER: tcp-02-01-[OTA] Rx keep_alive_ack from sock: 37
W (56614) GW_TCP_SERVER: tcp-01-01-Parse loop: start offset = 31,  remain = 0
W (56624) GW_TCP_SERVER: tcp-01-02-No newline found, waiting for more data, current buffer =  
I (56624) GW_TCP_SERVER: tcp-03-01-compacting buffer : 0
I (61554) GW_TCP_SERVER: tcp-00-01-process stream json from sock:: 37, role = 1, len = 31  rx_len(before)= 0
I (61554) GW_TCP_SERVER: tcp-00-02-after memcopy buffer appended, new rx_len = 0 , buffers = {"msg_type": "keep_alive_ack"}

I (61564) GW_TCP_SERVER: tcp-00-03-before unlocked, new rx_len = 31 , buffers = {"msg_type": "keep_alive_ack"}

I (61574) GW_TCP_SERVER: tcp-00-04-Rx 31 bytes from client 37 ::{"msg_type": "keep_alive_ack"}
 , 
W (61584) GW_TCP_SERVER: tcp-01-01-Parse loop: start offset = 0,  remain = 31
W (61584) GW_TCP_SERVER: tcp-01-02-No newline found, waiting for more data, current buffer = {"msg_type": "keep_alive_ack"}
 
I (61594) GW_TCP_SERVER: tcp-01-04-Rx JSON from sock 37 :: {"msg_type": "keep_alive_ack"}
I (61604) GW_TCP_SERVER: tcp-02-01-[OTA] Rx keep_alive_ack from sock: 37
W (61614) GW_TCP_SERVER: tcp-01-01-Parse loop: start offset = 31,  remain = 0
W (61624) GW_TCP_SERVER: tcp-01-02-No newline found, waiting for more data, current buffer =  
I (61624) GW_TCP_SERVER: tcp-03-01-compacting buffer : 0
I (66584) GW_TCP_SERVER: tcp-00-01-process stream json from sock:: 37, role = 1, len = 31  rx_len(before)= 0
I (66584) GW_TCP_SERVER: tcp-00-02-after memcopy buffer appended, new rx_len = 0 , buffers = {"msg_type": "keep_alive_ack"}

I (66594) GW_TCP_SERVER: tcp-00-03-before unlocked, new rx_len = 31 , buffers = {"msg_type": "keep_alive_ack"}

I (66604) GW_TCP_SERVER: tcp-00-04-Rx 31 bytes from client 37 ::{"msg_type": "keep_alive_ack"}
 , 
W (66614) GW_TCP_SERVER: tcp-01-01-Parse loop: start offset = 0,  remain = 31
W (66624) GW_TCP_SERVER: tcp-01-02-No newline found, waiting for more data, current buffer = {"msg_type": "keep_alive_ack"}
 
I (66634) GW_TCP_SERVER: tcp-01-04-Rx JSON from sock 37 :: {"msg_type": "keep_alive_ack"}
I (66644) GW_TCP_SERVER: tcp-02-01-[OTA] Rx keep_alive_ack from sock: 37
W (66644) GW_TCP_SERVER: tcp-01-01-Parse loop: start offset = 31,  remain = 0
W (66654) GW_TCP_SERVER: tcp-01-02-No newline found, waiting for more data, current buffer =  
I (66664) GW_TCP_SERVER: tcp-03-01-compacting buffer : 0
I (71554) GW_TCP_SERVER: tcp-00-01-process stream json from sock:: 37, role = 1, len = 31  rx_len(before)= 0
I (71554) GW_TCP_SERVER: tcp-00-02-after memcopy buffer appended, new rx_len = 0 , buffers = {"msg_type": "keep_alive_ack"}

I (71564) GW_TCP_SERVER: tcp-00-03-before unlocked, new rx_len = 31 , buffers = {"msg_type": "keep_alive_ack"}

I (71574) GW_TCP_SERVER: tcp-00-04-Rx 31 bytes from client 37 ::{"msg_type": "keep_alive_ack"}
 , 
W (71584) GW_TCP_SERVER: tcp-01-01-Parse loop: start offset = 0,  remain = 31
W (71594) GW_TCP_SERVER: tcp-01-02-No newline found, waiting for more data, current buffer = {"msg_type": "keep_alive_ack"}
 
I (71604) GW_TCP_SERVER: tcp-01-04-Rx JSON from sock 37 :: {"msg_type": "keep_alive_ack"}
I (71614) GW_TCP_SERVER: tcp-02-01-[OTA] Rx keep_alive_ack from sock: 37
W (71624) GW_TCP_SERVER: tcp-01-01-Parse loop: start offset = 31,  remain = 0
W (71624) GW_TCP_SERVER: tcp-01-02-No newline found, waiting for more data, current buffer =  
I (71634) GW_TCP_SERVER: tcp-03-01-compacting buffer : 0
I (76614) GW_TCP_SERVER: tcp-00-01-process stream json from sock:: 37, role = 1, len = 31  rx_len(before)= 0
I (76614) GW_TCP_SERVER: tcp-00-02-after memcopy buffer appended, new rx_len = 0 , buffers = {"msg_type": "keep_alive_ack"}

I (76624) GW_TCP_SERVER: tcp-00-03-before unlocked, new rx_len = 31 , buffers = {"msg_type": "keep_alive_ack"}

I (76634) GW_TCP_SERVER: tcp-00-04-Rx 31 bytes from client 37 ::{"msg_type": "keep_alive_ack"}
 , 
W (76644) GW_TCP_SERVER: tcp-01-01-Parse loop: start offset = 0,  remain = 31
W (76654) GW_TCP_SERVER: tcp-01-02-No newline found, waiting for more data, current buffer = {"msg_type": "keep_alive_ack"}
 
I (76664) GW_TCP_SERVER: tcp-01-04-Rx JSON from sock 37 :: {"msg_type": "keep_alive_ack"}
I (76674) GW_TCP_SERVER: tcp-02-01-[OTA] Rx keep_alive_ack from sock: 37
W (76674) GW_TCP_SERVER: tcp-01-01-Parse loop: start offset = 31,  remain = 0
W (76684) GW_TCP_SERVER: tcp-01-02-No newline found, waiting for more data, current buffer =  
I (76694) GW_TCP_SERVER: tcp-03-01-compacting buffer : 0
I (81554) GW_TCP_SERVER: tcp-00-01-process stream json from sock:: 37, role = 1, len = 31  rx_len(before)= 0
I (81554) GW_TCP_SERVER: tcp-00-02-after memcopy buffer appended, new rx_len = 0 , buffers = {"msg_type": "keep_alive_ack"}

I (81564) GW_TCP_SERVER: tcp-00-03-before unlocked, new rx_len = 31 , buffers = {"msg_type": "keep_alive_ack"}

I (81574) GW_TCP_SERVER: tcp-00-04-Rx 31 bytes from client 37 ::{"msg_type": "keep_alive_ack"}
 , 
W (81584) GW_TCP_SERVER: tcp-01-01-Parse loop: start offset = 0,  remain = 31
W (81594) GW_TCP_SERVER: tcp-01-02-No newline found, waiting for more data, current buffer = {"msg_type": "keep_alive_ack"}
 
I (81604) GW_TCP_SERVER: tcp-01-04-Rx JSON from sock 37 :: {"msg_type": "keep_alive_ack"}
I (81614) GW_TCP_SERVER: tcp-02-01-[OTA] Rx keep_alive_ack from sock: 37
W (81614) GW_TCP_SERVER: tcp-01-01-Parse loop: start offset = 31,  remain = 0
W (81624) GW_TCP_SERVER: tcp-01-02-No newline found, waiting for more data, current buffer =  
I (81634) GW_TCP_SERVER: tcp-03-01-compacting buffer : 0
I (86554) GW_TCP_SERVER: tcp-00-01-process stream json from sock:: 37, role = 1, len = 31  rx_len(before)= 0
I (86554) GW_TCP_SERVER: tcp-00-02-after memcopy buffer appended, new rx_len = 0 , buffers = {"msg_type": "keep_alive_ack"}

I (86564) GW_TCP_SERVER: tcp-00-03-before unlocked, new rx_len = 31 , buffers = {"msg_type": "keep_alive_ack"}

I (86574) GW_TCP_SERVER: tcp-00-04-Rx 31 bytes from client 37 ::{"msg_type": "keep_alive_ack"}
 , 
W (86584) GW_TCP_SERVER: tcp-01-01-Parse loop: start offset = 0,  remain = 31
W (86594) GW_TCP_SERVER: tcp-01-02-No newline found, waiting for more data, current buffer = {"msg_type": "keep_alive_ack"}
 
I (86604) GW_TCP_SERVER: tcp-01-04-Rx JSON from sock 37 :: {"msg_type": "keep_alive_ack"}
I (86614) GW_TCP_SERVER: tcp-02-01-[OTA] Rx keep_alive_ack from sock: 37
W (86614) GW_TCP_SERVER: tcp-01-01-Parse loop: start offset = 31,  remain = 0
W (86624) GW_TCP_SERVER: tcp-01-02-No newline found, waiting for more data, current buffer =  
I (86634) GW_TCP_SERVER: tcp-03-01-compacting buffer : 0
I (91574) GW_TCP_SERVER: tcp-00-01-process stream json from sock:: 37, role = 1, len = 31  rx_len(before)= 0
I (91574) GW_TCP_SERVER: tcp-00-02-after memcopy buffer appended, new rx_len = 0 , buffers = {"msg_type": "keep_alive_ack"}

I (91584) GW_TCP_SERVER: tcp-00-03-before unlocked, new rx_len = 31 , buffers = {"msg_type": "keep_alive_ack"}

I (91594) GW_TCP_SERVER: tcp-00-04-Rx 31 bytes from client 37 ::{"msg_type": "keep_alive_ack"}
 , 
W (91604) GW_TCP_SERVER: tcp-01-01-Parse loop: start offset = 0,  remain = 31
W (91604) GW_TCP_SERVER: tcp-01-02-No newline found, waiting for more data, current buffer = {"msg_type": "keep_alive_ack"}
 
I (91624) GW_TCP_SERVER: tcp-01-04-Rx JSON from sock 37 :: {"msg_type": "keep_alive_ack"}
I (91624) GW_TCP_SERVER: tcp-02-01-[OTA] Rx keep_alive_ack from sock: 37
W (91634) GW_TCP_SERVER: tcp-01-01-Parse loop: start offset = 31,  remain = 0
W (91644) GW_TCP_SERVER: tcp-01-02-No newline found, waiting for more data, current buffer =  
I (91654) GW_TCP_SERVER: tcp-03-01-compacting buffer : 0
I (96594) GW_TCP_SERVER: tcp-00-01-process stream json from sock:: 37, role = 1, len = 31  rx_len(before)= 0
I (96594) GW_TCP_SERVER: tcp-00-02-after memcopy buffer appended, new rx_len = 0 , buffers = {"msg_type": "keep_alive_ack"}

I (96604) GW_TCP_SERVER: tcp-00-03-before unlocked, new rx_len = 31 , buffers = {"msg_type": "keep_alive_ack"}

I (96614) GW_TCP_SERVER: tcp-00-04-Rx 31 bytes from client 37 ::{"msg_type": "keep_alive_ack"}
 , 
W (96624) GW_TCP_SERVER: tcp-01-01-Parse loop: start offset = 0,  remain = 31
W (96624) GW_TCP_SERVER: tcp-01-02-No newline found, waiting for more data, current buffer = {"msg_type": "keep_alive_ack"}
 
I (96634) GW_TCP_SERVER: tcp-01-04-Rx JSON from sock 37 :: {"msg_type": "keep_alive_ack"}
I (96644) GW_TCP_SERVER: tcp-02-01-[OTA] Rx keep_alive_ack from sock: 37
W (96654) GW_TCP_SERVER: tcp-01-01-Parse loop: start offset = 31,  remain = 0
W (96654) GW_TCP_SERVER: tcp-01-02-No newline found, waiting for more data, current buffer =  
I (96664) GW_TCP_SERVER: tcp-03-01-compacting buffer : 0
I (101614) GW_TCP_SERVER: tcp-00-01-process stream json from sock:: 37, role = 1, len = 31  rx_len(before)= 0
I (101614) GW_TCP_SERVER: tcp-00-02-after memcopy buffer appended, new rx_len = 0 , buffers = {"msg_type": "keep_alive_ack"}

I (101624) GW_TCP_SERVER: tcp-00-03-before unlocked, new rx_len = 31 , buffers = {"msg_type": "keep_alive_ack"}

I (101634) GW_TCP_SERVER: tcp-00-04-Rx 31 bytes from client 37 ::{"msg_type": "keep_alive_ack"}
 , 
W (101644) GW_TCP_SERVER: tcp-01-01-Parse loop: start offset = 0,  remain = 31
W (101644) GW_TCP_SERVER: tcp-01-02-No newline found, waiting for more data, current buffer = {"msg_type": "keep_alive_ack"}
 
I (101654) GW_TCP_SERVER: tcp-01-04-Rx JSON from sock 37 :: {"msg_type": "keep_alive_ack"}
I (101664) GW_TCP_SERVER: tcp-02-01-[OTA] Rx keep_alive_ack from sock: 37
W (101674) GW_TCP_SERVER: tcp-01-01-Parse loop: start offset = 31,  remain = 0
W (101684) GW_TCP_SERVER: tcp-01-02-No newline found, waiting for more data, current buffer =  
I (101684) GW_TCP_SERVER: tcp-03-01-compacting buffer : 0
I (106624) GW_TCP_SERVER: tcp-00-01-process stream json from sock:: 37, role = 1, len = 31  rx_len(before)= 0
I (106624) GW_TCP_SERVER: tcp-00-02-after memcopy buffer appended, new rx_len = 0 , buffers = {"msg_type": "keep_alive_ack"}

I (106634) GW_TCP_SERVER: tcp-00-03-before unlocked, new rx_len = 31 , buffers = {"msg_type": "keep_alive_ack"}

I (106644) GW_TCP_SERVER: tcp-00-04-Rx 31 bytes from client 37 ::{"msg_type": "keep_alive_ack"}
 , 
W (106654) GW_TCP_SERVER: tcp-01-01-Parse loop: start offset = 0,  remain = 31
W (106664) GW_TCP_SERVER: tcp-01-02-No newline found, waiting for more data, current buffer = {"msg_type": "keep_alive_ack"}
 
I (106674) GW_TCP_SERVER: tcp-01-04-Rx JSON from sock 37 :: {"msg_type": "keep_alive_ack"}
I (106684) GW_TCP_SERVER: tcp-02-01-[OTA] Rx keep_alive_ack from sock: 37
W (106684) GW_TCP_SERVER: tcp-01-01-Parse loop: start offset = 31,  remain = 0
W (106694) GW_TCP_SERVER: tcp-01-02-No newline found, waiting for more data, current buffer =  
I (106704) GW_TCP_SERVER: tcp-03-01-compacting buffer : 0
I (111644) GW_TCP_SERVER: tcp-00-01-process stream json from sock:: 37, role = 1, len = 31  rx_len(before)= 0
I (111644) GW_TCP_SERVER: tcp-00-02-after memcopy buffer appended, new rx_len = 0 , buffers = {"msg_type": "keep_alive_ack"}

I (111654) GW_TCP_SERVER: tcp-00-03-before unlocked, new rx_len = 31 , buffers = {"msg_type": "keep_alive_ack"}

I (111664) GW_TCP_SERVER: tcp-00-04-Rx 31 bytes from client 37 ::{"msg_type": "keep_alive_ack"}
 , 
W (111674) GW_TCP_SERVER: tcp-01-01-Parse loop: start offset = 0,  remain = 31
W (111684) GW_TCP_SERVER: tcp-01-02-No newline found, waiting for more data, current buffer = {"msg_type": "keep_alive_ack"}
 
I (111694) GW_TCP_SERVER: tcp-01-04-Rx JSON from sock 37 :: {"msg_type": "keep_alive_ack"}
I (111694) GW_TCP_SERVER: tcp-02-01-[OTA] Rx keep_alive_ack from sock: 37
W (111704) GW_TCP_SERVER: tcp-01-01-Parse loop: start offset = 31,  remain = 0
W (111714) GW_TCP_SERVER: tcp-01-02-No newline found, waiting for more data, current buffer =  
I (111724) GW_TCP_SERVER: tcp-03-01-compacting buffer : 0
I (116564) GW_TCP_SERVER: tcp-00-01-process stream json from sock:: 37, role = 1, len = 31  rx_len(before)= 0
I (116564) GW_TCP_SERVER: tcp-00-02-after memcopy buffer appended, new rx_len = 0 , buffers = {"msg_type": "keep_alive_ack"}

I (116574) GW_TCP_SERVER: tcp-00-03-before unlocked, new rx_len = 31 , buffers = {"msg_type": "keep_alive_ack"}

I (116584) GW_TCP_SERVER: tcp-00-04-Rx 31 bytes from client 37 ::{"msg_type": "keep_alive_ack"}
 , 
W (116584) GW_TCP_SERVER: tcp-01-01-Parse loop: start offset = 0,  remain = 31
W (116594) GW_TCP_SERVER: tcp-01-02-No newline found, waiting for more data, current buffer = {"msg_type": "keep_alive_ack"}
 
I (116604) GW_TCP_SERVER: tcp-01-04-Rx JSON from sock 37 :: {"msg_type": "keep_alive_ack"}
I (116614) GW_TCP_SERVER: tcp-02-01-[OTA] Rx keep_alive_ack from sock: 37
W (116624) GW_TCP_SERVER: tcp-01-01-Parse loop: start offset = 31,  remain = 0
W (116624) GW_TCP_SERVER: tcp-01-02-No newline found, waiting for more data, current buffer =  
I (116634) GW_TCP_SERVER: tcp-03-01-compacting buffer : 0
I (121574) GW_TCP_SERVER: tcp-00-01-process stream json from sock:: 37, role = 1, len = 31  rx_len(before)= 0
I (121574) GW_TCP_SERVER: tcp-00-02-after memcopy buffer appended, new rx_len = 0 , buffers = {"msg_type": "keep_alive_ack"}

I (121584) GW_TCP_SERVER: tcp-00-03-before unlocked, new rx_len = 31 , buffers = {"msg_type": "keep_alive_ack"}

I (121594) GW_TCP_SERVER: tcp-00-04-Rx 31 bytes from client 37 ::{"msg_type": "keep_alive_ack"}
 , 
W (121604) GW_TCP_SERVER: tcp-01-01-Parse loop: start offset = 0,  remain = 31
W (121614) GW_TCP_SERVER: tcp-01-02-No newline found, waiting for more data, current buffer = {"msg_type": "keep_alive_ack"}
 
I (121624) GW_TCP_SERVER: tcp-01-04-Rx JSON from sock 37 :: {"msg_type": "keep_alive_ack"}
I (121634) GW_TCP_SERVER: tcp-02-01-[OTA] Rx keep_alive_ack from sock: 37
W (121634) GW_TCP_SERVER: tcp-01-01-Parse loop: start offset = 31,  remain = 0
W (121644) GW_TCP_SERVER: tcp-01-02-No newline found, waiting for more data, current buffer =  
I (121654) GW_TCP_SERVER: tcp-03-01-compacting buffer : 0
I (126604) GW_TCP_SERVER: tcp-00-01-process stream json from sock:: 37, role = 1, len = 31  rx_len(before)= 0
I (126604) GW_TCP_SERVER: tcp-00-02-after memcopy buffer appended, new rx_len = 0 , buffers = {"msg_type": "keep_alive_ack"}

I (126604) GW_TCP_SERVER: tcp-00-03-before unlocked, new rx_len = 31 , buffers = {"msg_type": "keep_alive_ack"}

I (126614) GW_TCP_SERVER: tcp-00-04-Rx 31 bytes from client 37 ::{"msg_type": "keep_alive_ack"}
 , 
W (126624) GW_TCP_SERVER: tcp-01-01-Parse loop: start offset = 0,  remain = 31
W (126634) GW_TCP_SERVER: tcp-01-02-No newline found, waiting for more data, current buffer = {"msg_type": "keep_alive_ack"}
 
I (126644) GW_TCP_SERVER: tcp-01-04-Rx JSON from sock 37 :: {"msg_type": "keep_alive_ack"}
I (126654) GW_TCP_SERVER: tcp-02-01-[OTA] Rx keep_alive_ack from sock: 37
W (126664) GW_TCP_SERVER: tcp-01-01-Parse loop: start offset = 31,  remain = 0
W (126664) GW_TCP_SERVER: tcp-01-02-No newline found, waiting for more data, current buffer =  
I (126674) GW_TCP_SERVER: tcp-03-01-compacting buffer : 0
I (131554) GW_TCP_SERVER: tcp-00-01-process stream json from sock:: 37, role = 1, len = 31  rx_len(before)= 0
I (131554) GW_TCP_SERVER: tcp-00-02-after memcopy buffer appended, new rx_len = 0 , buffers = {"msg_type": "keep_alive_ack"}

I (131564) GW_TCP_SERVER: tcp-00-03-before unlocked, new rx_len = 31 , buffers = {"msg_type": "keep_alive_ack"}

I (131574) GW_TCP_SERVER: tcp-00-04-Rx 31 bytes from client 37 ::{"msg_type": "keep_alive_ack"}
 , 
W (131584) GW_TCP_SERVER: tcp-01-01-Parse loop: start offset = 0,  remain = 31
W (131584) GW_TCP_SERVER: tcp-01-02-No newline found, waiting for more data, current buffer = {"msg_type": "keep_alive_ack"}
 
I (131594) GW_TCP_SERVER: tcp-01-04-Rx JSON from sock 37 :: {"msg_type": "keep_alive_ack"}
I (131604) GW_TCP_SERVER: tcp-02-01-[OTA] Rx keep_alive_ack from sock: 37
W (131614) GW_TCP_SERVER: tcp-01-01-Parse loop: start offset = 31,  remain = 0
W (131624) GW_TCP_SERVER: tcp-01-02-No newline found, waiting for more data, current buffer =  
I (131624) GW_TCP_SERVER: tcp-03-01-compacting buffer : 0
I (136554) GW_TCP_SERVER: tcp-00-01-process stream json from sock:: 37, role = 1, len = 31  rx_len(before)= 0
I (136554) GW_TCP_SERVER: tcp-00-02-after memcopy buffer appended, new rx_len = 0 , buffers = {"msg_type": "keep_alive_ack"}

I (136564) GW_TCP_SERVER: tcp-00-03-before unlocked, new rx_len = 31 , buffers = {"msg_type": "keep_alive_ack"}

I (136574) GW_TCP_SERVER: tcp-00-04-Rx 31 bytes from client 37 ::{"msg_type": "keep_alive_ack"}
 , 
W (136584) GW_TCP_SERVER: tcp-01-01-Parse loop: start offset = 0,  remain = 31
W (136594) GW_TCP_SERVER: tcp-01-02-No newline found, waiting for more data, current buffer = {"msg_type": "keep_alive_ack"}
 
I (136604) GW_TCP_SERVER: tcp-01-04-Rx JSON from sock 37 :: {"msg_type": "keep_alive_ack"}
I (136604) GW_TCP_SERVER: tcp-02-01-[OTA] Rx keep_alive_ack from sock: 37
W (136614) GW_TCP_SERVER: tcp-01-01-Parse loop: start offset = 31,  remain = 0
W (136624) GW_TCP_SERVER: tcp-01-02-No newline found, waiting for more data, current buffer =  
I (136634) GW_TCP_SERVER: tcp-03-01-compacting buffer : 0
I (141594) GW_TCP_SERVER: tcp-00-01-process stream json from sock:: 37, role = 1, len = 31  rx_len(before)= 0
I (141594) GW_TCP_SERVER: tcp-00-02-after memcopy buffer appended, new rx_len = 0 , buffers = {"msg_type": "keep_alive_ack"}

I (141604) GW_TCP_SERVER: tcp-00-03-before unlocked, new rx_len = 31 , buffers = {"msg_type": "keep_alive_ack"}

I (141614) GW_TCP_SERVER: tcp-00-04-Rx 31 bytes from client 37 ::{"msg_type": "keep_alive_ack"}
 , 
W (141624) GW_TCP_SERVER: tcp-01-01-Parse loop: start offset = 0,  remain = 31
W (141634) GW_TCP_SERVER: tcp-01-02-No newline found, waiting for more data, current buffer = {"msg_type": "keep_alive_ack"}
 
I (141644) GW_TCP_SERVER: tcp-01-04-Rx JSON from sock 37 :: {"msg_type": "keep_alive_ack"}
I (141654) GW_TCP_SERVER: tcp-02-01-[OTA] Rx keep_alive_ack from sock: 37
W (141654) GW_TCP_SERVER: tcp-01-01-Parse loop: start offset = 31,  remain = 0
W (141664) GW_TCP_SERVER: tcp-01-02-No newline found, waiting for more data, current buffer =  
I (141674) GW_TCP_SERVER: tcp-03-01-compacting buffer : 0
I (143764) wifi:station: a4:5e:60:c5:69:75 leave, AID = 1, reason = 8, bss_flags is 691299, bss:0x3c0d0da8
I (143774) wifi:new:<1,0>, old:<1,0>, ap:<1,0>, sta:<255,255>, prof:1, snd_ch_cfg:0x0
I (143774) wifi:<ba-del>idx:3, tid:0
I (143774) wifi:<ba-del>idx:4, tid:1
I (143784) wifi:<ba-del>idx:2, tid:6
I (143794) wifi:new:<1,1>, old:<1,0>, ap:<1,1>, sta:<255,255>, prof:1, snd_ch_cfg:0x0
W (156674) GW_TCP_SERVER: Sock 37 timed out (no keep_alive_ack), closing
I (156674) GW_TCP_SERVER: Closing client socket 37
W (156674) GW_TCP_SERVER: OTA Server disconnected
I (156674) GW_TCP_SERVER: Client connected, sock=37, ip=192.168.4.2, port=56674
I (156684) GW_TCP_SERVER: OTA Server socket set: 37
I (156684) GW_TCP_SERVER: tcp-00-01-process stream json from sock:: 37, role = 1, len = 512  rx_len(before)= 0
I (156694) GW_TCP_SERVER: tcp-00-02-after memcopy buffer appended, new rx_len = 0 , buffers = {"msg_type": "hello", "role": "ota_server"}
{"msg_type": "ota_task", "task_id": "20251210_211858_758", "device_name": "Veh1_SCM1", "client_id": "758", "version": "v2.2.0", "firmware_url": "https://192.168.4.2:8080/firmware/ota_client_v2.2.0.bin", "timestamp": "20251210_211858", "status": "pending"}
{"msg_type": "ota_task", "task_id": "20251210_211916_758", "device_name": "Veh1_SCM1", "client_id": "758", "version": "v2.2.0", "firmware_url": "https://192.168.4.2:8080/firmware/ota_client_v2.2.0.bin", "timestam
I (156744) GW_TCP_SERVER: tcp-00-03-before unlocked, new rx_len = 512 , buffers = {"msg_type": "hello", "role": "ota_server"}
{"msg_type": "ota_task", "task_id": "20251210_211858_758", "device_name": "Veh1_SCM1", "client_id": "758", "version": "v2.2.0", "firmware_url": "https://192.168.4.2:8080/firmware/ota_client_v2.2.0.bin", "timestamp": "20251210_211858", "status": "pending"}
{"msg_type": "ota_task", "task_id": "20251210_211916_758", "device_name": "Veh1_SCM1", "client_id": "758", "version": "v2.2.0", "firmware_url": "https://192.168.4.2:8080/firmware/ota_client_v2.2.0.bin", "timestam
I (156804) GW_TCP_SERVER: tcp-00-04-Rx 512 bytes from client 37 ::{"msg_type": "hello", "role": "ota_server"}
{"msg_type": "ota_task", "task_id": "20251210_211858_758", "device_name": "Veh1_SCM1", "client_id": "758", "version": "v2.2.0", "firmware_url": "https://192.168.4.2:8080/firmware/ota_client_v2.2.0.bin", "timestamp": "20251210_211858", "status": "pending"}
{"msg_type": "ota_task", "task_id": "20251210_211916_758", "device_name": "Veh1_SCM1", "client_id": "758", "version": "v2.2.0", "firmware_url": "https://192.168.4.2:8080/firmware/ota_client_v2.2.0.bin", "timestam , 
W (156854) GW_TCP_SERVER: tcp-01-01-Parse loop: start offset = 0,  remain = 512
W (156854) GW_TCP_SERVER: tcp-01-02-No newline found, waiting for more data, current buffer = {"msg_type": "hello", "role": "ota_server"}
{"msg_type": "ota_task", "task_id": "20251210_211858_758", "device_name": "Veh1_SCM1", "client_id": "758", "version": "v2.2.0", "firmware_url": "https://192.168.4.2:8080/firmware/ota_client_v2.2.0.bin", "timestamp": "20251210_211858", "status": "pending"}
{"msg_type": "ota_task", "task_id": "20251210_211916_758", "device_name": "Veh1_SCM1", "client_id": "758", "version": "v2.2.0", "firmware_url": "https://192.168.4.2:8080/firmware/ota_client_v2.2.0.bin", "timestam 
I (156914) GW_TCP_SERVER: tcp-01-04-Rx JSON from sock 37 :: {"msg_type": "hello", "role": "ota_server"}
I (156924) GW_TCP_SERVER: tcp-02-02-[OTA] Rx msg_type = hello from sock37 
I (156924) GW_TCP_SERVER: tcp-02-03-dispatching to msg_handler : sock = 37.  role = 1,  json= {"msg_type": "hello", "role": "ota_server"}
I (156934) GW_MSG_HANDLER: Processing message from sock 37 (role=1): {"msg_type": "hello", "role": "ota_server"}
I (156944) GW_MSG_HANDLER: OTA server hello received on sock 37
W (156954) GW_TCP_SERVER: tcp-01-01-Parse loop: start offset = 44,  remain = 468
W (156964) GW_TCP_SERVER: tcp-01-02-No newline found, waiting for more data, current buffer = {"msg_type": "ota_task", "task_id": "20251210_211858_758", "device_name": "Veh1_SCM1", "client_id": "758", "version": "v2.2.0", "firmware_url": "https://192.168.4.2:8080/firmware/ota_client_v2.2.0.bin", "timestamp": "20251210_211858", "status": "pending"}
{"msg_type": "ota_task", "task_id": "20251210_211916_758", "device_name": "Veh1_SCM1", "client_id": "758", "version": "v2.2.0", "firmware_url": "https://192.168.4.2:8080/firmware/ota_client_v2.2.0.bin", "timestam 
I (157014) GW_TCP_SERVER: tcp-01-04-Rx JSON from sock 37 :: {"msg_type": "ota_task", "task_id": "20251210_211858_758", "device_name": "Veh1_SCM1", "client_id": "758", "version": "v2.2.0", "firmware_url": "https://192.168.4.2:8080/firmware/ota_client_v2.2.0.bin", "timestamp": "20251210_211858", "status": "pending"}
I (157034) GW_TCP_SERVER: tcp-02-02-[OTA] Rx msg_type = ota_task from sock37 
I (157044) GW_TCP_SERVER: tcp-02-03-dispatching to msg_handler : sock = 37.  role = 1,  json= {"msg_type": "ota_task", "task_id": "20251210_211858_758", "device_name": "Veh1_SCM1", "client_id": "758", "version": "v2.2.0", "firmware_url": "https://192.168.4.2:8080/firmware/ota_client_v2.2.0.bin", "timestamp": "20251210_211858", "status": "pending"}
I (157074) GW_MSG_HANDLER: Processing message from sock 37 (role=1): {"msg_type": "ota_task", "task_id": "20251210_211858_758", "device_name": "Veh1_SCM1", "client_id": "758", "version": "v2.2.0", "firmware_url": "https://192.168.4.2:8080/firmware/ota_client_v2.2.0.bin", "timestamp": "20251210_211858", "status": "pending"}
I (157104) GW_MSG_HANDLER: GW Rx ota task, schedule delay dispatch to otaapp 
I (157114) OTA_APP_MGMT: New Task [20251210_211858_758] created in Queue, wait for User response 
W (157124) GW_TCP_SERVER: tcp-01-01-Parse loop: start offset = 300,  remain = 212
W (157124) GW_TCP_SERVER: tcp-01-02-No newline found, waiting for more data, current buffer = {"msg_type": "ota_task", "task_id": "20251210_211916_758", "device_name": "Veh1_SCM1", "client_id": "758", "version": "v2.2.0", "firmware_url": "https://192.168.4.2:8080/firmware/ota_client_v2.2.0.bin", "timestam 
I (157154) GW_TCP_SERVER: tcp-03-01-compacting buffer : 212
I (157154) GW_TCP_SERVER: tcp-00-01-process stream json from sock:: 37, role = 1, len = 44  rx_len(before)= 212
I (157164) GW_TCP_SERVER: tcp-00-02-after memcopy buffer appended, new rx_len = 212 , buffers = {"msg_type": "ota_task", "task_id": "20251210_211916_758", "device_name": "Veh1_SCM1", "client_id": "758", "version": "v2.2.0", "firmware_url": "https://192.168.4.2:8080/firmware/ota_client_v2.2.0.bin", "timestamp": "20251210_211916", "status": "pending"}
p": "20251210_211858", "status": "pending"}
{"msg_type": "ota_task", "task_id": "20251210_211916_758", "device_name": "Veh1_SCM1", "client_id": "758", "version": "v2.2.0", "firmware_url": "https://192.168.4.2:8080/firmware/ota_client_v2.2.0.bin", "timestam
I (157224) GW_TCP_SERVER: tcp-00-03-before unlocked, new rx_len = 256 , buffers = {"msg_type": "ota_task", "task_id": "20251210_211916_758", "device_name": "Veh1_SCM1", "client_id": "758", "version": "v2.2.0", "firmware_url": "https://192.168.4.2:8080/firmware/ota_client_v2.2.0.bin", "timestamp": "20251210_211916", "status": "pending"}

I (157254) GW_TCP_SERVER: tcp-00-04-Rx 44 bytes from client 37 ::{"msg_type": "ota_task", "task_id": "20251210_211916_758", "device_name": "Veh1_SCM1", "client_id": "758", "version": "v2.2.0", "firmware_url": "https://192.168.4.2:8080/firmware/ota_client_v2.2.0.bin", "timestamp": "20251210_211916", "status": "pending"}
 , 
W (157274) GW_TCP_SERVER: tcp-01-01-Parse loop: start offset = 0,  remain = 256
W (157284) GW_TCP_SERVER: tcp-01-02-No newline found, waiting for more data, current buffer = {"msg_type": "ota_task", "task_id": "20251210_211916_758", "device_name": "Veh1_SCM1", "client_id": "758", "version": "v2.2.0", "firmware_url": "https://192.168.4.2:8080/firmware/ota_client_v2.2.0.bin", "timestamp": "20251210_211916", "status": "pending"}
 
I (157314) GW_TCP_SERVER: tcp-01-04-Rx JSON from sock 37 :: {"msg_type": "ota_task", "task_id": "20251210_211916_758", "device_name": "Veh1_SCM1", "client_id": "758", "version": "v2.2.0", "firmware_url": "https://192.168.4.2:8080/firmware/ota_client_v2.2.0.bin", "timestamp": "20251210_211916", "status": "pending"}
I (157344) GW_TCP_SERVER: tcp-02-02-[OTA] Rx msg_type = ota_task from sock37 
I (157354) GW_TCP_SERVER: tcp-02-03-dispatching to msg_handler : sock = 37.  role = 1,  json= {"msg_type": "ota_task", "task_id": "20251210_211916_758", "device_name": "Veh1_SCM1", "client_id": "758", "version": "v2.2.0", "firmware_url": "https://192.168.4.2:8080/firmware/ota_client_v2.2.0.bin", "timestamp": "20251210_211916", "status": "pending"}
I (157384) GW_MSG_HANDLER: Processing message from sock 37 (role=1): {"msg_type": "ota_task", "task_id": "20251210_211916_758", "device_name": "Veh1_SCM1", "client_id": "758", "version": "v2.2.0", "firmware_url": "https://192.168.4.2:8080/firmware/ota_client_v2.2.0.bin", "timestamp": "20251210_211916", "status": "pending"}
I (157414) GW_MSG_HANDLER: GW Rx ota task, schedule delay dispatch to otaapp 
I (157414) OTA_APP_MGMT: New Task [20251210_211916_758] created in Queue, wait for User response 
W (157424) GW_TCP_SERVER: tcp-01-01-Parse loop: start offset = 256,  remain = 0
W (157434) GW_TCP_SERVER: tcp-01-02-No newline found, waiting for more data, current buffer =  
I (157444) GW_TCP_SERVER: tcp-03-01-compacting buffer : 0
E (157444) GW_TCP_SERVER: recv failed: errno 113
I (157454) GW_TCP_SERVER: Closing client socket 37
W (157454) GW_TCP_SERVER: OTA Server disconnected
I (157464) GW_TCP_SERVER: Client connected, sock=37, ip=192.168.4.2, port=56803
I (157464) GW_TCP_SERVER: OTA Server socket set: 37
I (157474) GW_TCP_SERVER: tcp-00-01-process stream json from sock:: 37, role = 1, len = 512  rx_len(before)= 0
I (157484) GW_TCP_SERVER: tcp-00-02-after memcopy buffer appended, new rx_len = 0 , buffers = {"msg_type": "hello", "role": "ota_server"}
{"msg_type": "ota_task", "task_id": "20251210_212032_758", "client_id": "758", "firmware_url": "https://192.168.4.2:8080/firmware/ota_client_v2.2.0.bin", "status": "pending"}
{"msg_type": "ota_task", "task_id": "20251210_212044_758", "client_id": "758", "firmware_url": "https://192.168.4.2:8080/firmware/ota_client_v2.2.0.bin", "status": "pending"}
{"msg_type": "ota_task", "task_id": "20251210_212049_758", "client_id": "758", "firmware_url": "https://192.168.4.2:80
I (157534) GW_TCP_SERVER: tcp-00-03-before unlocked, new rx_len = 512 , buffers = {"msg_type": "hello", "role": "ota_server"}
{"msg_type": "ota_task", "task_id": "20251210_212032_758", "client_id": "758", "firmware_url": "https://192.168.4.2:8080/firmware/ota_client_v2.2.0.bin", "status": "pending"}
{"msg_type": "ota_task", "task_id": "20251210_212044_758", "client_id": "758", "firmware_url": "https://192.168.4.2:8080/firmware/ota_client_v2.2.0.bin", "status": "pending"}
{"msg_type": "ota_task", "task_id": "20251210_212049_758", "client_id": "758", "firmware_url": "https://192.168.4.2:80
I (157584) GW_TCP_SERVER: tcp-00-04-Rx 512 bytes from client 37 ::{"msg_type": "hello", "role": "ota_server"}
{"msg_type": "ota_task", "task_id": "20251210_212032_758", "client_id": "758", "firmware_url": "https://192.168.4.2:8080/firmware/ota_client_v2.2.0.bin", "status": "pending"}
{"msg_type": "ota_task", "task_id": "20251210_212044_758", "client_id": "758", "firmware_url": "https://192.168.4.2:8080/firmware/ota_client_v2.2.0.bin", "status": "pending"}
{"msg_type": "ota_task", "task_id": "20251210_212049_758", "client_id": "758", "firmware_url": "https://192.168.4.2:80 , 
W (157634) GW_TCP_SERVER: tcp-01-01-Parse loop: start offset = 0,  remain = 512
W (157644) GW_TCP_SERVER: tcp-01-02-No newline found, waiting for more data, current buffer = {"msg_type": "hello", "role": "ota_server"}
{"msg_type": "ota_task", "task_id": "20251210_212032_758", "client_id": "758", "firmware_url": "https://192.168.4.2:8080/firmware/ota_client_v2.2.0.bin", "status": "pending"}
{"msg_type": "ota_task", "task_id": "20251210_212044_758", "client_id": "758", "firmware_url": "https://192.168.4.2:8080/firmware/ota_client_v2.2.0.bin", "status": "pending"}
{"msg_type": "ota_task", "task_id": "20251210_212049_758", "client_id": "758", "firmware_url": "https://192.168.4.2:80 
I (157694) GW_TCP_SERVER: tcp-01-04-Rx JSON from sock 37 :: {"msg_type": "hello", "role": "ota_server"}
I (157704) GW_TCP_SERVER: tcp-02-02-[OTA] Rx msg_type = hello from sock37 
I (157714) GW_TCP_SERVER: tcp-02-03-dispatching to msg_handler : sock = 37.  role = 1,  json= {"msg_type": "hello", "role": "ota_server"}
I (157724) GW_MSG_HANDLER: Processing message from sock 37 (role=1): {"msg_type": "hello", "role": "ota_server"}
I (157734) GW_MSG_HANDLER: OTA server hello received on sock 37
W (157744) GW_TCP_SERVER: tcp-01-01-Parse loop: start offset = 44,  remain = 468
W (157744) GW_TCP_SERVER: tcp-01-02-No newline found, waiting for more data, current buffer = {"msg_type": "ota_task", "task_id": "20251210_212032_758", "client_id": "758", "firmware_url": "https://192.168.4.2:8080/firmware/ota_client_v2.2.0.bin", "status": "pending"}
{"msg_type": "ota_task", "task_id": "20251210_212044_758", "client_id": "758", "firmware_url": "https://192.168.4.2:8080/firmware/ota_client_v2.2.0.bin", "status": "pending"}
{"msg_type": "ota_task", "task_id": "20251210_212049_758", "client_id": "758", "firmware_url": "https://192.168.4.2:80 
I (157794) GW_TCP_SERVER: tcp-01-04-Rx JSON from sock 37 :: {"msg_type": "ota_task", "task_id": "20251210_212032_758", "client_id": "758", "firmware_url": "https://192.168.4.2:8080/firmware/ota_client_v2.2.0.bin", "status": "pending"}
I (157814) GW_TCP_SERVER: tcp-02-02-[OTA] Rx msg_type = ota_task from sock37 
I (157824) GW_TCP_SERVER: tcp-02-03-dispatching to msg_handler : sock = 37.  role = 1,  json= {"msg_type": "ota_task", "task_id": "20251210_212032_758", "client_id": "758", "firmware_url": "https://192.168.4.2:8080/firmware/ota_client_v2.2.0.bin", "status": "pending"}
I (157844) GW_MSG_HANDLER: Processing message from sock 37 (role=1): {"msg_type": "ota_task", "task_id": "20251210_212032_758", "client_id": "758", "firmware_url": "https://192.168.4.2:8080/firmware/ota_client_v2.2.0.bin", "status": "pending"}
I (157864) GW_MSG_HANDLER: GW Rx ota task, schedule delay dispatch to otaapp 
I (157874) OTA_APP_MGMT: New Task [20251210_212032_758] created in Queue, wait for User response 
W (157884) GW_TCP_SERVER: tcp-01-01-Parse loop: start offset = 219,  remain = 293
W (157894) GW_TCP_SERVER: tcp-01-02-No newline found, waiting for more data, current buffer = {"msg_type": "ota_task", "task_id": "20251210_212044_758", "client_id": "758", "firmware_url": "https://192.168.4.2:8080/firmware/ota_client_v2.2.0.bin", "status": "pending"}
{"msg_type": "ota_task", "task_id": "20251210_212049_758", "client_id": "758", "firmware_url": "https://192.168.4.2:80 
I (157924) GW_TCP_SERVER: tcp-01-04-Rx JSON from sock 37 :: {"msg_type": "ota_task", "task_id": "20251210_212044_758", "client_id": "758", "firmware_url": "https://192.168.4.2:8080/firmware/ota_client_v2.2.0.bin", "status": "pending"}
I (157944) GW_TCP_SERVER: tcp-02-02-[OTA] Rx msg_type = ota_task from sock37 
I (157954) GW_TCP_SERVER: tcp-02-03-dispatching to msg_handler : sock = 37.  role = 1,  json= {"msg_type": "ota_task", "task_id": "20251210_212044_758", "client_id": "758", "firmware_url": "https://192.168.4.2:8080/firmware/ota_client_v2.2.0.bin", "status": "pending"}
I (157974) GW_MSG_HANDLER: Processing message from sock 37 (role=1): {"msg_type": "ota_task", "task_id": "20251210_212044_758", "client_id": "758", "firmware_url": "https://192.168.4.2:8080/firmware/ota_client_v2.2.0.bin", "status": "pending"}
I (157994) GW_MSG_HANDLER: GW Rx ota task, schedule delay dispatch to otaapp 
I (158004) OTA_APP_MGMT: New Task [20251210_212044_758] created in Queue, wait for User response 
W (158014) GW_TCP_SERVER: tcp-01-01-Parse loop: start offset = 394,  remain = 118
W (158024) GW_TCP_SERVER: tcp-01-02-No newline found, waiting for more data, current buffer = {"msg_type": "ota_task", "task_id": "20251210_212049_758", "client_id": "758", "firmware_url": "https://192.168.4.2:80 
I (158034) GW_TCP_SERVER: tcp-03-01-compacting buffer : 118
I (158044) GW_TCP_SERVER: tcp-00-01-process stream json from sock:: 37, role = 1, len = 407  rx_len(before)= 118
I (158054) GW_TCP_SERVER: tcp-00-02-after memcopy buffer appended, new rx_len = 118 , buffers = {"msg_type": "ota_task", "task_id": "20251210_212049_758", "client_id": "758", "firmware_url": "https://192.168.4.2:8080/firmware/ota_client_v2.2.0.bin", "status": "pending"}
{"msg_type": "ota_task", "task_id": "20251210_212053_758", "client_id": "758", "firmware_url": "https://192.168.4.2:8080/firmware/ota_client_v2.2.0.bin", "status": "pending"}
{"msg_type": "ota_task", "task_id": "20251210_212055_758", "client_id": "758", "firmware_url": "https://192.168.4.2:8080/firmware/ota_client_v2.2.0.bin", "status": "pending"}

I (158104) GW_TCP_SERVER: tcp-00-03-before unlocked, new rx_len = 525 , buffers = {"msg_type": "ota_task", "task_id": "20251210_212049_758", "client_id": "758", "firmware_url": "https://192.168.4.2:8080/firmware/ota_client_v2.2.0.bin", "status": "pending"}
{"msg_type": "ota_task", "task_id": "20251210_212053_758", "client_id": "758", "firmware_url": "https://192.168.4.2:8080/firmware/ota_client_v2.2.0.bin", "status": "pending"}
{"msg_type": "ota_task", "task_id": "20251210_212055_758", "client_id": "758", "firmware_url": "https://192.168.4.2:8080/firmware/ota_client_v2.2.0.bin", "status": "pending"}

I (158164) GW_TCP_SERVER: tcp-00-04-Rx 407 bytes from client 37 ::{"msg_type": "ota_task", "task_id": "20251210_212049_758", "client_id": "758", "firmware_url": "https://192.168.4.2:8080/firmware/ota_client_v2.2.0.bin", "status": "pending"}
{"msg_type": "ota_task", "task_id": "20251210_212053_758", "client_id": "758", "firmware_url": "https://192.168.4.2:8080/firmware/ota_client_v2.2.0.bin", "status": "pending"}
{"msg_type": "ota_task", "task_id": "20251210_212055_758", "client_id": "758", "firmware_url": "https://192.168.4.2:8080/firmware/ota_client_v2.2.0.bin", "status": "pending"}
 , 
W (158214) GW_TCP_SERVER: tcp-01-01-Parse loop: start offset = 0,  remain = 525
W (158224) GW_TCP_SERVER: tcp-01-02-No newline found, waiting for more data, current buffer = {"msg_type": "ota_task", "task_id": "20251210_212049_758", "client_id": "758", "firmware_url": "https://192.168.4.2:8080/firmware/ota_client_v2.2.0.bin", "status": "pending"}
{"msg_type": "ota_task", "task_id": "20251210_212053_758", "client_id": "758", "firmware_url": "https://192.168.4.2:8080/firmware/ota_client_v2.2.0.bin", "status": "pending"}
{"msg_type": "ota_task", "task_id": "20251210_212055_758", "client_id": "758", "firmware_url": "https://192.168.4.2:8080/firmware/ota_client_v2.2.0.bin", "status": "pending"}
 
I (158274) GW_TCP_SERVER: tcp-01-04-Rx JSON from sock 37 :: {"msg_type": "ota_task", "task_id": "20251210_212049_758", "client_id": "758", "firmware_url": "https://192.168.4.2:8080/firmware/ota_client_v2.2.0.bin", "status": "pending"}
I (158294) GW_TCP_SERVER: tcp-02-02-[OTA] Rx msg_type = ota_task from sock37 
I (158304) GW_TCP_SERVER: tcp-02-03-dispatching to msg_handler : sock = 37.  role = 1,  json= {"msg_type": "ota_task", "task_id": "20251210_212049_758", "client_id": "758", "firmware_url": "https://192.168.4.2:8080/firmware/ota_client_v2.2.0.bin", "status": "pending"}
I (158324) GW_MSG_HANDLER: Processing message from sock 37 (role=1): {"msg_type": "ota_task", "task_id": "20251210_212049_758", "client_id": "758", "firmware_url": "https://192.168.4.2:8080/firmware/ota_client_v2.2.0.bin", "status": "pending"}
I (158344) GW_MSG_HANDLER: GW Rx ota task, schedule delay dispatch to otaapp 
I (158354) OTA_APP_MGMT: New Task [20251210_212049_758] created in Queue, wait for User response 
W (158364) GW_TCP_SERVER: tcp-01-01-Parse loop: start offset = 175,  remain = 350
W (158364) GW_TCP_SERVER: tcp-01-02-No newline found, waiting for more data, current buffer = {"msg_type": "ota_task", "task_id": "20251210_212053_758", "client_id": "758", "firmware_url": "https://192.168.4.2:8080/firmware/ota_client_v2.2.0.bin", "status": "pending"}
{"msg_type": "ota_task", "task_id": "20251210_212055_758", "client_id": "758", "firmware_url": "https://192.168.4.2:8080/firmware/ota_client_v2.2.0.bin", "status": "pending"}
 
I (158404) GW_TCP_SERVER: tcp-01-04-Rx JSON from sock 37 :: {"msg_type": "ota_task", "task_id": "20251210_212053_758", "client_id": "758", "firmware_url": "https://192.168.4.2:8080/firmware/ota_client_v2.2.0.bin", "status": "pending"}
I (158424) GW_TCP_SERVER: tcp-02-02-[OTA] Rx msg_type = ota_task from sock37 
I (158434) GW_TCP_SERVER: tcp-02-03-dispatching to msg_handler : sock = 37.  role = 1,  json= {"msg_type": "ota_task", "task_id": "20251210_212053_758", "client_id": "758", "firmware_url": "https://192.168.4.2:8080/firmware/ota_client_v2.2.0.bin", "status": "pending"}
I (158454) GW_MSG_HANDLER: Processing message from sock 37 (role=1): {"msg_type": "ota_task", "task_id": "20251210_212053_758", "client_id": "758", "firmware_url": "https://192.168.4.2:8080/firmware/ota_client_v2.2.0.bin", "status": "pending"}
I (158484) GW_MSG_HANDLER: GW Rx ota task, schedule delay dispatch to otaapp 
I (158484) OTA_APP_MGMT: New Task [20251210_212053_758] created in Queue, wait for User response 
W (158494) GW_TCP_SERVER: tcp-01-01-Parse loop: start offset = 350,  remain = 175
W (158504) GW_TCP_SERVER: tcp-01-02-No newline found, waiting for more data, current buffer = {"msg_type": "ota_task", "task_id": "20251210_212055_758", "client_id": "758", "firmware_url": "https://192.168.4.2:8080/firmware/ota_client_v2.2.0.bin", "status": "pending"}
 
I (158524) GW_TCP_SERVER: tcp-01-04-Rx JSON from sock 37 :: {"msg_type": "ota_task", "task_id": "20251210_212055_758", "client_id": "758", "firmware_url": "https://192.168.4.2:8080/firmware/ota_client_v2.2.0.bin", "status": "pending"}
I (158544) GW_TCP_SERVER: tcp-02-02-[OTA] Rx msg_type = ota_task from sock37 
I (158554) GW_TCP_SERVER: tcp-02-03-dispatching to msg_handler : sock = 37.  role = 1,  json= {"msg_type": "ota_task", "task_id": "20251210_212055_758", "client_id": "758", "firmware_url": "https://192.168.4.2:8080/firmware/ota_client_v2.2.0.bin", "status": "pending"}
I (158574) GW_MSG_HANDLER: Processing message from sock 37 (role=1): {"msg_type": "ota_task", "task_id": "20251210_212055_758", "client_id": "758", "firmware_url": "https://192.168.4.2:8080/firmware/ota_client_v2.2.0.bin", "status": "pending"}
I (158594) GW_MSG_HANDLER: GW Rx ota task, schedule delay dispatch to otaapp 
W (158604) OTA_APP_MGMT: Task list full, discard new task
W (158614) GW_TCP_SERVER: tcp-01-01-Parse loop: start offset = 525,  remain = 0
W (158614) GW_TCP_SERVER: tcp-01-02-No newline found, waiting for more data, current buffer =  
I (158624) GW_TCP_SERVER: tcp-03-01-compacting buffer : 0
E (164024) GW_TCP_SERVER: recv failed: errno 113
I (164024) GW_TCP_SERVER: Closing client socket 37
W (164024) GW_TCP_SERVER: OTA Server disconnected
I (171474) wifi:new:<1,0>, old:<1,1>, ap:<1,0>, sta:<255,255>, prof:1, snd_ch_cfg:0x0
I (171474) wifi:station: a4:5e:60:c5:69:75 join, AID=1, bgn, 20
I (171514) esp_netif_lwip: DHCP server assigned IP to a client, IP is: 192.168.4.2
I (171514) wifi:<ba-add>idx:2 (ifx:1, a4:5e:60:c5:69:75), tid:6, ssn:2, winSize:64
I (171614) wifi:<ba-add>idx:3 (ifx:1, a4:5e:60:c5:69:75), tid:0, ssn:0, winSize:64
I (180554) GW_TCP_SERVER: Client connected, sock=37, ip=192.168.4.2, port=57301
I (180554) GW_TCP_SERVER: OTA Server socket set: 37
I (180554) GW_TCP_SERVER: tcp-00-01-process stream json from sock:: 37, role = 1, len = 44  rx_len(before)= 0
I (180564) GW_TCP_SERVER: tcp-00-02-after memcopy buffer appended, new rx_len = 0 , buffers = {"msg_type": "hello", "role": "ota_server"}

I (180574) GW_TCP_SERVER: tcp-00-03-before unlocked, new rx_len = 44 , buffers = {"msg_type": "hello", "role": "ota_server"}

I (180584) GW_TCP_SERVER: tcp-00-04-Rx 44 bytes from client 37 ::{"msg_type": "hello", "role": "ota_server"}
 , 
W (180594) GW_TCP_SERVER: tcp-01-01-Parse loop: start offset = 0,  remain = 44
W (180604) GW_TCP_SERVER: tcp-01-02-No newline found, waiting for more data, current buffer = {"msg_type": "hello", "role": "ota_server"}
 
I (180614) GW_TCP_SERVER: tcp-01-04-Rx JSON from sock 37 :: {"msg_type": "hello", "role": "ota_server"}
I (180624) GW_TCP_SERVER: tcp-02-02-[OTA] Rx msg_type = hello from sock37 
I (180634) GW_TCP_SERVER: tcp-02-03-dispatching to msg_handler : sock = 37.  role = 1,  json= {"msg_type": "hello", "role": "ota_server"}
I (180644) GW_MSG_HANDLER: Processing message from sock 37 (role=1): {"msg_type": "hello", "role": "ota_server"}
I (180654) GW_MSG_HANDLER: OTA server hello received on sock 37
W (180664) GW_TCP_SERVER: tcp-01-01-Parse loop: start offset = 44,  remain = 0
W (180664) GW_TCP_SERVER: tcp-01-02-No newline found, waiting for more data, current buffer =  
I (180674) GW_TCP_SERVER: tcp-03-01-compacting buffer : 0
I (181594) GW_TCP_SERVER: tcp-00-01-process stream json from sock:: 37, role = 1, len = 31  rx_len(before)= 0
I (181594) GW_TCP_SERVER: tcp-00-02-after memcopy buffer appended, new rx_len = 0 , buffers = {"msg_type": "keep_alive_ack"}
ota_server"}

I (181604) GW_TCP_SERVER: tcp-00-03-before unlocked, new rx_len = 31 , buffers = {"msg_type": "keep_alive_ack"}

I (181614) GW_TCP_SERVER: tcp-00-04-Rx 31 bytes from client 37 ::{"msg_type": "keep_alive_ack"}
 , 
W (181624) GW_TCP_SERVER: tcp-01-01-Parse loop: start offset = 0,  remain = 31
W (181624) GW_TCP_SERVER: tcp-01-02-No newline found, waiting for more data, current buffer = {"msg_type": "keep_alive_ack"}
 
I (181634) GW_TCP_SERVER: tcp-01-04-Rx JSON from sock 37 :: {"msg_type": "keep_alive_ack"}
I (181644) GW_TCP_SERVER: tcp-02-01-[OTA] Rx keep_alive_ack from sock: 37
W (181654) GW_TCP_SERVER: tcp-01-01-Parse loop: start offset = 31,  remain = 0
W (181664) GW_TCP_SERVER: tcp-01-02-No newline found, waiting for more data, current buffer =  
I (181664) GW_TCP_SERVER: tcp-03-01-compacting buffer : 0
I (184924) GW_TCP_SERVER: tcp-00-01-process stream json from sock:: 37, role = 1, len = 175  rx_len(before)= 0
I (184924) GW_TCP_SERVER: tcp-00-02-after memcopy buffer appended, new rx_len = 0 , buffers = {"msg_type": "ota_task", "task_id": "20251210_212141_758", "client_id": "758", "firmware_url": "https://192.168.4.2:8080/firmware/ota_client_v2.2.0.bin", "status": "pending"}

I (184944) GW_TCP_SERVER: tcp-00-03-before unlocked, new rx_len = 175 , buffers = {"msg_type": "ota_task", "task_id": "20251210_212141_758", "client_id": "758", "firmware_url": "https://192.168.4.2:8080/firmware/ota_client_v2.2.0.bin", "status": "pending"}

I (184964) GW_TCP_SERVER: tcp-00-04-Rx 175 bytes from client 37 ::{"msg_type": "ota_task", "task_id": "20251210_212141_758", "client_id": "758", "firmware_url": "https://192.168.4.2:8080/firmware/ota_client_v2.2.0.bin", "status": "pending"}
 , 
W (184984) GW_TCP_SERVER: tcp-01-01-Parse loop: start offset = 0,  remain = 175
W (184994) GW_TCP_SERVER: tcp-01-02-No newline found, waiting for more data, current buffer = {"msg_type": "ota_task", "task_id": "20251210_212141_758", "client_id": "758", "firmware_url": "https://192.168.4.2:8080/firmware/ota_client_v2.2.0.bin", "status": "pending"}
 
I (185014) GW_TCP_SERVER: tcp-01-04-Rx JSON from sock 37 :: {"msg_type": "ota_task", "task_id": "20251210_212141_758", "client_id": "758", "firmware_url": "https://192.168.4.2:8080/firmware/ota_client_v2.2.0.bin", "status": "pending"}
I (185034) GW_TCP_SERVER: tcp-02-02-[OTA] Rx msg_type = ota_task from sock37 
I (185044) GW_TCP_SERVER: tcp-02-03-dispatching to msg_handler : sock = 37.  role = 1,  json= {"msg_type": "ota_task", "task_id": "20251210_212141_758", "client_id": "758", "firmware_url": "https://192.168.4.2:8080/firmware/ota_client_v2.2.0.bin", "status": "pending"}
I (185064) GW_MSG_HANDLER: Processing message from sock 37 (role=1): {"msg_type": "ota_task", "task_id": "20251210_212141_758", "client_id": "758", "firmware_url": "https://192.168.4.2:8080/firmware/ota_client_v2.2.0.bin", "status": "pending"}
I (185094) GW_MSG_HANDLER: GW Rx ota task, schedule delay dispatch to otaapp 
W (185094) OTA_APP_MGMT: Task list full, discard new task
W (185104) GW_TCP_SERVER: tcp-01-01-Parse loop: start offset = 175,  remain = 0
W (185104) GW_TCP_SERVER: tcp-01-02-No newline found, waiting for more data, current buffer =  
I (185114) GW_TCP_SERVER: tcp-03-01-compacting buffer : 0
I (186604) GW_TCP_SERVER: tcp-00-01-process stream json from sock:: 37, role = 1, len = 31  rx_len(before)= 0
I (186604) GW_TCP_SERVER: tcp-00-02-after memcopy buffer appended, new rx_len = 0 , buffers = {"msg_type": "keep_alive_ack"}
id": "20251210_212141_758", "client_id": "758", "firmware_url": "https://192.168.4.2:8080/firmware/ota_client_v2.2.0.bin", "status": "pending"}

I (186624) GW_TCP_SERVER: tcp-00-03-before unlocked, new rx_len = 31 , buffers = {"msg_type": "keep_alive_ack"}

I (186634) GW_TCP_SERVER: tcp-00-04-Rx 31 bytes from client 37 ::{"msg_type": "keep_alive_ack"}
 , 
W (186644) GW_TCP_SERVER: tcp-01-01-Parse loop: start offset = 0,  remain = 31
W (186654) GW_TCP_SERVER: tcp-01-02-No newline found, waiting for more data, current buffer = {"msg_type": "keep_alive_ack"}
 
I (186664) GW_TCP_SERVER: tcp-01-04-Rx JSON from sock 37 :: {"msg_type": "keep_alive_ack"}
I (186664) GW_TCP_SERVER: tcp-02-01-[OTA] Rx keep_alive_ack from sock: 37
W (186674) GW_TCP_SERVER: tcp-01-01-Parse loop: start offset = 31,  remain = 0
W (186684) GW_TCP_SERVER: tcp-01-02-No newline found, waiting for more data, current buffer =  
I (186694) GW_TCP_SERVER: tcp-03-01-compacting buffer : 0
I (191614) GW_TCP_SERVER: tcp-00-01-process stream json from sock:: 37, role = 1, len = 31  rx_len(before)= 0
I (191614) GW_TCP_SERVER: tcp-00-02-after memcopy buffer appended, new rx_len = 0 , buffers = {"msg_type": "keep_alive_ack"}

I (191624) GW_TCP_SERVER: tcp-00-03-before unlocked, new rx_len = 31 , buffers = {"msg_type": "keep_alive_ack"}

I (191634) GW_TCP_SERVER: tcp-00-04-Rx 31 bytes from client 37 ::{"msg_type": "keep_alive_ack"}
 , 
W (191644) GW_TCP_SERVER: tcp-01-01-Parse loop: start offset = 0,  remain = 31
W (191654) GW_TCP_SERVER: tcp-01-02-No newline found, waiting for more data, current buffer = {"msg_type": "keep_alive_ack"}
 
I (191664) GW_TCP_SERVER: tcp-01-04-Rx JSON from sock 37 :: {"msg_type": "keep_alive_ack"}
I (191664) GW_TCP_SERVER: tcp-02-01-[OTA] Rx keep_alive_ack from sock: 37
W (191674) GW_TCP_SERVER: tcp-01-01-Parse loop: start offset = 31,  remain = 0
W (191684) GW_TCP_SERVER: tcp-01-02-No newline found, waiting for more data, current buffer =  
I (191694) GW_TCP_SERVER: tcp-03-01-compacting buffer : 0
I (194374) GW_TCP_SERVER: tcp-00-01-process stream json from sock:: 37, role = 1, len = 175  rx_len(before)= 0
I (194374) GW_TCP_SERVER: tcp-00-02-after memcopy buffer appended, new rx_len = 0 , buffers = {"msg_type": "ota_task", "task_id": "20251210_212150_758", "client_id": "758", "firmware_url": "https://192.168.4.2:8080/firmware/ota_client_v2.2.0.bin", "status": "pending"}

I (194394) GW_TCP_SERVER: tcp-00-03-before unlocked, new rx_len = 175 , buffers = {"msg_type": "ota_task", "task_id": "20251210_212150_758", "client_id": "758", "firmware_url": "https://192.168.4.2:8080/firmware/ota_client_v2.2.0.bin", "status": "pending"}

I (194424) GW_TCP_SERVER: tcp-00-04-Rx 175 bytes from client 37 ::{"msg_type": "ota_task", "task_id": "20251210_212150_758", "client_id": "758", "firmware_url": "https://192.168.4.2:8080/firmware/ota_client_v2.2.0.bin", "status": "pending"}
 , 
W (194444) GW_TCP_SERVER: tcp-01-01-Parse loop: start offset = 0,  remain = 175
W (194444) GW_TCP_SERVER: tcp-01-02-No newline found, waiting for more data, current buffer = {"msg_type": "ota_task", "task_id": "20251210_212150_758", "client_id": "758", "firmware_url": "https://192.168.4.2:8080/firmware/ota_client_v2.2.0.bin", "status": "pending"}
 
I (194474) GW_TCP_SERVER: tcp-01-04-Rx JSON from sock 37 :: {"msg_type": "ota_task", "task_id": "20251210_212150_758", "client_id": "758", "firmware_url": "https://192.168.4.2:8080/firmware/ota_client_v2.2.0.bin", "status": "pending"}
I (194494) GW_TCP_SERVER: tcp-02-02-[OTA] Rx msg_type = ota_task from sock37 
I (194504) GW_TCP_SERVER: tcp-02-03-dispatching to msg_handler : sock = 37.  role = 1,  json= {"msg_type": "ota_task", "task_id": "20251210_212150_758", "client_id": "758", "firmware_url": "https://192.168.4.2:8080/firmware/ota_client_v2.2.0.bin", "status": "pending"}
I (194524) GW_MSG_HANDLER: Processing message from sock 37 (role=1): {"msg_type": "ota_task", "task_id": "20251210_212150_758", "client_id": "758", "firmware_url": "https://192.168.4.2:8080/firmware/ota_client_v2.2.0.bin", "status": "pending"}
I (194544) GW_MSG_HANDLER: GW Rx ota task, schedule delay dispatch to otaapp 
W (194554) OTA_APP_MGMT: Task list full, discard new task
W (194554) GW_TCP_SERVER: tcp-01-01-Parse loop: start offset = 175,  remain = 0
W (194564) GW_TCP_SERVER: tcp-01-02-No newline found, waiting for more data, current buffer =  
I (194574) GW_TCP_SERVER: tcp-03-01-compacting buffer : 0
I (196644) GW_TCP_SERVER: tcp-00-01-process stream json from sock:: 37, role = 1, len = 31  rx_len(before)= 0
I (196644) GW_TCP_SERVER: tcp-00-02-after memcopy buffer appended, new rx_len = 0 , buffers = {"msg_type": "keep_alive_ack"}
id": "20251210_212150_758", "client_id": "758", "firmware_url": "https://192.168.4.2:8080/firmware/ota_client_v2.2.0.bin", "status": "pending"}

I (196664) GW_TCP_SERVER: tcp-00-03-before unlocked, new rx_len = 31 , buffers = {"msg_type": "keep_alive_ack"}

I (196674) GW_TCP_SERVER: tcp-00-04-Rx 31 bytes from client 37 ::{"msg_type": "keep_alive_ack"}
 , 
W (196684) GW_TCP_SERVER: tcp-01-01-Parse loop: start offset = 0,  remain = 31
W (196694) GW_TCP_SERVER: tcp-01-02-No newline found, waiting for more data, current buffer = {"msg_type": "keep_alive_ack"}
 
I (196704) GW_TCP_SERVER: tcp-01-04-Rx JSON from sock 37 :: {"msg_type": "keep_alive_ack"}
I (196714) GW_TCP_SERVER: tcp-02-01-[OTA] Rx keep_alive_ack from sock: 37
W (196714) GW_TCP_SERVER: tcp-01-01-Parse loop: start offset = 31,  remain = 0
W (196724) GW_TCP_SERVER: tcp-01-02-No newline found, waiting for more data, current buffer =  
I (196734) GW_TCP_SERVER: tcp-03-01-compacting buffer : 0
I (201654) GW_TCP_SERVER: tcp-00-01-process stream json from sock:: 37, role = 1, len = 31  rx_len(before)= 0
I (201654) GW_TCP_SERVER: tcp-00-02-after memcopy buffer appended, new rx_len = 0 , buffers = {"msg_type": "keep_alive_ack"}

I (201664) GW_TCP_SERVER: tcp-00-03-before unlocked, new rx_len = 31 , buffers = {"msg_type": "keep_alive_ack"}

I (201674) GW_TCP_SERVER: tcp-00-04-Rx 31 bytes from client 37 ::{"msg_type": "keep_alive_ack"}
 , 
W (201684) GW_TCP_SERVER: tcp-01-01-Parse loop: start offset = 0,  remain = 31
W (201684) GW_TCP_SERVER: tcp-01-02-No newline found, waiting for more data, current buffer = {"msg_type": "keep_alive_ack"}
 
I (201704) GW_TCP_SERVER: tcp-01-04-Rx JSON from sock 37 :: {"msg_type": "keep_alive_ack"}
I (201704) GW_TCP_SERVER: tcp-02-01-[OTA] Rx keep_alive_ack from sock: 37
W (201714) GW_TCP_SERVER: tcp-01-01-Parse loop: start offset = 31,  remain = 0
W (201724) GW_TCP_SERVER: tcp-01-02-No newline found, waiting for more data, current buffer =  
I (201734) GW_TCP_SERVER: tcp-03-01-compacting buffer : 0
I (202994) GW_TCP_SERVER: tcp-00-01-process stream json from sock:: 37, role = 1, len = 175  rx_len(before)= 0
I (202994) GW_TCP_SERVER: tcp-00-02-after memcopy buffer appended, new rx_len = 0 , buffers = {"msg_type": "ota_task", "task_id": "20251210_212159_758", "client_id": "758", "firmware_url": "https://192.168.4.2:8080/firmware/ota_client_v2.2.0.bin", "status": "pending"}

I (203024) GW_TCP_SERVER: tcp-00-03-before unlocked, new rx_len = 175 , buffers = {"msg_type": "ota_task", "task_id": "20251210_212159_758", "client_id": "758", "firmware_url": "https://192.168.4.2:8080/firmware/ota_client_v2.2.0.bin", "status": "pending"}

I (203044) GW_TCP_SERVER: tcp-00-04-Rx 175 bytes from client 37 ::{"msg_type": "ota_task", "task_id": "20251210_212159_758", "client_id": "758", "firmware_url": "https://192.168.4.2:8080/firmware/ota_client_v2.2.0.bin", "status": "pending"}
 , 
W (203064) GW_TCP_SERVER: tcp-01-01-Parse loop: start offset = 0,  remain = 175
W (203074) GW_TCP_SERVER: tcp-01-02-No newline found, waiting for more data, current buffer = {"msg_type": "ota_task", "task_id": "20251210_212159_758", "client_id": "758", "firmware_url": "https://192.168.4.2:8080/firmware/ota_client_v2.2.0.bin", "status": "pending"}
 
I (203094) GW_TCP_SERVER: tcp-01-04-Rx JSON from sock 37 :: {"msg_type": "ota_task", "task_id": "20251210_212159_758", "client_id": "758", "firmware_url": "https://192.168.4.2:8080/firmware/ota_client_v2.2.0.bin", "status": "pending"}
I (203114) GW_TCP_SERVER: tcp-02-02-[OTA] Rx msg_type = ota_task from sock37 
I (203124) GW_TCP_SERVER: tcp-02-03-dispatching to msg_handler : sock = 37.  role = 1,  json= {"msg_type": "ota_task", "task_id": "20251210_212159_758", "client_id": "758", "firmware_url": "https://192.168.4.2:8080/firmware/ota_client_v2.2.0.bin", "status": "pending"}
I (203144) GW_MSG_HANDLER: Processing message from sock 37 (role=1): {"msg_type": "ota_task", "task_id": "20251210_212159_758", "client_id": "758", "firmware_url": "https://192.168.4.2:8080/firmware/ota_client_v2.2.0.bin", "status": "pending"}
I (203164) GW_MSG_HANDLER: GW Rx ota task, schedule delay dispatch to otaapp 
W (203174) OTA_APP_MGMT: Task list full, discard new task
W (203184) GW_TCP_SERVER: tcp-01-01-Parse loop: start offset = 175,  remain = 0
W (203184) GW_TCP_SERVER: tcp-01-02-No newline found, waiting for more data, current buffer =  
I (203194) GW_TCP_SERVER: tcp-03-01-compacting buffer : 0
I (205504) wifi:<ba-add>idx:4 (ifx:1, a4:5e:60:c5:69:75), tid:1, ssn:0, winSize:64
I (206564) GW_TCP_SERVER: tcp-00-01-process stream json from sock:: 37, role = 1, len = 31  rx_len(before)= 0
I (206574) GW_TCP_SERVER: tcp-00-02-after memcopy buffer appended, new rx_len = 0 , buffers = {"msg_type": "keep_alive_ack"}
id": "20251210_212159_758", "client_id": "758", "firmware_url": "https://192.168.4.2:8080/firmware/ota_client_v2.2.0.bin", "status": "pending"}

I (206594) GW_TCP_SERVER: tcp-00-03-before unlocked, new rx_len = 31 , buffers = {"msg_type": "keep_alive_ack"}

I (206604) GW_TCP_SERVER: tcp-00-04-Rx 31 bytes from client 37 ::{"msg_type": "keep_alive_ack"}
 , 
W (206614) GW_TCP_SERVER: tcp-01-01-Parse loop: start offset = 0,  remain = 31
W (206614) GW_TCP_SERVER: tcp-01-02-No newline found, waiting for more data, current buffer = {"msg_type": "keep_alive_ack"}
 
I (206624) GW_TCP_SERVER: tcp-01-04-Rx JSON from sock 37 :: {"msg_type": "keep_alive_ack"}
I (206634) GW_TCP_SERVER: tcp-02-01-[OTA] Rx keep_alive_ack from sock: 37
W (206644) GW_TCP_SERVER: tcp-01-01-Parse loop: start offset = 31,  remain = 0
W (206654) GW_TCP_SERVER: tcp-01-02-No newline found, waiting for more data, current buffer =  
I (206654) GW_TCP_SERVER: tcp-03-01-compacting buffer : 0
I (211584) GW_TCP_SERVER: tcp-00-01-process stream json from sock:: 37, role = 1, len = 31  rx_len(before)= 0
I (211584) GW_TCP_SERVER: tcp-00-02-after memcopy buffer appended, new rx_len = 0 , buffers = {"msg_type": "keep_alive_ack"}

I (211594) GW_TCP_SERVER: tcp-00-03-before unlocked, new rx_len = 31 , buffers = {"msg_type": "keep_alive_ack"}

I (211604) GW_TCP_SERVER: tcp-00-04-Rx 31 bytes from client 37 ::{"msg_type": "keep_alive_ack"}
 , 
W (211614) GW_TCP_SERVER: tcp-01-01-Parse loop: start offset = 0,  remain = 31
W (211624) GW_TCP_SERVER: tcp-01-02-No newline found, waiting for more data, current buffer = {"msg_type": "keep_alive_ack"}
 
I (211634) GW_TCP_SERVER: tcp-01-04-Rx JSON from sock 37 :: {"msg_type": "keep_alive_ack"}
I (211644) GW_TCP_SERVER: tcp-02-01-[OTA] Rx keep_alive_ack from sock: 37
W (211644) GW_TCP_SERVER: tcp-01-01-Parse loop: start offset = 31,  remain = 0
W (211654) GW_TCP_SERVER: tcp-01-02-No newline found, waiting for more data, current buffer =  
I (211664) GW_TCP_SERVER: tcp-03-01-compacting buffer : 0
I (216004) GW_TCP_SERVER: tcp-00-01-process stream json from sock:: 37, role = 1, len = 175  rx_len(before)= 0
I (216004) GW_TCP_SERVER: tcp-00-02-after memcopy buffer appended, new rx_len = 0 , buffers = {"msg_type": "ota_task", "task_id": "20251210_212212_758", "client_id": "758", "firmware_url": "https://192.168.4.2:8080/firmware/ota_client_v2.2.0.bin", "status": "pending"}

I (216024) GW_TCP_SERVER: tcp-00-03-before unlocked, new rx_len = 175 , buffers = {"msg_type": "ota_task", "task_id": "20251210_212212_758", "client_id": "758", "firmware_url": "https://192.168.4.2:8080/firmware/ota_client_v2.2.0.bin", "status": "pending"}

I (216044) GW_TCP_SERVER: tcp-00-04-Rx 175 bytes from client 37 ::{"msg_type": "ota_task", "task_id": "20251210_212212_758", "client_id": "758", "firmware_url": "https://192.168.4.2:8080/firmware/ota_client_v2.2.0.bin", "status": "pending"}
 , 
W (216064) GW_TCP_SERVER: tcp-01-01-Parse loop: start offset = 0,  remain = 175
W (216074) GW_TCP_SERVER: tcp-01-02-No newline found, waiting for more data, current buffer = {"msg_type": "ota_task", "task_id": "20251210_212212_758", "client_id": "758", "firmware_url": "https://192.168.4.2:8080/firmware/ota_client_v2.2.0.bin", "status": "pending"}
 
I (216094) GW_TCP_SERVER: tcp-01-04-Rx JSON from sock 37 :: {"msg_type": "ota_task", "task_id": "20251210_212212_758", "client_id": "758", "firmware_url": "https://192.168.4.2:8080/firmware/ota_client_v2.2.0.bin", "status": "pending"}
I (216124) GW_TCP_SERVER: tcp-02-02-[OTA] Rx msg_type = ota_task from sock37 
I (216124) GW_TCP_SERVER: tcp-02-03-dispatching to msg_handler : sock = 37.  role = 1,  json= {"msg_type": "ota_task", "task_id": "20251210_212212_758", "client_id": "758", "firmware_url": "https://192.168.4.2:8080/firmware/ota_client_v2.2.0.bin", "status": "pending"}
I (216154) GW_MSG_HANDLER: Processing message from sock 37 (role=1): {"msg_type": "ota_task", "task_id": "20251210_212212_758", "client_id": "758", "firmware_url": "https://192.168.4.2:8080/firmware/ota_client_v2.2.0.bin", "status": "pending"}
I (216174) GW_MSG_HANDLER: GW Rx ota task, schedule delay dispatch to otaapp 
W (216174) OTA_APP_MGMT: Task list full, discard new task
W (216184) GW_TCP_SERVER: tcp-01-01-Parse loop: start offset = 175,  remain = 0
W (216194) GW_TCP_SERVER: tcp-01-02-No newline found, waiting for more data, current buffer =  
I (216194) GW_TCP_SERVER: tcp-03-01-compacting buffer : 0
I (216604) GW_TCP_SERVER: tcp-00-01-process stream json from sock:: 37, role = 1, len = 31  rx_len(before)= 0
I (216604) GW_TCP_SERVER: tcp-00-02-after memcopy buffer appended, new rx_len = 0 , buffers = {"msg_type": "keep_alive_ack"}
id": "20251210_212212_758", "client_id": "758", "firmware_url": "https://192.168.4.2:8080/firmware/ota_client_v2.2.0.bin", "status": "pending"}

I (216624) GW_TCP_SERVER: tcp-00-03-before unlocked, new rx_len = 31 , buffers = {"msg_type": "keep_alive_ack"}

I (216634) GW_TCP_SERVER: tcp-00-04-Rx 31 bytes from client 37 ::{"msg_type": "keep_alive_ack"}
 , 
W (216644) GW_TCP_SERVER: tcp-01-01-Parse loop: start offset = 0,  remain = 31
W (216654) GW_TCP_SERVER: tcp-01-02-No newline found, waiting for more data, current buffer = {"msg_type": "keep_alive_ack"}
 
I (216664) GW_TCP_SERVER: tcp-01-04-Rx JSON from sock 37 :: {"msg_type": "keep_alive_ack"}
I (216674) GW_TCP_SERVER: tcp-02-01-[OTA] Rx keep_alive_ack from sock: 37
W (216674) GW_TCP_SERVER: tcp-01-01-Parse loop: start offset = 31,  remain = 0
W (216684) GW_TCP_SERVER: tcp-01-02-No newline found, waiting for more data, current buffer =  
I (216694) GW_TCP_SERVER: tcp-03-01-compacting buffer : 0
I (219174) GW_TCP_SERVER: tcp-00-01-process stream json from sock:: 37, role = 1, len = 175  rx_len(before)= 0
I (219174) GW_TCP_SERVER: tcp-00-02-after memcopy buffer appended, new rx_len = 0 , buffers = {"msg_type": "ota_task", "task_id": "20251210_212215_758", "client_id": "758", "firmware_url": "https://192.168.4.2:8080/firmware/ota_client_v2.2.0.bin", "status": "pending"}

I (219194) GW_TCP_SERVER: tcp-00-03-before unlocked, new rx_len = 175 , buffers = {"msg_type": "ota_task", "task_id": "20251210_212215_758", "client_id": "758", "firmware_url": "https://192.168.4.2:8080/firmware/ota_client_v2.2.0.bin", "status": "pending"}

I (219224) GW_TCP_SERVER: tcp-00-04-Rx 175 bytes from client 37 ::{"msg_type": "ota_task", "task_id": "20251210_212215_758", "client_id": "758", "firmware_url": "https://192.168.4.2:8080/firmware/ota_client_v2.2.0.bin", "status": "pending"}
 , 
W (219244) GW_TCP_SERVER: tcp-01-01-Parse loop: start offset = 0,  remain = 175
W (219244) GW_TCP_SERVER: tcp-01-02-No newline found, waiting for more data, current buffer = {"msg_type": "ota_task", "task_id": "20251210_212215_758", "client_id": "758", "firmware_url": "https://192.168.4.2:8080/firmware/ota_client_v2.2.0.bin", "status": "pending"}
 
I (219274) GW_TCP_SERVER: tcp-01-04-Rx JSON from sock 37 :: {"msg_type": "ota_task", "task_id": "20251210_212215_758", "client_id": "758", "firmware_url": "https://192.168.4.2:8080/firmware/ota_client_v2.2.0.bin", "status": "pending"}
I (219294) GW_TCP_SERVER: tcp-02-02-[OTA] Rx msg_type = ota_task from sock37 
I (219304) GW_TCP_SERVER: tcp-02-03-dispatching to msg_handler : sock = 37.  role = 1,  json= {"msg_type": "ota_task", "task_id": "20251210_212215_758", "client_id": "758", "firmware_url": "https://192.168.4.2:8080/firmware/ota_client_v2.2.0.bin", "status": "pending"}
I (219324) GW_MSG_HANDLER: Processing message from sock 37 (role=1): {"msg_type": "ota_task", "task_id": "20251210_212215_758", "client_id": "758", "firmware_url": "https://192.168.4.2:8080/firmware/ota_client_v2.2.0.bin", "status": "pending"}
I (219344) GW_MSG_HANDLER: GW Rx ota task, schedule delay dispatch to otaapp 
W (219354) OTA_APP_MGMT: Task list full, discard new task
W (219354) GW_TCP_SERVER: tcp-01-01-Parse loop: start offset = 175,  remain = 0
W (219364) GW_TCP_SERVER: tcp-01-02-No newline found, waiting for more data, current buffer =  
I (219374) GW_TCP_SERVER: tcp-03-01-compacting buffer : 0
I (221624) GW_TCP_SERVER: tcp-00-01-process stream json from sock:: 37, role = 1, len = 31  rx_len(before)= 0
I (221624) GW_TCP_SERVER: tcp-00-02-after memcopy buffer appended, new rx_len = 0 , buffers = {"msg_type": "keep_alive_ack"}
id": "20251210_212215_758", "client_id": "758", "firmware_url": "https://192.168.4.2:8080/firmware/ota_client_v2.2.0.bin", "status": "pending"}

I (221644) GW_TCP_SERVER: tcp-00-03-before unlocked, new rx_len = 31 , buffers = {"msg_type": "keep_alive_ack"}

I (221654) GW_TCP_SERVER: tcp-00-04-Rx 31 bytes from client 37 ::{"msg_type": "keep_alive_ack"}
 , 
W (221664) GW_TCP_SERVER: tcp-01-01-Parse loop: start offset = 0,  remain = 31
W (221674) GW_TCP_SERVER: tcp-01-02-No newline found, waiting for more data, current buffer = {"msg_type": "keep_alive_ack"}
 
I (221684) GW_TCP_SERVER: tcp-01-04-Rx JSON from sock 37 :: {"msg_type": "keep_alive_ack"}
I (221684) GW_TCP_SERVER: tcp-02-01-[OTA] Rx keep_alive_ack from sock: 37
W (221694) GW_TCP_SERVER: tcp-01-01-Parse loop: start offset = 31,  remain = 0
W (221704) GW_TCP_SERVER: tcp-01-02-No newline found, waiting for more data, current buffer =  
I (221714) GW_TCP_SERVER: tcp-03-01-compacting buffer : 0
I (226634) GW_TCP_SERVER: tcp-00-01-process stream json from sock:: 37, role = 1, len = 31  rx_len(before)= 0
I (226634) GW_TCP_SERVER: tcp-00-02-after memcopy buffer appended, new rx_len = 0 , buffers = {"msg_type": "keep_alive_ack"}

I (226644) GW_TCP_SERVER: tcp-00-03-before unlocked, new rx_len = 31 , buffers = {"msg_type": "keep_alive_ack"}

I (226654) GW_TCP_SERVER: tcp-00-04-Rx 31 bytes from client 37 ::{"msg_type": "keep_alive_ack"}
 , 
W (226664) GW_TCP_SERVER: tcp-01-01-Parse loop: start offset = 0,  remain = 31
W (226674) GW_TCP_SERVER: tcp-01-02-No newline found, waiting for more data, current buffer = {"msg_type": "keep_alive_ack"}
 
I (226684) GW_TCP_SERVER: tcp-01-04-Rx JSON from sock 37 :: {"msg_type": "keep_alive_ack"}
I (226694) GW_TCP_SERVER: tcp-02-01-[OTA] Rx keep_alive_ack from sock: 37
W (226704) GW_TCP_SERVER: tcp-01-01-Parse loop: start offset = 31,  remain = 0
W (226704) GW_TCP_SERVER: tcp-01-02-No newline found, waiting for more data, current buffer =  
I (226714) GW_TCP_SERVER: tcp-03-01-compacting buffer : 0
I (231554) GW_TCP_SERVER: tcp-00-01-process stream json from sock:: 37, role = 1, len = 31  rx_len(before)= 0
I (231554) GW_TCP_SERVER: tcp-00-02-after memcopy buffer appended, new rx_len = 0 , buffers = {"msg_type": "keep_alive_ack"}

I (231564) GW_TCP_SERVER: tcp-00-03-before unlocked, new rx_len = 31 , buffers = {"msg_type": "keep_alive_ack"}

I (231574) GW_TCP_SERVER: tcp-00-04-Rx 31 bytes from client 37 ::{"msg_type": "keep_alive_ack"}
 , 
W (231584) GW_TCP_SERVER: tcp-01-01-Parse loop: start offset = 0,  remain = 31
W (231584) GW_TCP_SERVER: tcp-01-02-No newline found, waiting for more data, current buffer = {"msg_type": "keep_alive_ack"}
 
I (231604) GW_TCP_SERVER: tcp-01-04-Rx JSON from sock 37 :: {"msg_type": "keep_alive_ack"}
I (231604) GW_TCP_SERVER: tcp-02-01-[OTA] Rx keep_alive_ack from sock: 37
W (231614) GW_TCP_SERVER: tcp-01-01-Parse loop: start offset = 31,  remain = 0
W (231624) GW_TCP_SERVER: tcp-01-02-No newline found, waiting for more data, current buffer =  
I (231634) GW_TCP_SERVER: tcp-03-01-compacting buffer : 0
I (236554) GW_TCP_SERVER: tcp-00-01-process stream json from sock:: 37, role = 1, len = 31  rx_len(before)= 0
I (236554) GW_TCP_SERVER: tcp-00-02-after memcopy buffer appended, new rx_len = 0 , buffers = {"msg_type": "keep_alive_ack"}

I (236564) GW_TCP_SERVER: tcp-00-03-before unlocked, new rx_len = 31 , buffers = {"msg_type": "keep_alive_ack"}

I (236574) GW_TCP_SERVER: tcp-00-04-Rx 31 bytes from client 37 ::{"msg_type": "keep_alive_ack"}
 , 
W (236584) GW_TCP_SERVER: tcp-01-01-Parse loop: start offset = 0,  remain = 31
W (236584) GW_TCP_SERVER: tcp-01-02-No newline found, waiting for more data, current buffer = {"msg_type": "keep_alive_ack"}
 
I (236594) GW_TCP_SERVER: tcp-01-04-Rx JSON from sock 37 :: {"msg_type": "keep_alive_ack"}
I (236604) GW_TCP_SERVER: tcp-02-01-[OTA] Rx keep_alive_ack from sock: 37
W (236614) GW_TCP_SERVER: tcp-01-01-Parse loop: start offset = 31,  remain = 0
W (236624) GW_TCP_SERVER: tcp-01-02-No newline found, waiting for more data, current buffer =  
I (236624) GW_TCP_SERVER: tcp-03-01-compacting buffer : 0
I (241574) GW_TCP_SERVER: tcp-00-01-process stream json from sock:: 37, role = 1, len = 31  rx_len(before)= 0
I (241574) GW_TCP_SERVER: tcp-00-02-after memcopy buffer appended, new rx_len = 0 , buffers = {"msg_type": "keep_alive_ack"}

I (241584) GW_TCP_SERVER: tcp-00-03-before unlocked, new rx_len = 31 , buffers = {"msg_type": "keep_alive_ack"}

I (241594) GW_TCP_SERVER: tcp-00-04-Rx 31 bytes from client 37 ::{"msg_type": "keep_alive_ack"}
 , 
W (241604) GW_TCP_SERVER: tcp-01-01-Parse loop: start offset = 0,  remain = 31
W (241604) GW_TCP_SERVER: tcp-01-02-No newline found, waiting for more data, current buffer = {"msg_type": "keep_alive_ack"}
 
I (241624) GW_TCP_SERVER: tcp-01-04-Rx JSON from sock 37 :: {"msg_type": "keep_alive_ack"}
I (241624) GW_TCP_SERVER: tcp-02-01-[OTA] Rx keep_alive_ack from sock: 37
W (241634) GW_TCP_SERVER: tcp-01-01-Parse loop: start offset = 31,  remain = 0
W (241644) GW_TCP_SERVER: tcp-01-02-No newline found, waiting for more data, current buffer =  
I (241654) GW_TCP_SERVER: tcp-03-01-compacting buffer : 0
I (246554) GW_TCP_SERVER: tcp-00-01-process stream json from sock:: 37, role = 1, len = 31  rx_len(before)= 0
I (246554) GW_TCP_SERVER: tcp-00-02-after memcopy buffer appended, new rx_len = 0 , buffers = {"msg_type": "keep_alive_ack"}

I (246564) GW_TCP_SERVER: tcp-00-03-before unlocked, new rx_len = 31 , buffers = {"msg_type": "keep_alive_ack"}

I (246574) GW_TCP_SERVER: tcp-00-04-Rx 31 bytes from client 37 ::{"msg_type": "keep_alive_ack"}
 , 
W (246584) GW_TCP_SERVER: tcp-01-01-Parse loop: start offset = 0,  remain = 31
W (246584) GW_TCP_SERVER: tcp-01-02-No newline found, waiting for more data, current buffer = {"msg_type": "keep_alive_ack"}
 
I (246594) GW_TCP_SERVER: tcp-01-04-Rx JSON from sock 37 :: {"msg_type": "keep_alive_ack"}
I (246604) GW_TCP_SERVER: tcp-02-01-[OTA] Rx keep_alive_ack from sock: 37
W (246614) GW_TCP_SERVER: tcp-01-01-Parse loop: start offset = 31,  remain = 0
W (246624) GW_TCP_SERVER: tcp-01-02-No newline found, waiting for more data, current buffer =  
I (246624) GW_TCP_SERVER: tcp-03-01-compacting buffer : 0
I (251554) GW_TCP_SERVER: tcp-00-01-process stream json from sock:: 37, role = 1, len = 31  rx_len(before)= 0
I (251554) GW_TCP_SERVER: tcp-00-02-after memcopy buffer appended, new rx_len = 0 , buffers = {"msg_type": "keep_alive_ack"}

I (251564) GW_TCP_SERVER: tcp-00-03-before unlocked, new rx_len = 31 , buffers = {"msg_type": "keep_alive_ack"}

I (251574) GW_TCP_SERVER: tcp-00-04-Rx 31 bytes from client 37 ::{"msg_type": "keep_alive_ack"}
 , 
W (251584) GW_TCP_SERVER: tcp-01-01-Parse loop: start offset = 0,  remain = 31
W (251594) GW_TCP_SERVER: tcp-01-02-No newline found, waiting for more data, current buffer = {"msg_type": "keep_alive_ack"}
 
I (251604) GW_TCP_SERVER: tcp-01-04-Rx JSON from sock 37 :: {"msg_type": "keep_alive_ack"}
I (251604) GW_TCP_SERVER: tcp-02-01-[OTA] Rx keep_alive_ack from sock: 37
W (251614) GW_TCP_SERVER: tcp-01-01-Parse loop: start offset = 31,  remain = 0
W (251624) GW_TCP_SERVER: tcp-01-02-No newline found, waiting for more data, current buffer =  
I (251634) GW_TCP_SERVER: tcp-03-01-compacting buffer : 0
I (256554) GW_TCP_SERVER: tcp-00-01-process stream json from sock:: 37, role = 1, len = 31  rx_len(before)= 0
I (256554) GW_TCP_SERVER: tcp-00-02-after memcopy buffer appended, new rx_len = 0 , buffers = {"msg_type": "keep_alive_ack"}

I (256564) GW_TCP_SERVER: tcp-00-03-before unlocked, new rx_len = 31 , buffers = {"msg_type": "keep_alive_ack"}