client build log

/Users/maochun/esp32prj/Project_CAM/branch/ota_Client/ota_client/handler/ota_handler/ota_handler.c: In function 'client_send_ota_result':
/Users/maochun/esp32prj/Project_CAM/branch/ota_Client/ota_client/handler/ota_handler/ota_handler.c:113:19: warning: unused variable 'ret' [-Wunused-variable]
  113 |         esp_err_t ret = tcp_client_send(json_str);
      |                   ^~~
/Users/maochun/esp32prj/Project_CAM/branch/ota_Client/ota_client/handler/ota_handler/ota_handler.c: In function 'send_json_gw':
/Users/maochun/esp32prj/Project_CAM/branch/ota_Client/ota_client/handler/ota_handler/ota_handler.c:132:5: error: too many arguments to function 'cJSON_AddObjectToObject'; expected 2, have 3
  132 |     cJSON_AddObjectToObject(progress, "state", "DWLD_DONE");
      |     ^~~~~~~~~~~~~~~~~~~~~~~                    ~~~~~~~~~~~
In file included from /Users/maochun/esp32prj/Project_CAM/branch/ota_Client/ota_client/handler/ota_handler/ota_handler.c:4:
/Users/maochun/esp32prj/Project_CAM/branch/ota_Client/ota_client/utility/cJSON/cJSON.h:277:22: note: declared here
  277 | CJSON_PUBLIC(cJSON*) cJSON_AddObjectToObject(cJSON * const object, const char * const name);
      |                      ^~~~~~~~~~~~~~~~~~~~~~~
/Users/maochun/esp32prj/Project_CAM/branch/ota_Client/ota_client/handler/ota_handler/ota_handler.c: In function 'ota_handler_process':
/Users/maochun/esp32prj/Project_CAM/branch/ota_Client/ota_client/handler/ota_handler/ota_handler.c:153:5: error: implicit declaration of function 'ota_set_flag'; did you mean 'ota_set_flag_task'? [-Wimplicit-function-declaration]
  153 |     ota_set_flag(true);
      |     ^~~~~~~~~~~~
      |     ota_set_flag_task
/Users/maochun/esp32prj/Project_CAM/branch/ota_Client/ota_client/handler/ota_handler/ota_handler.c:156:12: warning: unused variable 'progress' [-Wunused-variable]
  156 |     cJSON *progress = cJSON_CreateObject();
      |            ^~~~~~~~
/Users/maochun/esp32prj/Project_CAM/branch/ota_Client/ota_client/handler/ota_handler/ota_handler.c: In function 'client_send_ota_result':
/Users/maochun/esp32prj/Project_CAM/branch/ota_Client/ota_client/handler/ota_handler/ota_handler.c:120:1: error: control reaches end of non-void function [-Werror=return-type]
  120 | }
      | ^
/Users/maochun/esp32prj/Project_CAM/branch/ota_Client/ota_client/handler/ota_handler/ota_handler.c: At top level:
/Users/maochun/esp32prj/Project_CAM/branch/ota_Client/ota_client/handler/ota_handler/ota_handler.c:57:13: warning: 'ota_set_flag_task' defined but not used [-Wunused-function]
   57 | static void ota_set_flag_task(const char *task_id) {
      |             ^~~~~~~~~~~~~~~~~