
I (111564) GW_TCP_SERVER: Rx JSON from sock 41 :: {"msg_type":"keep_alive_ack"}
I (111574) GW_TCP_SERVER: [CLIENT] Rx keep_alive_ack from sock: 41
I (114054) GW_TCP_SERVER: Client connected, sock=42, ip=192.168.4.2, port=60631
I (114054) GW_TCP_SERVER: OTA Server socket set: 42
I (114054) GW_TCP_SERVER: Rx 44 bytes from client 42 :::{"msg_type": "hello", "role": "ota_server"}
 , 
I (114064) GW_TCP_SERVER: Rx JSON from sock 42 :: {"msg_type": "hello", "role": "ota_server"}
I (114074) GW_TCP_SERVER: [OTA] Rx msg_type = hello from sock42 
I (114084) GW_MSG_HANDLER: Processing message from sock 42 (role=1): {"msg_type": "hello", "role": "ota_server"}
I (114094) GW_MSG_HANDLER: OTA server hello received on sock 42
I (116564) GW_TCP_SERVER: Rx 31 bytes from client 42 :::{"msg_type": "keep_alive_ack"}
 , 
I (116564) GW_TCP_SERVER: Rx JSON from sock 42 :: {"msg_type": "keep_alive_ack"}
I (116574) GW_TCP_SERVER: [OTA] Rx keep_alive_ack from sock: 42
I (116574) GW_TCP_SERVER: Rx 30 bytes from client 41 :::{"msg_type":"keep_alive_ack"}
 , 
I (116584) GW_TCP_SERVER: Rx JSON from sock 41 :: {"msg_type":"keep_alive_ack"}
I (116594) GW_TCP_SERVER: [CLIENT] Rx keep_alive_ack from sock: 41
I (116684) GW_TCP_SERVER: Rx 256 bytes from client 42 :::{"msg_type": "ota_task", "task_id": "20251210_190316_758", "device_name": "Veh1_SCM1", "client_id": "758", "version": "v2.2.0", "firmware_url": "https://192.168.4.2:8080/firmware/ota_client_v2.2.0.bin", "timestamp": "20251210_190316", "status": "pending"}
 , 
I (116704) GW_TCP_SERVER: Rx JSON from sock 42 :: {"msg_type": "ota_task", "task_id": "20251210_190316_758", "device_name": "Veh1_SCM1", "client_id": "758", "version": "v2.2.0", "firmware_url": "https://192.168.4.2:8080/firmware/ota_client_v2.2.0.bin", "timestamp": "20251210_190316", "status": "pending"}
I (116724) GW_TCP_SERVER: [OTA] Rx msg_type = ota_task from sock42 
I (116734) GW_MSG_HANDLER: Processing message from sock 42 (role=1): {"msg_type": "ota_task", "task_id": "20251210_190316_758", "device_name": "Veh1_SCM1", "client_id": "758", "version": "v2.2.0", "firmware_url": "https://192.168.4.2:8080/firmware/ota_client_v2.2.0.bin", "timestamp": "20251210_190316", "status": "pending"}
I (116764) GW_MSG_HANDLER: GW Rx ota task, schedule delay dispatch to otaapp 
I (121564) GW_TCP_SERVER: Rx 31 bytes from client 42 :::{"msg_type": "keep_alive_ack"}
 , 
I (121564) GW_TCP_SERVER: Rx JSON from sock 42 :: {"msg_type": "keep_alive_ack"}
I (121564) GW_TCP_SERVER: [OTA] Rx keep_alive_ack from sock: 42
I (121574) GW_TCP_SERVER: Rx 30 bytes from client 41 :::{"msg_type":"keep_alive_ack"}
 , 
I (121584) GW_TCP_SERVER: Rx JSON from sock 41 :: {"msg_type":"keep_alive_ack"}
I (121584) GW_TCP_SERVER: [CLIENT] Rx keep_alive_ack from sock: 41
I (122424) OTA_APP_MGMT: Sending OTA task to client 758 (IP=192.168.4.3): {"msg_type":"ota_task","task_id":"20251210_190316_758","device_name":"Veh1_SCM1","client_id":"758","version":"v2.2.0","firmware_url":"https://192.168.4.2:8080/firmware/ota_client_v2.2.0.bin","features":"","user_response":"User_Accept"},  UI response: User_Accept
I (122444) OTA_APP_MGMT: Client 758 state updated to UPDATING
I (122494) GW_TCP_SERVER: Rx 80 bytes from client 41 :::{"msg_type":"ota_progress","task_id":"20251210_190316_758","state":"DWLD_DONE"}
 , 
I (122494) GW_TCP_SERVER: Rx JSON from sock 41 :: {"msg_type":"ota_progress","task_id":"20251210_190316_758","state":"DWLD_DONE"}
I (122504) GW_TCP_SERVER: [CLIENT] Rx msg_type = ota_progress from sock41 
I (122514) GW_MSG_HANDLER: Processing message from sock 41 (role=2): {"msg_type":"ota_progress","task_id":"20251210_190316_758","state":"DWLD_DONE"}
I (122524) OTA_APP_MGMT: OTA module Rx Client send download finish signal
I (122534) GW_MSG_HANDLER: msg_handler tx the ota_progress to otaapp finished
I (126564) GW_TCP_SERVER: Rx 31 bytes from client 42 :::{"msg_type": "keep_alive_ack"}
 , 
I (126564) GW_TCP_SERVER: Rx JSON from sock 42 :: {"msg_type": "keep_alive_ack"}
I (126564) GW_TCP_SERVER: [OTA] Rx keep_alive_ack from sock: 42
I (131564) GW_TCP_SERVER: Rx 31 bytes from client 42 :::{"msg_type": "keep_alive_ack"}
 , 
I (131564) GW_TCP_SERVER: Rx JSON from sock 42 :: {"msg_type": "keep_alive_ack"}
I (131564) GW_TCP_SERVER: [OTA] Rx keep_alive_ack from sock: 42
I (136564) GW_TCP_SERVER: Rx 31 bytes from client 42 :::{"msg_type": "keep_alive_ack"}
 , 
I (136564) GW_TCP_SERVER: Rx JSON from sock 42 :: {"msg_type": "keep_alive_ack"}
I (136574) GW_TCP_SERVER: [OTA] Rx keep_alive_ack from sock: 42
W (137544) GW_TCP_SERVER: Sock 41 timed out (no keep_alive_ack), closing
I (137544) GW_TCP_SERVER: Closing client socket 41
I (139384) wifi:station: 1c:db:d4:af:1f:60 leave, AID = 2, reason = 8, bss_flags is 756835, bss:0x3c0d2560
I (139384) wifi:new:<1,0>, old:<1,0>, ap:<1,0>, sta:<255,255>, prof:1, snd_ch_cfg:0x0
I (139394) wifi:<ba-del>idx:4, tid:0
I (140084) wifi:new:<1,0>, old:<1,0>, ap:<1,0>, sta:<255,255>, prof:1, snd_ch_cfg:0x0
I (140084) wifi:station: 1c:db:d4:af:1f:60 join, AID=2, bgn, 20
I (140144) esp_netif_lwip: DHCP server assigned IP to a client, IP is: 192.168.4.3
I (141184) wifi:<ba-add>idx:4 (ifx:1, 1c:db:d4:af:1f:60), tid:0, ssn:0, winSize:64
I (141194) GW_TCP_SERVER: Client connected, sock=41, ip=192.168.4.3, port=50701
I (141214) GW_TCP_SERVER: Rx 131 bytes from client 41 :::{"msg_type":"register","device_name":"Veh1_SCM1","client_id":"758","mac":"1C:DB:D4:AF:1F:60","version":"1.1.0","ip":"192.168.4.3"}
 , 
I (141214) GW_TCP_SERVER: Rx JSON from sock 41 :: {"msg_type":"register","device_name":"Veh1_SCM1","client_id":"758","mac":"1C:DB:D4:AF:1F:60","version":"1.1.0","ip":"192.168.4.3"}
I (141234) GW_TCP_SERVER: [CLIENT] Rx msg_type = register from sock41 
I (141244) GW_MSG_HANDLER: Processing message from sock 41 (role=2): {"msg_type":"register","device_name":"Veh1_SCM1","client_id":"758","mac":"1C:DB:D4:AF:1F:60","version":"1.1.0","ip":"192.168.4.3"}
I (141254) CLIENT_REGISTER: Saving client register: name=Veh1_SCM1, id=758, mac=1C:DB:D4:AF:1F:60, ip=192.168.4.3, ver=1.1.0, sock=41
I (141404) GW_TCP_SERVER: Rx 77 bytes from client 41 :::{"msg_type":"ota_result","task_id":"20251210_190316_758","state":"complete"}
 , 
I (141404) GW_TCP_SERVER: Rx JSON from sock 41 :: {"msg_type":"ota_result","task_id":"20251210_190316_758","state":"complete"}
I (141414) GW_TCP_SERVER: [CLIENT] Rx msg_type = ota_result from sock41 
I (141424) GW_MSG_HANDLER: Processing message from sock 41 (role=2): {"msg_type":"ota_result","task_id":"20251210_190316_758","state":"complete"}
I (141564) GW_TCP_SERVER: Rx 31 bytes from client 42 :::{"msg_type": "keep_alive_ack"}
 , 
I (141564) GW_TCP_SERVER: Rx JSON from sock 42 :: {"msg_type": "keep_alive_ack"}
I (141564) GW_TCP_SERVER: [OTA] Rx keep_alive_ack from sock: 42
I (141574) GW_TCP_SERVER: Rx 30 bytes from client 41 :::{"msg_type":"keep_alive_ack"}
 , 
I (141584) GW_TCP_SERVER: Rx JSON from sock 41 :: {"msg_type":"keep_alive_ack"}
I (141584) GW_TCP_SERVER: [CLIENT] Rx keep_alive_ack from sock: 41
I (146564) GW_TCP_SERVER: Rx 31 bytes from client 42 :::{"msg_type": "keep_alive_ack"}
 , 
I (146564) GW_TCP_SERVER: Rx JSON from sock 42 :: {"msg_type": "keep_alive_ack"}
I (146564) GW_TCP_SERVER: [OTA] Rx keep_alive_ack from sock: 42
I (146574) GW_TCP_SERVER: Rx 30 bytes from client 41 :::{"msg_type":"keep_alive_ack"}
 , 
I (146584) GW_TCP_SERVER: Rx JSON from sock 41 :: {"msg_type":"keep_alive_ack"}
I (146584) GW_TCP_SERVER: [CLIENT] Rx keep_alive_ack from sock: 41



State: idle Progress:  0 app.js:30:15
State: idle Progress:  0 app.js:30:15
State: idle Progress:  0 app.js:30:15
State: idle Progress:  0 app.js:30:15
State: idle Progress:  0 app.js:30:15
State: idle Progress:  0 app.js:30:15
State: idle Progress:  0 app.js:30:15
State: idle Progress:  0 app.js:30:15
State: idle Progress:  0 app.js:30:15
State: idle Progress:  0 app.js:30:15
State: idle Progress:  0 app.js:30:15
State: idle Progress:  0 app.js:30:15
State: idle Progress:  0 app.js:30:15
State: idle Progress:  0 app.js:30:15
State: idle Progress:  0 app.js:30:15
State: idle Progress:  0 app.js:30:15
State: idle Progress:  0 app.js:30:15
State: idle Progress:  0 app.js:30:15
State: idle Progress:  0 app.js:30:15
State: idle Progress:  0 app.js:30:15
State: idle Progress:  0 app.js:30:15
State: idle Progress:  0 app.js:30:15
State: idle Progress:  0 app.js:30:15
State: idle Progress:  0 app.js:30:15
State: idle Progress:  0 app.js:30:15
State: idle Progress:  0 app.js:30:15
State: idle Progress:  0 app.js:30:15
State: idle Progress:  0 app.js:30:15
State: idle Progress:  0 app.js:30:15
State: idle Progress:  0 app.js:30:15
State: idle Progress:  0 app.js:30:15
State: idle Progress:  0 app.js:30:15
State: idle Progress:  0 app.js:30:15
State: idle Progress:  0 app.js:30:15
State: idle Progress:  0 app.js:30:15
State: idle Progress:  0 app.js:30:15
State: idle Progress:  0 app.js:30:15
State: idle Progress:  0 app.js:30:15
State: idle Progress:  0 app.js:30:15
State: idle Progress:  0 app.js:30:15
State: idle Progress:  0 app.js:30:15
State: idle Progress:  0 app.js:30:15
State: idle Progress:  0 app.js:30:15
State: idle Progress:  0 app.js:30:15
State: idle Progress:  0 app.js:30:15
State: idle Progress:  0 app.js:30:15
State: idle Progress:  0 app.js:30:15
State: idle Progress:  0 app.js:30:15
State: idle Progress:  0 app.js:30:15
State: idle Progress:  0 app.js:30:15
State: idle Progress:  0 app.js:30:15
State: idle Progress:  0 app.js:30:15
State: idle Progress:  0 app.js:30:15
State: idle Progress:  0 app.js:30:15
State: idle Progress:  0 app.js:30:15
State: idle Progress:  0 app.js:30:15
State: idle Progress:  0 app.js:30:15
