

I (51644) GW_TCP_SERVER: [OTA] Received keep_alive_ack from sock 38
I (52664) GW_MSG_HANDLER: Delayed dispatch: sending task 20251207_113504_758 to client 758
I (52664) OTA_APP_MGMT: Sending OTA task to client 758 (IP=192.168.4.3): {"msg_type":"ota_task","task_id":"20251207_113504_758","device_name":"Veh1_SCM1","client_id":"758","version":"v2.1.4","firmware_url":"https://192.168.4.2:8080/firmware/firmware_v2.1.4Guru Meditation Error: Core  0 panic'ed (LoadProhibited). Exception was unhandled.

Core  0 register dump:
PC      : 0x400556d5  PS      : 0x00060f30  A0      : 0x8208e815  A1      : 0x3fcc6490  
--- 0x400556d5: strlen in ROM
A2      : 0x00000000  A3      : 0xfffffffc  A4      : 0x000000ff  A5      : 0x0000ff00  
A6      : 0x00ff0000  A7      : 0xff000000  A8      : 0x00000000  A9      : 0x3fcc6450  
A10     : 0x00000000  A11     : 0x3fcc66d4  A12     : 0x3fcc66a4  A13     : 0x00000001  
A14     : 0x00000026  A15     : 0x3fca79ef  SAR     : 0x0000001c  EXCCAUSE: 0x0000001c  
EXCVADDR: 0x00000000  LBEG    : 0x400556d5  LEND    : 0x400556e5  LCOUNT  : 0xffffffff  
--- 0x400556d5: strlen in ROM
--- 0x400556e5: strlen in ROM


Backtrace: 0x400556d2:0x3fcc6490 0x4208e812:0x3fcc64a0 0x4208619d:0x3fcc67c0 0x40382223:0x3fcc67f0 0x4200dd64:0x3fcc6850 0x4200ccc5:0x3fcc6880 0x4209a45e:0x3fcc68b0
--- 0x400556d2: strlen in ROM
--- 0x4208e812: _vfprintf_r at /builds/idf/crosstool-NG/.build/xtensa-esp-elf/src/newlib/newlib/libc/stdio/vfprintf.c:1278
--- 0x4208619d: vprintf at /builds/idf/crosstool-NG/.build/xtensa-esp-elf/src/newlib/newlib/libc/stdio/vprintf.c:34
--- 0x40382223: esp_log_va at /Users/maochun/esp32prj/esp-idf/components/log/src/log.c:43
--- (inlined by) esp_log at /Users/maochun/esp32prj/esp-idf/components/log/src/log.c:88
--- 0x4200dd64: ota_dispatch_send_task at /Users/maochun/esp32prj/Project_CAM/branch/ota_GW/ota_gw/app/otaapp/otaapp.c:154
--- 0x4200ccc5: delayed_send_task at /Users/maochun/esp32prj/Project_CAM/branch/ota_GW/ota_gw/handler/msg_handler/msg_handler.c:42
--- 0x4209a45e: vPortTaskWrapper at /Users/maochun/esp32prj/esp-idf/components/freertos/FreeRTOS-Kernel/portable/xtensa/port.c:139

